ARM Linker, 5.03 [Build 76] [MDK-ARM Standard]

==============================================================================

Section Cross References

    system_nuc472_442.o(.text) refers to clk.o(.text) for CLK_GetPLLClockFreq
    system_nuc472_442.o(.text) refers to system_nuc472_442.o(.data) for .data
    startup_nuc472_442.o(RESET) refers to startup_nuc472_442.o(STACK) for __initial_sp
    startup_nuc472_442.o(RESET) refers to startup_nuc472_442.o(.text) for Reset_Handler
    startup_nuc472_442.o(RESET) refers to retarget.o(.emb_text) for HardFault_Handler
    startup_nuc472_442.o(RESET) refers to port.o(.emb_text) for SVC_Handler
    startup_nuc472_442.o(RESET) refers to port.o(.text) for SysTick_Handler
    startup_nuc472_442.o(RESET) refers to nuc472_eth.o(.text) for EMAC_TX_IRQHandler
    startup_nuc472_442.o(RESET) refers to main.o(.text) for UART0_IRQHandler
    startup_nuc472_442.o(.text) refers to system_nuc472_442.o(.text) for SystemInit
    startup_nuc472_442.o(.text) refers to entry.o(.ARM.Collect$$$$00000000) for __main
    main.o(.text) refers to uart.o(.text) for UART_Open
    main.o(.text) refers to port.o(.emb_text) for ulPortSetInterruptMask
    main.o(.text) refers to queueset.o(.text) for vQueueSetAccessQueueSetFromISR
    main.o(.text) refers to tcpip.o(.text) for tcpip_init
    main.o(.text) refers to netif.o(.text) for netif_add
    main.o(.text) refers to tcp_echoserver-netconn.o(.text) for server_recv_init
    main.o(.text) refers to serial.o(.text) for serial_init
    main.o(.text) refers to tasks.o(.text) for vTaskSuspend
    main.o(.text) refers to sys.o(.text) for SYS_UnlockReg
    main.o(.text) refers to clk.o(.text) for CLK_EnableXtalRC
    main.o(.text) refers to system_nuc472_442.o(.text) for SystemCoreClockUpdate
    main.o(.text) refers to main.o(.data) for .data
    main.o(.text) refers to main.o(.bss) for .bss
    main.o(.text) refers to ethernetif.o(.text) for ethernetif_init
    tcp_echoserver-netconn.o(.text) refers to serial.o(.text) for SerialSend
    tcp_echoserver-netconn.o(.text) refers to api_lib.o(.text) for netconn_new_with_proto_and_callback
    tcp_echoserver-netconn.o(.text) refers to printf5.o(i.__0printf$5) for __2printf
    tcp_echoserver-netconn.o(.text) refers to netbuf.o(.text) for netbuf_data
    tcp_echoserver-netconn.o(.text) refers to sys_arch.o(.text) for sys_thread_new
    tcp_echoserver-netconn.o(.text) refers to tcp_echoserver-netconn.o(.data) for .data
    serial.o(.text) refers to api_lib.o(.text) for netconn_write_partly
    serial.o(.text) refers to uart.o(.text) for UART_Write
    serial.o(.text) refers to sys_lwip.o(.text) for sys_msleep
    serial.o(.text) refers to sys_arch.o(.text) for sys_thread_new
    serial.o(.text) refers to main.o(.data) for g_u32comShead
    serial.o(.text) refers to main.o(.bss) for g_u8SendData
    serial.o(.text) refers to main.o(.data) for g_u16SerialLen
    serial.o(.text) refers to main.o(.bss) for g_u8SerialBuf
    serial.o(.text) refers to tcp_echoserver-netconn.o(.data) for servConnected
    serial.o(.text) refers to main.o(.bss) for g_u8RecvData
    tasks.o(.text) refers to port.o(.emb_text) for ulPortSetInterruptMask
    tasks.o(.text) refers to heap_2.o(.text) for pvPortMalloc
    tasks.o(.text) refers to memseta.o(.text) for __aeabi_memset
    tasks.o(.text) refers to strncpy.o(.text) for strncpy
    tasks.o(.text) refers to list.o(.text) for vListInitialiseItem
    tasks.o(.text) refers to port.o(.text) for pxPortInitialiseStack
    tasks.o(.text) refers to main.o(.text) for vApplicationTickHook
    tasks.o(.text) refers to tasks.o(.data) for .data
    tasks.o(.text) refers to tasks.o(.bss) for .bss
    tasks.o(.text) refers to memcmp.o(.text) for memcmp
    tasks.o(.text) refers to timers.o(.text) for xTimerCreateTimerTask
    tasks.o(.text) refers to printf5.o(i.__0sprintf$5) for __2sprintf
    tasks.o(.text) refers to strcat.o(.text) for strcat
    tasks.o(.text) refers to tasks.o(.constdata) for .constdata
    timers.o(.text) refers to list.o(.text) for vListInsert
    timers.o(.text) refers to queue.o(.text) for xQueueGenericSendFromISR
    timers.o(.text) refers to tasks.o(.text) for xTaskGetSchedulerState
    timers.o(.text) refers to port.o(.text) for vPortEnterCritical
    timers.o(.text) refers to port.o(.emb_text) for ulPortSetInterruptMask
    timers.o(.text) refers to heap_2.o(.text) for pvPortMalloc
    timers.o(.text) refers to timers.o(.data) for .data
    timers.o(.text) refers to timers.o(.bss) for .bss
    heap_2.o(.text) refers to tasks.o(.text) for vTaskSuspendAll
    heap_2.o(.text) refers to main.o(.text) for vApplicationMallocFailedHook
    heap_2.o(.text) refers to heap_2.o(.data) for .data
    heap_2.o(.text) refers to heap_2.o(.bss) for .bss
    port.o(.emb_text) refers to tasks.o(.text) for vTaskSwitchContext
    port.o(.emb_text) refers to tasks.o(.data) for pxCurrentTCB
    port.o(.text) refers to port.o(.emb_text) for __asm___6_port_c_39a90d8d__prvEnableVFP
[...]
    .data                                    0x200000b0   Section       44  queueset.o(.data)
    ulCycleCounter                           0x200000b0   Data           4  queueset.o(.data)
    xQueueSetTasksStatus                     0x200000b4   Data           4  queueset.o(.data)
    xSetupComplete                           0x200000b8   Data           4  queueset.o(.data)
    ulISRTxValue                             0x200000bc   Data           4  queueset.o(.data)
    ulLastCycleCounter                       0x200000c0   Data           4  queueset.o(.data)
    ulLastISRTxValue                         0x200000c4   Data           4  queueset.o(.data)
    ulCallCount                              0x200000c8   Data           4  queueset.o(.data)
    ulExpectedReceivedFromTask               0x200000cc   Data           4  queueset.o(.data)
    ulExpectedReceivedFromISR                0x200000d0   Data           4  queueset.o(.data)
    xQueueToWriteTo                          0x200000d4   Data           4  queueset.o(.data)
    xQueueSet                                0x200000d8   Data           4  queueset.o(.data)
    .data                                    0x200000dc   Section        4  retarget.o(.data)
    .data                                    0x200000e0   Section        4  sys_arch.o(.data)
    .data                                    0x200000e4   Section        4  ethernetif.o(.data)
    .data                                    0x200000e8   Section       12  nuc472_eth.o(.data)
    .data                                    0x200000f4   Section        4  dhcp.o(.data)
    xid                                      0x200000f4   Data           4  dhcp.o(.data)
    .data                                    0x200000f8   Section       20  dns.o(.data)
    dns_seqno                                0x200000f8   Data           1  dns.o(.data)
    dns_pcb                                  0x200000fc   Data           4  dns.o(.data)
    dns_payload                              0x20000100   Data           4  dns.o(.data)
    dns_servers                              0x20000104   Data           8  dns.o(.data)
    .data                                    0x2000010c   Section       16  mem.o(.data)
    ram                                      0x2000010c   Data           4  mem.o(.data)
    ram_end                                  0x20000110   Data           4  mem.o(.data)
    lfree                                    0x20000114   Data           4  mem.o(.data)
    mem_mutex                                0x20000118   Data           4  mem.o(.data)
    .data                                    0x2000011c   Section       12  netif.o(.data)
    netif_num                                0x2000011c   Data           1  netif.o(.data)
    .data                                    0x20000128   Section        1  pbuf.o(.data)
    .data                                    0x2000012c   Section       36  tcp.o(.data)
    tcp_timer                                0x2000012d   Data           1  tcp.o(.data)
    tcp_timer_ctr                            0x2000012e   Data           1  tcp.o(.data)
    tcp_port                                 0x20000130   Data           2  tcp.o(.data)
    iss                                      0x20000134   Data           4  tcp.o(.data)
    .data                                    0x20000150   Section       28  tcp_in.o(.data)
    flags                                    0x20000150   Data           1  tcp_in.o(.data)
    recv_flags                               0x20000151   Data           1  tcp_in.o(.data)
    tcplen                                   0x20000152   Data           2  tcp_in.o(.data)
    tcphdr                                   0x20000154   Data           4  tcp_in.o(.data)
    iphdr                                    0x20000158   Data           4  tcp_in.o(.data)
    seqno                                    0x2000015c   Data           4  tcp_in.o(.data)
    ackno                                    0x20000160   Data           4  tcp_in.o(.data)
    recv_data                                0x20000164   Data           4  tcp_in.o(.data)
    .data                                    0x2000016c   Section        8  timers_lwip.o(.data)
    next_timeout                             0x2000016c   Data           4  timers_lwip.o(.data)
    tcpip_tcp_timer_active                   0x20000170   Data           4  timers_lwip.o(.data)
    .data                                    0x20000174   Section        8  udp.o(.data)
    udp_port                                 0x20000174   Data           2  udp.o(.data)
    .data                                    0x2000017c   Section       12  igmp.o(.data)
    igmp_group_list                          0x2000017c   Data           4  igmp.o(.data)
    allsystems                               0x20000180   Data           4  igmp.o(.data)
    allrouters                               0x20000184   Data           4  igmp.o(.data)
    .data                                    0x20000188   Section       20  ip.o(.data)
    ip_id                                    0x20000188   Data           2  ip.o(.data)
    .data                                    0x2000019c   Section        8  ip_frag.o(.data)
    ip_reass_pbufcount                       0x2000019c   Data           2  ip_frag.o(.data)
    reassdatagrams                           0x200001a0   Data           4  ip_frag.o(.data)
    .data                                    0x200001a4   Section        8  sockets.o(.data)
    select_cb_list                           0x200001a4   Data           4  sockets.o(.data)
    select_cb_ctr                            0x200001a8   Data           4  sockets.o(.data)
    .data                                    0x200001ac   Section       12  tcpip.o(.data)
    tcpip_init_done                          0x200001ac   Data           4  tcpip.o(.data)
    tcpip_init_done_arg                      0x200001b0   Data           4  tcpip.o(.data)
    mbox                                     0x200001b4   Data           4  tcpip.o(.data)
    .data                                    0x200001b8   Section        1  etharp.o(.data)
    etharp_cached_entry                      0x200001b8   Data           1  etharp.o(.data)
    .data                                    0x200001bc   Section        4  rand.o(.data)
    _rand_state                              0x200001bc   Data           4  rand.o(.data)
    .bss                                     0x200001c0   Section      512  main.o(.bss)
    .bss                                     0x200003c0   Section      568  main.o(.bss)
    .bss                                     0x200005f8   Section      512  main.o(.bss)
    .bss                                     0x200007f8   Section      248  tasks.o(.bss)
    pcStatusString                           0x200007f8   Data          46  tasks.o(.bss)
    pxReadyTasksLists                        0x20000828   Data         100  tasks.o(.bss)
    xDelayedTaskList1                        0x2000088c   Data          20  tasks.o(.bss)
    xDelayedTaskList2                        0x200008a0   Data          20  tasks.o(.bss)
    xPendingReadyList                        0x200008b4   Data          20  tasks.o(.bss)
    xTasksWaitingTermination                 0x200008c8   Data          20  tasks.o(.bss)
    xSuspendedTaskList                       0x200008dc   Data          20  tasks.o(.bss)
    .bss                                     0x200008f0   Section       40  timers.o(.bss)
    xActiveTimerList1                        0x200008f0   Data          20  timers.o(.bss)
    xActiveTimerList2                        0x20000904   Data          20  timers.o(.bss)
    .bss                                     0x20000918   Section    16384  heap_2.o(.bss)
    ucHeap                                   0x20000918   Data       16384  heap_2.o(.bss)
    .bss                                     0x20004918   Section       36  queueset.o(.bss)
    xQueues                                  0x20004918   Data          12  queueset.o(.bss)
    ulQueueUsedCounter                       0x20004924   Data          12  queueset.o(.bss)
    ulLastQueueUsedCounter                   0x20004930   Data          12  queueset.o(.bss)
    .bss                                     0x2000493c   Section       64  queue.o(.bss)
    .bss                                     0x2000497c   Section    12416  nuc472_eth.o(.bss)
    .bss                                     0x200079fc   Section       50  dhcp.o(.bss)
    .bss                                     0x20007a30   Section     1635  dns.o(.bss)
    dns_table                                0x20007a30   Data        1120  dns.o(.bss)
    dns_payload_buffer                       0x20007e90   Data         515  dns.o(.bss)
    .bss                                     0x20008093   Section    16404  mem.o(.bss)
    .bss                                     0x2000c0a8   Section    11407  memp.o(.bss)
    memp_tab                                 0x2000c0a8   Data          56  memp.o(.bss)
    memp_memory                              0x2000c0e0   Data       11351  memp.o(.bss)
    .bss                                     0x2000ed38   Section       20  tcp_in.o(.bss)
    inseg                                    0x2000ed38   Data          20  tcp_in.o(.bss)
    .bss                                     0x2000ed4c   Section       16  ip_addr.o(.bss)
    str                                      0x2000ed4c   Data          16  ip_addr.o(.bss)
    .bss                                     0x2000ed5c   Section       96  sockets.o(.bss)
    sockets                                  0x2000ed5c   Data          96  sockets.o(.bss)
    .bss                                     0x2000edbc   Section      200  etharp.o(.bss)
    arp_table                                0x2000edbc   Data         200  etharp.o(.bss)
    STACK                                    0x2000ee88   Section     2048  startup_nuc472_442.o(STACK)

    Global Symbols

    Symbol Name                              Value     Ov Type        Size  Object(Section)

    BuildAttributes$$THM_ISAv4$E$P$D$K$B$S$7EM$VFPi3$EXTD16$VFPS$VFMA$PE$A:L22UL41UL21$X:L11$S22US41US21$IEEE1$IW$USESV6$~STKCKD$USESV7$~SHL$OSPACE$ROPI$EBA8$MICROLIB$REQ8$PRES8$EABIv2 0x00000000   Number         0  anon$$obj.o ABSOLUTE
    __ARM_use_no_argv                        0x00000000   Number         0  main.o ABSOLUTE
    __Vectors                                0x00000000   Data           4  startup_nuc472_442.o(RESET)
    _printf_a                                0x00000000   Number         0  stubs.o ABSOLUTE
    _printf_c                                0x00000000   Number         0  stubs.o ABSOLUTE
    _printf_charcount                        0x00000000   Number         0  stubs.o ABSOLUTE
    _printf_d                                0x00000000   Number         0  stubs.o ABSOLUTE
    _printf_e                                0x00000000   Number         0  stubs.o ABSOLUTE
    _printf_f                                0x00000000   Number         0  stubs.o ABSOLUTE
    _printf_flags                            0x00000000   Number         0  stubs.o ABSOLUTE
    _printf_fp_dec                           0x00000000   Number         0  stubs.o ABSOLUTE
    _printf_fp_hex                           0x00000000   Number         0  stubs.o ABSOLUTE
    _printf_g                                0x00000000   Number         0  stubs.o ABSOLUTE
    _printf_i                                0x00000000   Number         0  stubs.o ABSOLUTE
    _printf_int_dec                          0x00000000   Number         0  stubs.o ABSOLUTE
    _printf_l                                0x00000000   Number         0  stubs.o ABSOLUTE
    _printf_lc                               0x00000000   Number         0  stubs.o ABSOLUTE
    _printf_ll                               0x00000000   Number         0  stubs.o ABSOLUTE
    _printf_lld                              0x00000000   Number         0  stubs.o ABSOLUTE
    _printf_lli                              0x00000000   Number         0  stubs.o ABSOLUTE
    _printf_llo                              0x00000000   Number         0  stubs.o ABSOLUTE
    _printf_llu                              0x00000000   Number         0  stubs.o ABSOLUTE
    _printf_llx                              0x00000000   Number         0  stubs.o ABSOLUTE
    _printf_longlong_dec                     0x00000000   Number         0  stubs.o ABSOLUTE
    _printf_longlong_hex                     0x00000000   Number         0  stubs.o ABSOLUTE
    _printf_longlong_oct                     0x00000000   Number         0  stubs.o ABSOLUTE
    _printf_ls                               0x00000000   Number         0  stubs.o ABSOLUTE
    _printf_mbtowc                           0x00000000   Number         0  stubs.o ABSOLUTE
    _printf_n                                0x00000000   Number         0  stubs.o ABSOLUTE
    _printf_o                                0x00000000   Number         0  stubs.o ABSOLUTE
    _printf_p                                0x00000000   Number         0  stubs.o ABSOLUTE
    _printf_percent                          0x00000000   Number         0  stubs.o ABSOLUTE
    _printf_pre_padding                      0x00000000   Number         0  stubs.o ABSOLUTE
    _printf_return_value                     0x00000000   Number         0  stubs.o ABSOLUTE
    _printf_s                                0x00000000   Number         0  stubs.o ABSOLUTE
    _printf_sizespec                         0x00000000   Number         0  stubs.o ABSOLUTE
    _printf_str                              0x00000000   Number         0  stubs.o ABSOLUTE
    _printf_truncate_signed                  0x00000000   Number         0  stubs.o ABSOLUTE
    _printf_truncate_unsigned                0x00000000   Number         0  stubs.o ABSOLUTE
    _printf_u                                0x00000000   Number         0  stubs.o ABSOLUTE
    _printf_wc                               0x00000000   Number         0  stubs.o ABSOLUTE
    _printf_wctomb                           0x00000000   Number         0  stubs.o ABSOLUTE
    _printf_widthprec                        0x00000000   Number         0  stubs.o ABSOLUTE
    _printf_x                                0x00000000   Number         0  stubs.o ABSOLUTE
    __cpp_initialize__aeabi_                  - Undefined Weak Reference
    __cxa_finalize                            - Undefined Weak Reference
    _clock_init                               - Undefined Weak Reference
    _microlib_exit                            - Undefined Weak Reference
    __Vectors_End                            0x00000278   Data           0  startup_nuc472_442.o(RESET)
    __Vectors_Size                           0x00000278   Number         0  startup_nuc472_442.o ABSOLUTE
    __main                                   0x00000279   Thumb Code     0  entry.o(.ARM.Collect$$$$00000000)
    _main_stk                                0x00000279   Thumb Code     0  entry2.o(.ARM.Collect$$$$00000001)
    _main_scatterload                        0x0000027d   Thumb Code     0  entry5.o(.ARM.Collect$$$$00000004)
    __main_after_scatterload                 0x00000281   Thumb Code     0  entry5.o(.ARM.Collect$$$$00000004)
    _main_clock                              0x00000281   Thumb Code     0  entry7b.o(.ARM.Collect$$$$00000008)
    _main_cpp_init                           0x00000281   Thumb Code     0  entry8b.o(.ARM.Collect$$$$0000000A)
    _main_init                               0x00000281   Thumb Code     0  entry9a.o(.ARM.Collect$$$$0000000B)
    __rt_final_cpp                           0x00000289   Thumb Code     0  entry10a.o(.ARM.Collect$$$$0000000D)
    __rt_final_exit                          0x00000289   Thumb Code     0  entry11a.o(.ARM.Collect$$$$0000000F)
    SVC_Handler                              0x0000028d   Thumb Code    24  port.o(.emb_text)
    __asm___6_port_c_39a90d8d__prvStartFirstTask 0x000002a9   Thumb Code    16  port.o(.emb_text)
    __asm___6_port_c_39a90d8d__prvEnableVFP  0x000002bd   Thumb Code    16  port.o(.emb_text)
    PendSV_Handler                           0x000002d1   Thumb Code    76  port.o(.emb_text)
    ulPortSetInterruptMask                   0x00000321   Thumb Code    14  port.o(.emb_text)
    vPortClearInterruptMask                  0x0000032f   Thumb Code     6  port.o(.emb_text)
    HardFault_Handler                        0x00000335   Thumb Code    24  retarget.o(.emb_text)
    SystemCoreClockUpdate                    0x00000351   Thumb Code    64  system_nuc472_442.o(.text)
    SystemInit                               0x00000391   Thumb Code   164  system_nuc472_442.o(.text)
    Reset_Handler                            0x00000449   Thumb Code    40  startup_nuc472_442.o(.text)
    NMI_Handler                              0x00000471   Thumb Code     2  startup_nuc472_442.o(.text)
    MemManage_Handler                        0x00000475   Thumb Code     2  startup_nuc472_442.o(.text)
    BusFault_Handler                         0x00000477   Thumb Code     2  startup_nuc472_442.o(.text)
    UsageFault_Handler                       0x00000479   Thumb Code     2  startup_nuc472_442.o(.text)
    DebugMon_Handler                         0x0000047d   Thumb Code     2  startup_nuc472_442.o(.text)
    ACMP_IRQHandler                          0x00000483   Thumb Code     0  startup_nuc472_442.o(.text)
    ADC_IRQHandler                           0x00000483   Thumb Code     0  startup_nuc472_442.o(.text)
    BOD_IRQHandler                           0x00000483   Thumb Code     0  startup_nuc472_442.o(.text)
    CAN0_IRQHandler                          0x00000483   Thumb Code     0  startup_nuc472_442.o(.text)
    CAN1_IRQHandler                          0x00000483   Thumb Code     0  startup_nuc472_442.o(.text)
    CAP_IRQHandler                           0x00000483   Thumb Code     0  startup_nuc472_442.o(.text)
    CLKF_IRQHandler                          0x00000483   Thumb Code     0  startup_nuc472_442.o(.text)
    CRC_IRQHandler                           0x00000483   Thumb Code     0  startup_nuc472_442.o(.text)
    CRYPTO_IRQHandler                        0x00000483   Thumb Code     0  startup_nuc472_442.o(.text)
    EADC0_IRQHandler                         0x00000483   Thumb Code     0  startup_nuc472_442.o(.text)
    EADC1_IRQHandler                         0x00000483   Thumb Code     0  startup_nuc472_442.o(.text)
    EADC2_IRQHandler                         0x00000483   Thumb Code     0  startup_nuc472_442.o(.text)
    EADC3_IRQHandler                         0x00000483   Thumb Code     0  startup_nuc472_442.o(.text)
    EINT0_IRQHandler                         0x00000483   Thumb Code     0  startup_nuc472_442.o(.text)
    EINT1_IRQHandler                         0x00000483   Thumb Code     0  startup_nuc472_442.o(.text)
    EINT2_IRQHandler                         0x00000483   Thumb Code     0  startup_nuc472_442.o(.text)
    EINT3_IRQHandler                         0x00000483   Thumb Code     0  startup_nuc472_442.o(.text)
    EINT4_IRQHandler                         0x00000483   Thumb Code     0  startup_nuc472_442.o(.text)
    EINT5_IRQHandler                         0x00000483   Thumb Code     0  startup_nuc472_442.o(.text)
    EINT6_IRQHandler                         0x00000483   Thumb Code     0  startup_nuc472_442.o(.text)
    EINT7_IRQHandler                         0x00000483   Thumb Code     0  startup_nuc472_442.o(.text)
    EPWM0BRK_IRQHandler                      0x00000483   Thumb Code     0  startup_nuc472_442.o(.text)
    EPWM0_IRQHandler                         0x00000483   Thumb Code     0  startup_nuc472_442.o(.text)
    EPWM1BRK_IRQHandler                      0x00000483   Thumb Code     0  startup_nuc472_442.o(.text)
    EPWM1_IRQHandler                         0x00000483   Thumb Code     0  startup_nuc472_442.o(.text)
    GPA_IRQHandler                           0x00000483   Thumb Code     0  startup_nuc472_442.o(.text)
    GPB_IRQHandler                           0x00000483   Thumb Code     0  startup_nuc472_442.o(.text)
    GPC_IRQHandler                           0x00000483   Thumb Code     0  startup_nuc472_442.o(.text)
    GPD_IRQHandler                           0x00000483   Thumb Code     0  startup_nuc472_442.o(.text)
    GPE_IRQHandler                           0x00000483   Thumb Code     0  startup_nuc472_442.o(.text)
    GPF_IRQHandler                           0x00000483   Thumb Code     0  startup_nuc472_442.o(.text)
    GPG_IRQHandler                           0x00000483   Thumb Code     0  startup_nuc472_442.o(.text)
    GPH_IRQHandler                           0x00000483   Thumb Code     0  startup_nuc472_442.o(.text)
    GPI_IRQHandler                           0x00000483   Thumb Code     0  startup_nuc472_442.o(.text)
    I2C0_IRQHandler                          0x00000483   Thumb Code     0  startup_nuc472_442.o(.text)
    I2C1_IRQHandler                          0x00000483   Thumb Code     0  startup_nuc472_442.o(.text)
    I2C2_IRQHandler                          0x00000483   Thumb Code     0  startup_nuc472_442.o(.text)
    I2C3_IRQHandler                          0x00000483   Thumb Code     0  startup_nuc472_442.o(.text)
    I2C4_IRQHandler                          0x00000483   Thumb Code     0  startup_nuc472_442.o(.text)
    I2S0_IRQHandler                          0x00000483   Thumb Code     0  startup_nuc472_442.o(.text)
    I2S1_IRQHandler                          0x00000483   Thumb Code     0  startup_nuc472_442.o(.text)
    ICAP0_IRQHandler                         0x00000483   Thumb Code     0  startup_nuc472_442.o(.text)
    ICAP1_IRQHandler                         0x00000483   Thumb Code     0  startup_nuc472_442.o(.text)
    IRC_IRQHandler                           0x00000483   Thumb Code     0  startup_nuc472_442.o(.text)
    OPA0_IRQHandler                          0x00000483   Thumb Code     0  startup_nuc472_442.o(.text)
    OPA1_IRQHandler                          0x00000483   Thumb Code     0  startup_nuc472_442.o(.text)
    PDMA_IRQHandler                          0x00000483   Thumb Code     0  startup_nuc472_442.o(.text)
    PS2D_IRQHandler                          0x00000483   Thumb Code     0  startup_nuc472_442.o(.text)
    PWM0CH0_IRQHandler                       0x00000483   Thumb Code     0  startup_nuc472_442.o(.text)
    PWM0CH1_IRQHandler                       0x00000483   Thumb Code     0  startup_nuc472_442.o(.text)
    PWM0CH2_IRQHandler                       0x00000483   Thumb Code     0  startup_nuc472_442.o(.text)
    PWM0CH3_IRQHandler                       0x00000483   Thumb Code     0  startup_nuc472_442.o(.text)
    PWM0CH4_IRQHandler                       0x00000483   Thumb Code     0  startup_nuc472_442.o(.text)
    PWM0CH5_IRQHandler                       0x00000483   Thumb Code     0  startup_nuc472_442.o(.text)
    PWM0_BRK_IRQHandler                      0x00000483   Thumb Code     0  startup_nuc472_442.o(.text)
    PWM1CH0_IRQHandler                       0x00000483   Thumb Code     0  startup_nuc472_442.o(.text)
    PWM1CH1_IRQHandler                       0x00000483   Thumb Code     0  startup_nuc472_442.o(.text)
    PWM1CH2_IRQHandler                       0x00000483   Thumb Code     0  startup_nuc472_442.o(.text)
    PWM1CH3_IRQHandler                       0x00000483   Thumb Code     0  startup_nuc472_442.o(.text)
    PWM1CH4_IRQHandler                       0x00000483   Thumb Code     0  startup_nuc472_442.o(.text)
    PWM1CH5_IRQHandler                       0x00000483   Thumb Code     0  startup_nuc472_442.o(.text)
    PWM1_BRK_IRQHandler                      0x00000483   Thumb Code     0  startup_nuc472_442.o(.text)
    PWRWU_IRQHandler                         0x00000483   Thumb Code     0  startup_nuc472_442.o(.text)
    QEI0_IRQHandler                          0x00000483   Thumb Code     0  startup_nuc472_442.o(.text)
    QEI1_IRQHandler                          0x00000483   Thumb Code     0  startup_nuc472_442.o(.text)
    RTC_IRQHandler                           0x00000483   Thumb Code     0  startup_nuc472_442.o(.text)
    SC0_IRQHandler                           0x00000483   Thumb Code     0  startup_nuc472_442.o(.text)
    SC1_IRQHandler                           0x00000483   Thumb Code     0  startup_nuc472_442.o(.text)
    SC2_IRQHandler                           0x00000483   Thumb Code     0  startup_nuc472_442.o(.text)
    SC3_IRQHandler                           0x00000483   Thumb Code     0  startup_nuc472_442.o(.text)
    SC4_IRQHandler                           0x00000483   Thumb Code     0  startup_nuc472_442.o(.text)
    SC5_IRQHandler                           0x00000483   Thumb Code     0  startup_nuc472_442.o(.text)
    SD_IRQHandler                            0x00000483   Thumb Code     0  startup_nuc472_442.o(.text)
    SPI0_IRQHandler                          0x00000483   Thumb Code     0  startup_nuc472_442.o(.text)
    SPI1_IRQHandler                          0x00000483   Thumb Code     0  startup_nuc472_442.o(.text)
    SPI2_IRQHandler                          0x00000483   Thumb Code     0  startup_nuc472_442.o(.text)
    SPI3_IRQHandler                          0x00000483   Thumb Code     0  startup_nuc472_442.o(.text)
    SRAMF_IRQHandler                         0x00000483   Thumb Code     0  startup_nuc472_442.o(.text)
    TAMPER_IRQHandler                        0x00000483   Thumb Code     0  startup_nuc472_442.o(.text)
    TMR0_IRQHandler                          0x00000483   Thumb Code     0  startup_nuc472_442.o(.text)
    TMR1_IRQHandler                          0x00000483   Thumb Code     0  startup_nuc472_442.o(.text)
    TMR2_IRQHandler                          0x00000483   Thumb Code     0  startup_nuc472_442.o(.text)
    TMR3_IRQHandler                          0x00000483   Thumb Code     0  startup_nuc472_442.o(.text)
    UART1_IRQHandler                         0x00000483   Thumb Code     0  startup_nuc472_442.o(.text)
    UART2_IRQHandler                         0x00000483   Thumb Code     0  startup_nuc472_442.o(.text)
    UART3_IRQHandler                         0x00000483   Thumb Code     0  startup_nuc472_442.o(.text)
    UART4_IRQHandler                         0x00000483   Thumb Code     0  startup_nuc472_442.o(.text)
    UART5_IRQHandler                         0x00000483   Thumb Code     0  startup_nuc472_442.o(.text)
    USBD_IRQHandler                          0x00000483   Thumb Code     0  startup_nuc472_442.o(.text)
    USBH_IRQHandler                          0x00000483   Thumb Code     0  startup_nuc472_442.o(.text)
    USB_OTG_IRQHandler                       0x00000483   Thumb Code     0  startup_nuc472_442.o(.text)
    WDT_IRQHandler                           0x00000483   Thumb Code     0  startup_nuc472_442.o(.text)
    WWDT_IRQHandler                          0x00000483   Thumb Code     0  startup_nuc472_442.o(.text)
    UART0_Init                               0x00000495   Thumb Code    48  main.o(.text)
    UART0_IRQHandler                         0x000004c5   Thumb Code    56  main.o(.text)
    vApplicationMallocFailedHook             0x000004fd   Thumb Code     6  main.o(.text)
    vApplicationIdleHook                     0x00000503   Thumb Code     2  main.o(.text)
    vApplicationStackOverflowHook            0x00000505   Thumb Code     6  main.o(.text)
    vApplicationTickHook                     0x0000050b   Thumb Code     4  main.o(.text)
    main                                     0x00000569   Thumb Code    42  main.o(.text)
    HandleServerData                         0x00000675   Thumb Code     4  tcp_echoserver-netconn.o(.text)
    server_recv_init                         0x000006f5   Thumb Code    20  tcp_echoserver-netconn.o(.text)
    SerialSend                               0x00000785   Thumb Code    58  serial.o(.text)
    _SerialSaveRecv                          0x000007bf   Thumb Code    24  serial.o(.text)
    HandleSerialData                         0x000007d7   Thumb Code   134  serial.o(.text)
    SerialSendData                           0x0000085d   Thumb Code    66  serial.o(.text)
    SerialRun                                0x0000089f   Thumb Code   100  serial.o(.text)
    serial_thread                            0x00000903   Thumb Code    12  serial.o(.text)
    serial_init                              0x0000090f   Thumb Code    24  serial.o(.text)
    vListInitialise                          0x00000961   Thumb Code    22  list.o(.text)
    vListInitialiseItem                      0x00000977   Thumb Code     6  list.o(.text)
    vListInsertEnd                           0x0000097d   Thumb Code    28  list.o(.text)
    vListInsert                              0x00000999   Thumb Code    48  list.o(.text)
    uxListRemove                             0x000009c9   Thumb Code    38  list.o(.text)
    xTaskGenericCreate                       0x000009f1   Thumb Code   376  tasks.o(.text)
    vTaskDelete                              0x00000b69   Thumb Code    92  tasks.o(.text)
    vTaskIncrementTick                       0x00000bc5   Thumb Code   180  tasks.o(.text)
    xTaskResumeAll                           0x00000c79   Thumb Code   174  tasks.o(.text)
    vTaskSuspendAll                          0x00000d57   Thumb Code    10  tasks.o(.text)
    vTaskDelayUntil                          0x00000d61   Thumb Code    96  tasks.o(.text)
    vTaskDelay                               0x00000dc1   Thumb Code    48  tasks.o(.text)
    uxTaskPriorityGet                        0x00000df1   Thumb Code    24  tasks.o(.text)
    vTaskPrioritySet                         0x00000e09   Thumb Code   160  tasks.o(.text)
    vTaskSwitchContext                       0x00000ea9   Thumb Code   126  tasks.o(.text)
    vTaskSuspend                             0x00000f27   Thumb Code   100  tasks.o(.text)
    xTaskIsTaskSuspended                     0x00000f8b   Thumb Code    42  tasks.o(.text)
    vTaskResume                              0x00000fb5   Thumb Code    92  tasks.o(.text)
    xTaskResumeFromISR                       0x00001011   Thumb Code   108  tasks.o(.text)
    vTaskStartScheduler                      0x00001093   Thumb Code    68  tasks.o(.text)
    vTaskEndScheduler                        0x000010d7   Thumb Code    20  tasks.o(.text)
    xTaskGetTickCount                        0x000010eb   Thumb Code    18  tasks.o(.text)
    xTaskGetTickCountFromISR                 0x000010fd   Thumb Code    18  tasks.o(.text)
    uxTaskGetNumberOfTasks                   0x0000110f   Thumb Code     6  tasks.o(.text)
    vTaskList                                0x00001187   Thumb Code   136  tasks.o(.text)
    vTaskPlaceOnEventList                    0x0000120f   Thumb Code    60  tasks.o(.text)
    vTaskPlaceOnEventListRestricted          0x0000124b   Thumb Code    40  tasks.o(.text)
    xTaskRemoveFromEventList                 0x00001273   Thumb Code   138  tasks.o(.text)
    vTaskSetTimeOutState                     0x000012fd   Thumb Code    22  tasks.o(.text)
    xTaskCheckForTimeOut                     0x00001313   Thumb Code    88  tasks.o(.text)
    vTaskMissedYield                         0x0000136b   Thumb Code     8  tasks.o(.text)
    uxTaskGetTaskNumber                      0x00001373   Thumb Code     8  tasks.o(.text)
    vTaskSetTaskNumber                       0x0000137b   Thumb Code     8  tasks.o(.text)
    xTaskGetCurrentTaskHandle                0x00001383   Thumb Code     6  tasks.o(.text)
    xTaskGetSchedulerState                   0x00001389   Thumb Code    22  tasks.o(.text)
    vTaskPriorityInherit                     0x0000139f   Thumb Code    92  tasks.o(.text)
    vTaskPriorityDisinherit                  0x000013fb   Thumb Code    64  tasks.o(.text)
    xTimerGenericCommand                     0x000014c9   Thumb Code    66  timers.o(.text)
    xTimerCreateTimerTask                    0x00001587   Thumb Code    50  timers.o(.text)
    xTimerCreate                             0x000015b9   Thumb Code    62  timers.o(.text)
    xTimerIsTimerActive                      0x000015f7   Thumb Code    26  timers.o(.text)
    pvTimerGetTimerID                        0x00001611   Thumb Code     4  timers.o(.text)
    pvPortMalloc                             0x000017a9   Thumb Code   178  heap_2.o(.text)
    vPortFree                                0x0000185b   Thumb Code    56  heap_2.o(.text)
    xPortGetFreeHeapSize                     0x00001893   Thumb Code     6  heap_2.o(.text)
    vPortInitialiseBlocks                    0x00001899   Thumb Code     2  heap_2.o(.text)
    pxPortInitialiseStack                    0x000018a5   Thumb Code    34  port.o(.text)
    vPortSetupTimerInterrupt                 0x000018c7   Thumb Code    26  port.o(.text)
    xPortStartScheduler                      0x000018e1   Thumb Code    52  port.o(.text)
    vPortEndScheduler                        0x00001915   Thumb Code     2  port.o(.text)
    vPortYieldFromISR                        0x00001917   Thumb Code    12  port.o(.text)
    vPortEnterCritical                       0x00001923   Thumb Code    12  port.o(.text)
    vPortExitCritical                        0x0000192f   Thumb Code    14  port.o(.text)
    SysTick_Handler                          0x0000193d   Thumb Code    30  port.o(.text)
    vStartQueueSetTasks                      0x00001b53   Thumb Code    60  queueset.o(.text)
    xAreQueueSetTasksStillRunning            0x00001b8f   Thumb Code    80  queueset.o(.text)
    vQueueSetAccessQueueSetFromISR           0x00001bdf   Thumb Code    62  queueset.o(.text)
    xQueueGenericReset                       0x00001c79   Thumb Code   106  queue.o(.text)
    xQueueGenericCreate                      0x00001ce3   Thumb Code    74  queue.o(.text)
    xQueueGenericSend                        0x00001e3f   Thumb Code   256  queue.o(.text)
    xQueueCreateMutex                        0x00001f3f   Thumb Code    82  queue.o(.text)
    xQueueGiveMutexRecursive                 0x00001f91   Thumb Code    52  queue.o(.text)
    xQueueGenericReceive                     0x00001fed   Thumb Code   292  queue.o(.text)
    xQueueTakeMutexRecursive                 0x00002111   Thumb Code    58  queue.o(.text)
    xQueueCreateCountingSemaphore            0x0000214b   Thumb Code    24  queue.o(.text)
    xQueueGenericSendFromISR                 0x00002163   Thumb Code   132  queue.o(.text)
    xQueueReceiveFromISR                     0x000021e7   Thumb Code   112  queue.o(.text)
    uxQueueMessagesWaiting                   0x00002257   Thumb Code    26  queue.o(.text)
    uxQueueMessagesWaitingFromISR            0x00002271   Thumb Code    14  queue.o(.text)
    vQueueDelete                             0x0000227f   Thumb Code    56  queue.o(.text)
    ucQueueGetQueueNumber                    0x000022b7   Thumb Code     6  queue.o(.text)
    vQueueSetQueueNumber                     0x000022bd   Thumb Code     6  queue.o(.text)
    ucQueueGetQueueType                      0x000022c3   Thumb Code     6  queue.o(.text)
    xQueueIsQueueEmptyFromISR                0x000022c9   Thumb Code    22  queue.o(.text)
    xQueueIsQueueFullFromISR                 0x000022df   Thumb Code    26  queue.o(.text)
    vQueueAddToRegistry                      0x000022f9   Thumb Code    32  queue.o(.text)
    vQueueWaitForMessageRestricted           0x00002319   Thumb Code    56  queue.o(.text)
    xQueueCreateSet                          0x00002351   Thumb Code     6  queue.o(.text)
    xQueueAddToSet                           0x00002357   Thumb Code    28  queue.o(.text)
    xQueueRemoveFromSet                      0x00002373   Thumb Code    34  queue.o(.text)
    xQueueSelectFromSet                      0x00002395   Thumb Code    18  queue.o(.text)
    xQueueSelectFromSetFromISR               0x000023a7   Thumb Code    18  queue.o(.text)
    CLK_DisableCKO                           0x000023bd   Thumb Code    12  clk.o(.text)
    CLK_EnableCKO                            0x000023c9   Thumb Code    32  clk.o(.text)
    CLK_PowerDown                            0x000023e9   Thumb Code    22  clk.o(.text)
    CLK_Idle                                 0x000023ff   Thumb Code    16  clk.o(.text)
    CLK_GetPCLKFreq                          0x0000240f   Thumb Code    24  clk.o(.text)
    CLK_GetHXTFreq                           0x00002427   Thumb Code    14  clk.o(.text)
    CLK_GetLXTFreq                           0x00002435   Thumb Code    20  clk.o(.text)
    CLK_GetHCLKFreq                          0x00002449   Thumb Code    12  clk.o(.text)
    CLK_GetCPUFreq                           0x00002455   Thumb Code    12  clk.o(.text)
    CLK_GetPLLClockFreq                      0x00002461   Thumb Code    78  clk.o(.text)
    CLK_SetHCLK                              0x000024af   Thumb Code    28  clk.o(.text)
    CLK_WaitClockReady                       0x000024cb   Thumb Code    40  clk.o(.text)
    CLK_SetCoreClock                         0x000024f3   Thumb Code   126  clk.o(.text)
    CLK_SetModuleClock                       0x00002571   Thumb Code    76  clk.o(.text)
    CLK_EnableXtalRC                         0x000025bd   Thumb Code    12  clk.o(.text)
    CLK_DisableXtalRC                        0x000025c9   Thumb Code    12  clk.o(.text)
    CLK_EnableModuleClock                    0x000025d5   Thumb Code    30  clk.o(.text)
    CLK_DisableModuleClock                   0x000025f3   Thumb Code    30  clk.o(.text)
    CLK_EnablePLL                            0x00002611   Thumb Code   116  clk.o(.text)
    CLK_DisablePLL                           0x00002685   Thumb Code    14  clk.o(.text)
    CLK_SetSysTickClockSrc                   0x00002693   Thumb Code    16  clk.o(.text)
    CLK_SysTickDelay                         0x000026a3   Thumb Code    28  clk.o(.text)
    Hard_Fault_Handler                       0x000026e9   Thumb Code    16  retarget.o(.text)
    SendChar_ToUART                          0x000026f9   Thumb Code    26  retarget.o(.text)
    SendChar                                 0x00002713   Thumb Code     2  retarget.o(.text)
    GetChar                                  0x00002715   Thumb Code    14  retarget.o(.text)
    kbhit                                    0x00002723   Thumb Code    12  retarget.o(.text)
    IsDebugFifoEmpty                         0x0000272f   Thumb Code    10  retarget.o(.text)
    _ttywrch                                 0x00002739   Thumb Code     2  retarget.o(.text)
    fputc                                    0x0000273b   Thumb Code    12  retarget.o(.text)
    fgetc                                    0x00002747   Thumb Code     2  retarget.o(.text)
    ferror                                   0x00002749   Thumb Code     6  retarget.o(.text)
    SYS_ClearResetSrc                        0x00002815   Thumb Code    12  sys.o(.text)
    SYS_GetBODStatus                         0x00002821   Thumb Code    12  sys.o(.text)
    SYS_GetResetSrc                          0x0000282d   Thumb Code     8  sys.o(.text)
    SYS_IsRegLocked                          0x00002835   Thumb Code    10  sys.o(.text)
    SYS_LockReg                              0x0000283f   Thumb Code     8  sys.o(.text)
    SYS_UnlockReg                            0x00002847   Thumb Code    36  sys.o(.text)
    SYS_ReadPDID                             0x0000286b   Thumb Code     8  sys.o(.text)
    SYS_ResetChip                            0x00002873   Thumb Code    14  sys.o(.text)
    SYS_ResetCPU                             0x00002881   Thumb Code    14  sys.o(.text)
    SYS_ResetModule                          0x0000288f   Thumb Code    26  sys.o(.text)
    SYS_EnableBOD                            0x000028a9   Thumb Code    26  sys.o(.text)
    SYS_DisableBOD                           0x000028c3   Thumb Code    14  sys.o(.text)
    UART_ClearIntFlag                        0x000028d5   Thumb Code    58  uart.o(.text)
    UART_Close                               0x0000290f   Thumb Code     6  uart.o(.text)
    UART_DisableFlowCtrl                     0x00002915   Thumb Code    10  uart.o(.text)
    UART_DisableInt                          0x0000291f   Thumb Code     8  uart.o(.text)
    UART_EnableFlowCtrl                      0x00002927   Thumb Code    34  uart.o(.text)
    UART_EnableInt                           0x00002949   Thumb Code     8  uart.o(.text)
    UART_Open                                0x00002951   Thumb Code   104  uart.o(.text)
    UART_Read                                0x000029b9   Thumb Code    26  uart.o(.text)
    UART_SetLine_Config                      0x000029d3   Thumb Code   114  uart.o(.text)
    UART_SetTimeoutCnt                       0x00002a45   Thumb Code    20  uart.o(.text)
    UART_SelectIrDAMode                      0x00002a59   Thumb Code    42  uart.o(.text)
    UART_SelectRS485Mode                     0x00002a83   Thumb Code    20  uart.o(.text)
    UART_Write                               0x00002a97   Thumb Code    26  uart.o(.text)
    sys_mbox_new                             0x00002abd   Thumb Code    30  sys_arch.o(.text)
    sys_mbox_free                            0x00002adb   Thumb Code    28  sys_arch.o(.text)
    sys_mbox_post                            0x00002af7   Thumb Code    26  sys_arch.o(.text)
    sys_mbox_trypost                         0x00002b11   Thumb Code    54  sys_arch.o(.text)
    sys_arch_mbox_fetch                      0x00002b47   Thumb Code   104  sys_arch.o(.text)
    sys_arch_mbox_tryfetch                   0x00002baf   Thumb Code    48  sys_arch.o(.text)
    sys_sem_new                              0x00002bdf   Thumb Code    56  sys_arch.o(.text)
    sys_arch_sem_wait                        0x00002c17   Thumb Code    78  sys_arch.o(.text)
    sys_mutex_new                            0x00002c65   Thumb Code    24  sys_arch.o(.text)
    sys_mutex_lock                           0x00002c7d   Thumb Code    26  sys_arch.o(.text)
    sys_mutex_unlock                         0x00002c97   Thumb Code    12  sys_arch.o(.text)
    sys_mutex_free                           0x00002ca3   Thumb Code     6  sys_arch.o(.text)
    sys_sem_signal                           0x00002ca9   Thumb Code    38  sys_arch.o(.text)
    sys_sem_free                             0x00002ccf   Thumb Code     6  sys_arch.o(.text)
    sys_init                                 0x00002cd5   Thumb Code     2  sys_arch.o(.text)
    sys_now                                  0x00002cd7   Thumb Code     4  sys_arch.o(.text)
    sys_thread_new                           0x00002cdb   Thumb Code    50  sys_arch.o(.text)
    sys_arch_protect                         0x00002d0d   Thumb Code    16  sys_arch.o(.text)
    sys_arch_unprotect                       0x00002d1d   Thumb Code    14  sys_arch.o(.text)
    sys_assert                               0x00002d2b   Thumb Code     2  sys_arch.o(.text)
    _LWIP_RAND                               0x00002d2d   Thumb Code     4  sys_arch.o(.text)
    ethernetif_input                         0x00002d7b   Thumb Code   112  ethernetif.o(.text)
    ethernetif_loopback_input                0x00002deb   Thumb Code    52  ethernetif.o(.text)
    ethernetif_init                          0x00002e1f   Thumb Code   118  ethernetif.o(.text)
    ETH_init                                 0x00002fcf   Thumb Code    80  nuc472_eth.o(.text)
    ETH_halt                                 0x0000301f   Thumb Code    16  nuc472_eth.o(.text)
    EMAC_RX_IRQHandler                       0x0000302f   Thumb Code    88  nuc472_eth.o(.text)
    EMAC_TX_IRQHandler                       0x00003087   Thumb Code    94  nuc472_eth.o(.text)
    ETH_get_tx_buf                           0x000030e5   Thumb Code    18  nuc472_eth.o(.text)
    ETH_trigger_tx                           0x000030f7   Thumb Code    32  nuc472_eth.o(.text)
    ETH_settime                              0x00003117   Thumb Code    30  nuc472_eth.o(.text)
    ETH_gettime                              0x00003135   Thumb Code    30  nuc472_eth.o(.text)
    ETH_updatetime                           0x00003153   Thumb Code    50  nuc472_eth.o(.text)
    ETH_adjtimex                             0x00003185   Thumb Code    48  nuc472_eth.o(.text)
    ETH_setinc                               0x000031b5   Thumb Code    10  nuc472_eth.o(.text)
    lwip_htons                               0x000032c1   Thumb Code     4  def.o(.text)
    lwip_ntohs                               0x000032c5   Thumb Code     4  def.o(.text)
    lwip_htonl                               0x000032c9   Thumb Code     4  def.o(.text)
    lwip_ntohl                               0x000032cd   Thumb Code     4  def.o(.text)
    dhcp_renew                               0x00003a43   Thumb Code   130  dhcp.o(.text)
    dhcp_coarse_tmr                          0x00003b45   Thumb Code    90  dhcp.o(.text)
    dhcp_release                             0x00003c39   Thumb Code   158  dhcp.o(.text)
    dhcp_fine_tmr                            0x00003e09   Thumb Code    46  dhcp.o(.text)
    dhcp_set_struct                          0x00003eb5   Thumb Code    82  dhcp.o(.text)
    dhcp_cleanup                             0x00003f07   Thumb Code    40  dhcp.o(.text)
    dhcp_stop                                0x00003f2f   Thumb Code    92  dhcp.o(.text)
    dhcp_start                               0x0000446d   Thumb Code   222  dhcp.o(.text)
    dhcp_inform                              0x0000454b   Thumb Code   170  dhcp.o(.text)
    dhcp_network_changed                     0x000045f5   Thumb Code   168  dhcp.o(.text)
    dhcp_arp_reply                           0x0000469d   Thumb Code    46  dhcp.o(.text)
    dns_setserver                            0x000047d5   Thumb Code    32  dns.o(.text)
    dns_init                                 0x00004953   Thumb Code    64  dns.o(.text)
    dns_getserver                            0x00004993   Thumb Code    20  dns.o(.text)
    dns_tmr                                  0x00004b77   Thumb Code    28  dns.o(.text)
    dns_gethostbyname                        0x00004b93   Thumb Code   420  dns.o(.text)
    lwip_init                                0x00004e09   Thumb Code    46  init.o(.text)
    mem_init                                 0x00004ed5   Thumb Code    72  mem.o(.text)
    mem_free                                 0x00004f1d   Thumb Code   136  mem.o(.text)
    mem_trim                                 0x00004fa5   Thumb Code   268  mem.o(.text)
    mem_malloc                               0x000050b1   Thumb Code   750  mem.o(.text)
    mem_calloc                               0x0000539f   Thumb Code    26  mem.o(.text)
    memp_init                                0x00005411   Thumb Code    78  memp.o(.text)
    memp_malloc                              0x0000545f   Thumb Code    78  memp.o(.text)
    memp_free                                0x000054ad   Thumb Code    54  memp.o(.text)
    netif_init                               0x000055a9   Thumb Code     2  netif.o(.text)
    netif_set_gw                             0x000055ab   Thumb Code     8  netif.o(.text)
    netif_set_netmask                        0x000055b3   Thumb Code     8  netif.o(.text)
    netif_set_ipaddr                         0x000055bb   Thumb Code    96  netif.o(.text)
    netif_set_addr                           0x0000561b   Thumb Code    30  netif.o(.text)
    netif_add                                0x00005639   Thumb Code   114  netif.o(.text)
    netif_set_default                        0x000056ab   Thumb Code     6  netif.o(.text)
    netif_set_down                           0x000056b1   Thumb Code    26  netif.o(.text)
    netif_remove                             0x000056cb   Thumb Code    82  netif.o(.text)
    netif_find                               0x0000571d   Thumb Code    58  netif.o(.text)
    netif_set_up                             0x00005757   Thumb Code    56  netif.o(.text)
    netif_set_link_up                        0x0000578f   Thumb Code    70  netif.o(.text)
    netif_set_link_down                      0x000057d5   Thumb Code    18  netif.o(.text)
    pbuf_free                                0x000058c5   Thumb Code   154  pbuf.o(.text)
    pbuf_alloc                               0x0000595f   Thumb Code   468  pbuf.o(.text)
    pbuf_realloc                             0x00005b33   Thumb Code   190  pbuf.o(.text)
    pbuf_header                              0x00005bf1   Thumb Code   796  pbuf.o(.text)
    pbuf_clen                                0x00005f0d   Thumb Code    18  pbuf.o(.text)
    pbuf_ref                                 0x00005f1f   Thumb Code    26  pbuf.o(.text)
    pbuf_cat                                 0x00005f39   Thumb Code   108  pbuf.o(.text)
    pbuf_chain                               0x00005fa5   Thumb Code    16  pbuf.o(.text)
    pbuf_dechain                             0x00005fb5   Thumb Code   102  pbuf.o(.text)
    pbuf_copy                                0x0000601b   Thumb Code   262  pbuf.o(.text)
    pbuf_copy_partial                        0x00006121   Thumb Code   130  pbuf.o(.text)
    pbuf_take                                0x000061a3   Thumb Code   146  pbuf.o(.text)
    pbuf_coalesce                            0x00006235   Thumb Code    66  pbuf.o(.text)
    pbuf_get_at                              0x00006277   Thumb Code    24  pbuf.o(.text)
    pbuf_memcmp                              0x0000628f   Thumb Code    68  pbuf.o(.text)
    pbuf_memfind                             0x000062d3   Thumb Code   586  pbuf.o(.text)
    pbuf_strstr                              0x0000651d   Thumb Code    50  pbuf.o(.text)
    sys_msleep                               0x0000654f   Thumb Code    34  sys_lwip.o(.text)
    tcp_init                                 0x00006571   Thumb Code     2  tcp.o(.text)
    tcp_seg_free                             0x00006573   Thumb Code    28  tcp.o(.text)
    tcp_segs_free                            0x0000658f   Thumb Code    18  tcp.o(.text)
    tcp_pcb_purge                            0x000065a1   Thumb Code    66  tcp.o(.text)
    tcp_slowtmr                              0x000065e3   Thumb Code   788  tcp.o(.text)
    tcp_pcb_remove                           0x000068f7   Thumb Code   638  tcp.o(.text)
    tcp_close                                0x00006ca9   Thumb Code    18  tcp.o(.text)
    tcp_update_rcv_ann_wnd                   0x00006cbb   Thumb Code    80  tcp.o(.text)
    tcp_recved                               0x00006d0b   Thumb Code   110  tcp.o(.text)
    tcp_recv_null                            0x00006d79   Thumb Code    34  tcp.o(.text)
    tcp_process_refused_data                 0x00006d9b   Thumb Code   102  tcp.o(.text)
    tcp_fasttmr                              0x00006e01   Thumb Code    86  tcp.o(.text)
    tcp_tmr                                  0x00006e57   Thumb Code    28  tcp.o(.text)
    tcp_shutdown                             0x00006e73   Thumb Code    76  tcp.o(.text)
    tcp_abandon                              0x00006ebf   Thumb Code   412  tcp.o(.text)
    tcp_abort                                0x0000705b   Thumb Code     4  tcp.o(.text)
    tcp_bind                                 0x000070b3   Thumb Code   138  tcp.o(.text)
    tcp_listen_with_backlog                  0x00007143   Thumb Code   148  tcp.o(.text)
    tcp_eff_send_mss                         0x000071d7   Thumb Code    32  tcp.o(.text)
    tcp_next_iss                             0x000071f7   Thumb Code    14  tcp.o(.text)
    tcp_connect                              0x00007205   Thumb Code   270  tcp.o(.text)
    tcp_setprio                              0x00007313   Thumb Code     4  tcp.o(.text)
    tcp_seg_copy                             0x00007317   Thumb Code    36  tcp.o(.text)
    tcp_alloc                                0x0000733b   Thumb Code   378  tcp.o(.text)
    tcp_new                                  0x000074b5   Thumb Code     4  tcp.o(.text)
    tcp_arg                                  0x000074b9   Thumb Code     4  tcp.o(.text)
    tcp_recv                                 0x000074bd   Thumb Code    36  tcp.o(.text)
    tcp_sent                                 0x000074e1   Thumb Code    34  tcp.o(.text)
    tcp_err                                  0x00007503   Thumb Code    36  tcp.o(.text)
    tcp_accept                               0x00007527   Thumb Code     4  tcp.o(.text)
    tcp_poll                                 0x0000752b   Thumb Code    40  tcp.o(.text)
    tcp_debug_state_str                      0x00007553   Thumb Code     8  tcp.o(.text)
    tcp_input                                0x000085dd   Thumb Code  1266  tcp_in.o(.text)
    tcp_enqueue_flags                        0x00008c59   Thumb Code   288  tcp_out.o(.text)
    tcp_send_fin                             0x00008d79   Thumb Code    68  tcp_out.o(.text)
    tcp_write                                0x00008e93   Thumb Code  1496  tcp_out.o(.text)
    tcp_send_empty_ack                       0x0000946b   Thumb Code   542  tcp_out.o(.text)
    tcp_output                               0x00009749   Thumb Code   440  tcp_out.o(.text)
    tcp_rst                                  0x00009901   Thumb Code   162  tcp_out.o(.text)
    tcp_rexmit_rto                           0x000099a3   Thumb Code    44  tcp_out.o(.text)
    tcp_rexmit                               0x000099cf   Thumb Code    80  tcp_out.o(.text)
    tcp_rexmit_fast                          0x00009a1f   Thumb Code    88  tcp_out.o(.text)
    tcp_keepalive                            0x00009a77   Thumb Code    80  tcp_out.o(.text)
    tcp_zero_window_probe                    0x00009ac7   Thumb Code   240  tcp_out.o(.text)
    sys_timeout                              0x00009bb9   Thumb Code   104  timers_lwip.o(.text)
    tcp_timer_needed                         0x00009c47   Thumb Code    34  timers_lwip.o(.text)
    sys_timeouts_init                        0x00009cdf   Thumb Code    72  timers_lwip.o(.text)
    sys_untimeout                            0x00009d27   Thumb Code    68  timers_lwip.o(.text)
    sys_timeouts_mbox_fetch                  0x00009d6b   Thumb Code    96  timers_lwip.o(.text)
    udp_init                                 0x00009e95   Thumb Code     2  udp.o(.text)
    udp_input                                0x00009e97   Thumb Code   424  udp.o(.text)
    udp_bind                                 0x0000a03f   Thumb Code   192  udp.o(.text)
    udp_sendto_if                            0x0000a0ff   Thumb Code   258  udp.o(.text)
    udp_sendto                               0x0000a201   Thumb Code    56  udp.o(.text)
    udp_send                                 0x0000a239   Thumb Code     6  udp.o(.text)
    udp_connect                              0x0000a23f   Thumb Code    70  udp.o(.text)
    udp_disconnect                           0x0000a285   Thumb Code    16  udp.o(.text)
    udp_recv                                 0x0000a295   Thumb Code     6  udp.o(.text)
    udp_remove                               0x0000a29b   Thumb Code   240  udp.o(.text)
    udp_new                                  0x0000a38b   Thumb Code    26  udp.o(.text)
    icmp_input                               0x0000a3a5   Thumb Code   338  icmp.o(.text)
    icmp_dest_unreach                        0x0000a56f   Thumb Code     6  icmp.o(.text)
    icmp_time_exceeded                       0x0000a575   Thumb Code     6  icmp.o(.text)
    igmp_init                                0x0000a6f9   Thumb Code    14  igmp.o(.text)
    igmp_dump_group_list                     0x0000a707   Thumb Code    12  igmp.o(.text)
    igmp_lookfor_group                       0x0000a713   Thumb Code    32  igmp.o(.text)
    igmp_start                               0x0000a76d   Thumb Code    44  igmp.o(.text)
    igmp_stop                                0x0000a799   Thumb Code    80  igmp.o(.text)
    igmp_report_groups                       0x0000a7e9   Thumb Code    34  igmp.o(.text)
    igmp_input                               0x0000a80b   Thumb Code   194  igmp.o(.text)
    igmp_joingroup                           0x0000a979   Thumb Code   162  igmp.o(.text)
    igmp_leavegroup                          0x0000aa1b   Thumb Code   582  igmp.o(.text)
    igmp_tmr                                 0x0000ac61   Thumb Code    44  igmp.o(.text)
    inet_chksum_pseudo                       0x0000ad27   Thumb Code   136  inet_chksum.o(.text)
    inet_chksum_pseudo_partial               0x0000adaf   Thumb Code   178  inet_chksum.o(.text)
    inet_chksum                              0x0000ae61   Thumb Code    12  inet_chksum.o(.text)
    inet_chksum_pbuf                         0x0000ae6d   Thumb Code    72  inet_chksum.o(.text)
    ip_route                                 0x0000af25   Thumb Code    54  ip.o(.text)
    ip_input                                 0x0000af5b   Thumb Code   418  ip.o(.text)
    ip_output_if_opt                         0x0000b0fd   Thumb Code   312  ip.o(.text)
    ip_output_if                             0x0000b235   Thumb Code    28  ip.o(.text)
    ip_output                                0x0000b251   Thumb Code    72  ip.o(.text)
    ip4_addr_isbroadcast                     0x0000b33d   Thumb Code    46  ip_addr.o(.text)
    ip4_addr_netmask_valid                   0x0000b36b   Thumb Code    38  ip_addr.o(.text)
    ipaddr_aton                              0x0000b391   Thumb Code   260  ip_addr.o(.text)
    ipaddr_addr                              0x0000b495   Thumb Code    20  ip_addr.o(.text)
    ipaddr_ntoa_r                            0x0000b4a9   Thumb Code   120  ip_addr.o(.text)
    ipaddr_ntoa                              0x0000b521   Thumb Code     6  ip_addr.o(.text)
    ip_reass_tmr                             0x0000b69b   Thumb Code    40  ip_frag.o(.text)
    ip_reass                                 0x0000b88f   Thumb Code   832  ip_frag.o(.text)
    netconn_new_with_proto_and_callback      0x0000bbd1   Thumb Code   140  api_lib.o(.text)
    netconn_delete                           0x0000bc5d   Thumb Code    32  api_lib.o(.text)
    netconn_getaddr                          0x0000bc7d   Thumb Code    96  api_lib.o(.text)
    netconn_bind                             0x0000bcdd   Thumb Code    70  api_lib.o(.text)
    netconn_connect                          0x0000bd23   Thumb Code    70  api_lib.o(.text)
    netconn_disconnect                       0x0000bd69   Thumb Code    64  api_lib.o(.text)
    netconn_listen_with_backlog              0x0000bda9   Thumb Code    64  api_lib.o(.text)
    netconn_accept                           0x0000bde9   Thumb Code   136  api_lib.o(.text)
    netconn_recv_tcp_pbuf                    0x0000c201   Thumb Code    42  api_lib.o(.text)
    netconn_recv                             0x0000c22b   Thumb Code   204  api_lib.o(.text)
    netconn_recved                           0x0000c2f7   Thumb Code    38  api_lib.o(.text)
    netconn_send                             0x0000c31d   Thumb Code    72  api_lib.o(.text)
    netconn_sendto                           0x0000c365   Thumb Code    18  api_lib.o(.text)
    netconn_write_partly                     0x0000c377   Thumb Code   170  api_lib.o(.text)
    netconn_close                            0x0000c46b   Thumb Code     4  api_lib.o(.text)
    netconn_shutdown                         0x0000c46f   Thumb Code    12  api_lib.o(.text)
    netconn_join_leave_group                 0x0000c47b   Thumb Code    78  api_lib.o(.text)
    netconn_gethostbyname                    0x0000c4c9   Thumb Code   112  api_lib.o(.text)
    netconn_free                             0x0000ce25   Thumb Code   100  api_msg.o(.text)
    netconn_alloc                            0x0000ce89   Thumb Code    94  api_msg.o(.text)
    do_newconn                               0x0000cfeb   Thumb Code   394  api_msg.o(.text)
    do_delconn                               0x0000d21b   Thumb Code   208  api_msg.o(.text)
    do_bind                                  0x0000d2eb   Thumb Code    78  api_msg.o(.text)
    do_connect                               0x0000d3d7   Thumb Code   148  api_msg.o(.text)
    do_disconnect                            0x0000d46b   Thumb Code    42  api_msg.o(.text)
    do_listen                                0x0000d495   Thumb Code   154  api_msg.o(.text)
    do_send                                  0x0000d52f   Thumb Code    88  api_msg.o(.text)
    do_recv                                  0x0000d587   Thumb Code   344  api_msg.o(.text)
    do_write                                 0x0000d6df   Thumb Code   130  api_msg.o(.text)
    do_getaddr                               0x0000d761   Thumb Code   124  api_msg.o(.text)
    do_close                                 0x0000d7dd   Thumb Code   146  api_msg.o(.text)
    do_join_leave_group                      0x0000d86f   Thumb Code    76  api_msg.o(.text)
    do_gethostbyname                         0x0000d8ff   Thumb Code    36  api_msg.o(.text)
    netbuf_new                               0x0000d979   Thumb Code    24  netbuf.o(.text)
    netbuf_delete                            0x0000d991   Thumb Code    34  netbuf.o(.text)
    netbuf_alloc                             0x0000d9b3   Thumb Code    74  netbuf.o(.text)
    netbuf_free                              0x0000d9fd   Thumb Code    38  netbuf.o(.text)
    netbuf_ref                               0x0000da23   Thumb Code    78  netbuf.o(.text)
    netbuf_chain                             0x0000da71   Thumb Code    58  netbuf.o(.text)
    netbuf_data                              0x0000daab   Thumb Code    72  netbuf.o(.text)
    netbuf_next                              0x0000daf3   Thumb Code    48  netbuf.o(.text)
    netbuf_first                             0x0000db23   Thumb Code    20  netbuf.o(.text)
    lwip_socket_init                         0x0000dc95   Thumb Code     2  sockets.o(.text)
    lwip_accept                              0x0000de23   Thumb Code   342  sockets.o(.text)
    lwip_bind                                0x0000df79   Thumb Code   104  sockets.o(.text)
    lwip_close                               0x0000dfe1   Thumb Code   100  sockets.o(.text)
    lwip_connect                             0x0000e045   Thumb Code   418  sockets.o(.text)
    lwip_listen                              0x0000e1e7   Thumb Code    86  sockets.o(.text)
    lwip_recvfrom                            0x0000e23d   Thumb Code   476  sockets.o(.text)
    lwip_read                                0x0000e419   Thumb Code    14  sockets.o(.text)
    lwip_recv                                0x0000e427   Thumb Code    14  sockets.o(.text)
    lwip_sendto                              0x0000e435   Thumb Code   212  sockets.o(.text)
    lwip_send                                0x0000e509   Thumb Code   116  sockets.o(.text)
    lwip_socket                              0x0000e57d   Thumb Code   230  sockets.o(.text)
    lwip_write                               0x0000e663   Thumb Code     4  sockets.o(.text)
    lwip_select                              0x0000e777   Thumb Code   856  sockets.o(.text)
    lwip_shutdown                            0x0000eacf   Thumb Code   108  sockets.o(.text)
    lwip_getpeername                         0x0000eba5   Thumb Code     4  sockets.o(.text)
    lwip_getsockname                         0x0000eba9   Thumb Code     4  sockets.o(.text)
    lwip_getsockopt                          0x0000ed09   Thumb Code   272  sockets.o(.text)
    lwip_setsockopt                          0x0000ef9f   Thumb Code   254  sockets.o(.text)
    lwip_ioctl                               0x0000f09d   Thumb Code    64  sockets.o(.text)
    lwip_fcntl                               0x0000f0dd   Thumb Code    66  sockets.o(.text)
    tcpip_input                              0x0000f1e5   Thumb Code    70  tcpip.o(.text)
    tcpip_callback_with_block                0x0000f22b   Thumb Code    88  tcpip.o(.text)
    tcpip_timeout                            0x0000f283   Thumb Code    58  tcpip.o(.text)
    tcpip_untimeout                          0x0000f2bd   Thumb Code    54  tcpip.o(.text)
    tcpip_apimsg                             0x0000f2f3   Thumb Code    56  tcpip.o(.text)
    tcpip_callbackmsg_new                    0x0000f32b   Thumb Code    26  tcpip.o(.text)
    tcpip_callbackmsg_delete                 0x0000f345   Thumb Code     8  tcpip.o(.text)
    tcpip_trycallback                        0x0000f34d   Thumb Code    22  tcpip.o(.text)
    tcpip_init                               0x0000f363   Thumb Code    62  tcpip.o(.text)
    pbuf_free_callback                       0x0000f3a5   Thumb Code     8  tcpip.o(.text)
    mem_free_callback                        0x0000f3ad   Thumb Code     8  tcpip.o(.text)
    etharp_tmr                               0x0000f4a3   Thumb Code    66  etharp.o(.text)
    etharp_cleanup_netif                     0x0000f707   Thumb Code    42  etharp.o(.text)
    etharp_find_addr                         0x0000f731   Thumb Code    74  etharp.o(.text)
    etharp_request                           0x0000fabb   Thumb Code    34  etharp.o(.text)
    etharp_query                             0x0000fb31   Thumb Code   298  etharp.o(.text)
    etharp_output                            0x0000fc5b   Thumb Code   306  etharp.o(.text)
    ethernet_input                           0x0000fd8d   Thumb Code   412  etharp.o(.text)
    __aeabi_uldivmod                         0x0000ff29   Thumb Code    98  uldiv.o(.text)
    rand                                     0x0000ff8d   Thumb Code    20  rand.o(.text)
    srand                                    0x0000ffa1   Thumb Code     6  rand.o(.text)
    __aeabi_memcpy                           0x0000ffb1   Thumb Code    36  memcpya.o(.text)
    __aeabi_memcpy4                          0x0000ffb1   Thumb Code     0  memcpya.o(.text)
    __aeabi_memcpy8                          0x0000ffb1   Thumb Code     0  memcpya.o(.text)
    __aeabi_memset                           0x0000ffd5   Thumb Code    14  memseta.o(.text)
    __aeabi_memset4                          0x0000ffd5   Thumb Code     0  memseta.o(.text)
    __aeabi_memset8                          0x0000ffd5   Thumb Code     0  memseta.o(.text)
    __aeabi_memclr                           0x0000ffe3   Thumb Code     4  memseta.o(.text)
    __aeabi_memclr4                          0x0000ffe3   Thumb Code     0  memseta.o(.text)
    __aeabi_memclr8                          0x0000ffe3   Thumb Code     0  memseta.o(.text)
    _memset$wrapper                          0x0000ffe7   Thumb Code    18  memseta.o(.text)
    strcat                                   0x0000fff9   Thumb Code    24  strcat.o(.text)
    strncpy                                  0x00010011   Thumb Code    24  strncpy.o(.text)
    strlen                                   0x00010029   Thumb Code    14  strlen.o(.text)
    strcmp                                   0x00010037   Thumb Code    28  strcmp.o(.text)
    memcmp                                   0x00010053   Thumb Code    26  memcmp.o(.text)
    __aeabi_llsl                             0x0001006d   Thumb Code    30  llshl.o(.text)
    _ll_shift_l                              0x0001006d   Thumb Code     0  llshl.o(.text)
    __aeabi_llsr                             0x0001008b   Thumb Code    32  llushr.o(.text)
    _ll_ushift_r                             0x0001008b   Thumb Code     0  llushr.o(.text)
    __scatterload                            0x000100ad   Thumb Code    28  init.o(.text)
    __scatterload_rt2                        0x000100ad   Thumb Code     0  init.o(.text)
    __decompress                             0x000100d1   Thumb Code     0  __dczerorl2.o(.text)
    __decompress1                            0x000100d1   Thumb Code    92  __dczerorl2.o(.text)
    __0printf$5                              0x0001012d   Thumb Code    22  printf5.o(i.__0printf$5)
    __1printf$5                              0x0001012d   Thumb Code     0  printf5.o(i.__0printf$5)
    __2printf                                0x0001012d   Thumb Code     0  printf5.o(i.__0printf$5)
    __0sprintf$5                             0x0001014d   Thumb Code    34  printf5.o(i.__0sprintf$5)
    __1sprintf$5                             0x0001014d   Thumb Code     0  printf5.o(i.__0sprintf$5)
    __2sprintf                               0x0001014d   Thumb Code     0  printf5.o(i.__0sprintf$5)
    __scatterload_copy                       0x00010175   Thumb Code    14  handlers.o(i.__scatterload_copy)
    __scatterload_null                       0x00010183   Thumb Code     2  handlers.o(i.__scatterload_null)
    __scatterload_zeroinit                   0x00010185   Thumb Code    14  handlers.o(i.__scatterload_zeroinit)
    tcp_persist_backoff                      0x00010558   Data           7  tcp.o(.constdata)
    tcp_state_str                            0x00010560   Data          44  tcp.o(.constdata)
    tcp_backoff                              0x0001058c   Data          13  tcp.o(.constdata)
    tcp_pcb_lists                            0x0001059c   Data          16  tcp.o(.constdata)
    ip_addr_any                              0x00010604   Data           4  ip_addr.o(.constdata)
    ip_addr_broadcast                        0x00010608   Data           4  ip_addr.o(.constdata)
    ethbroadcast                             0x0001064c   Data           6  etharp.o(.constdata)
    ethzero                                  0x00010652   Data           6  etharp.o(.constdata)
    Region$$Table$$Base                      0x00010704   Number         0  anon$$obj.o(Region$$Table)
    Region$$Table$$Limit                     0x00010724   Number         0  anon$$obj.o(Region$$Table)
    SystemCoreClock                          0x20000000   Data           4  system_nuc472_442.o(.data)
    CyclesPerUs                              0x20000004   Data           4  system_nuc472_442.o(.data)
    gau32ClkSrcTbl                           0x20000008   Data          32  system_nuc472_442.o(.data)
    g_u32comRhead                            0x20000028   Data           4  main.o(.data)
    g_u32comRtail                            0x2000002c   Data           4  main.o(.data)
    g_u32comShead                            0x20000030   Data           4  main.o(.data)
    g_u32comStail                            0x20000034   Data           4  main.o(.data)
    my_mac_addr                              0x20000038   Data           6  main.o(.data)
    g_u16SerialLen                           0x2000003e   Data           2  main.o(.data)
    servConnected                            0x20000040   Data           1  tcp_echoserver-netconn.o(.data)
    connServer                               0x20000044   Data           4  tcp_echoserver-netconn.o(.data)
    pxCurrentTCB                             0x20000048   Data           4  tasks.o(.data)
    __stdout                                 0x200000dc   Data           4  retarget.o(.data)
    xInsideISR                               0x200000e0   Data           4  sys_arch.o(.data)
    _netif                                   0x200000e4   Data           4  ethernetif.o(.data)
    cur_tx_desc_ptr                          0x200000e8   Data           4  nuc472_eth.o(.data)
    cur_rx_desc_ptr                          0x200000ec   Data           4  nuc472_eth.o(.data)
    fin_tx_desc_ptr                          0x200000f0   Data           4  nuc472_eth.o(.data)
    netif_list                               0x20000120   Data           4  netif.o(.data)
    netif_default                            0x20000124   Data           4  netif.o(.data)
    pbuf_free_ooseq_pending                  0x20000128   Data           1  pbuf.o(.data)
    tcp_active_pcbs_changed                  0x2000012c   Data           1  tcp.o(.data)
    tcp_ticks                                0x20000138   Data           4  tcp.o(.data)
    tcp_bound_pcbs                           0x2000013c   Data           4  tcp.o(.data)
    tcp_listen_pcbs                          0x20000140   Data           4  tcp.o(.data)
    tcp_active_pcbs                          0x20000144   Data           4  tcp.o(.data)
    tcp_tw_pcbs                              0x20000148   Data           4  tcp.o(.data)
    tcp_tmp_pcb                              0x2000014c   Data           4  tcp.o(.data)
    tcp_input_pcb                            0x20000168   Data           4  tcp_in.o(.data)
    udp_pcbs                                 0x20000178   Data           4  udp.o(.data)
    current_netif                            0x2000018c   Data           4  ip.o(.data)
    current_header                           0x20000190   Data           4  ip.o(.data)
    current_iphdr_src                        0x20000194   Data           4  ip.o(.data)
    current_iphdr_dest                       0x20000198   Data           4  ip.o(.data)
    g_u8SendData                             0x200001c0   Data         512  main.o(.bss)
    g_u8RecvData                             0x200003c0   Data         512  main.o(.bss)
    netif                                    0x200005c0   Data          56  main.o(.bss)
    g_u8SerialBuf                            0x200005f8   Data         512  main.o(.bss)
    xQueueRegistry                           0x2000493c   Data          64  queue.o(.bss)
    rx_desc                                  0x2000497c   Data         128  nuc472_eth.o(.bss)
    tx_desc                                  0x200049fc   Data         128  nuc472_eth.o(.bss)
    rx_buf                                   0x20004a7c   Data        6080  nuc472_eth.o(.bss)
    tx_buf                                   0x2000623c   Data        6080  nuc472_eth.o(.bss)
    dhcp_rx_options_val                      0x200079fc   Data          40  dhcp.o(.bss)
    dhcp_rx_options_given                    0x20007a24   Data          10  dhcp.o(.bss)
    ram_heap                                 0x20008093   Data       16404  mem.o(.bss)
    __initial_sp                             0x2000f688   Data           0  startup_nuc472_442.o(STACK)



==============================================================================

Memory Map of the image

  Image Entry point : 0x00000279

  Load Region LR_IROM1 (Base: 0x00000000, Size: 0x000108e4, Max: 0x00080000, ABSOLUTE, COMPRESSED[0x0001075c])

    Execution Region ER_IROM1 (Base: 0x00000000, Size: 0x00010724, Max: 0x00080000, ABSOLUTE)

    Base Addr    Size         Type   Attr      Idx    E Section Name        Object

    0x00000000   0x00000278   Data   RO          136    RESET               startup_nuc472_442.o
    0x00000278   0x00000000   Code   RO         1707  * .ARM.Collect$$$$00000000  mc_w.l(entry.o)
    0x00000278   0x00000004   Code   RO         1994    .ARM.Collect$$$$00000001  mc_w.l(entry2.o)
    0x0000027c   0x00000004   Code   RO         1997    .ARM.Collect$$$$00000004  mc_w.l(entry5.o)
    0x00000280   0x00000000   Code   RO         1999    .ARM.Collect$$$$00000008  mc_w.l(entry7b.o)
    0x00000280   0x00000000   Code   RO         2001    .ARM.Collect$$$$0000000A  mc_w.l(entry8b.o)
    0x00000280   0x00000008   Code   RO         2002    .ARM.Collect$$$$0000000B  mc_w.l(entry9a.o)
    0x00000288   0x00000000   Code   RO         2004    .ARM.Collect$$$$0000000D  mc_w.l(entry10a.o)
    0x00000288   0x00000000   Code   RO         2006    .ARM.Collect$$$$0000000F  mc_w.l(entry11a.o)
    0x00000288   0x00000004   Code   RO         1995    .ARM.Collect$$$$00002712  mc_w.l(entry2.o)
    0x0000028c   0x000000a8   Code   RO          494    .emb_text           port.o
    0x00000334   0x0000001c   Code   RO          618    .emb_text           retarget.o
    0x00000350   0x000000f8   Code   RO            3    .text               system_nuc472_442.o
    0x00000448   0x0000004c   Code   RO          137    .text               startup_nuc472_442.o
    0x00000494   0x000001e0   Code   RO          143    .text               main.o
    0x00000674   0x00000110   Code   RO          347    .text               tcp_echoserver-netconn.o
    0x00000784   0x000001dc   Code   RO          393    .text               serial.o
    0x00000960   0x0000008e   Code   RO          416    .text               list.o
    0x000009ee   0x00000002   PAD
    0x000009f0   0x00000aa4   Code   RO          434    .text               tasks.o
    0x00001494   0x00000314   Code   RO          461    .text               timers.o
    0x000017a8   0x000000fc   Code   RO          479    .text               heap_2.o
    0x000018a4   0x000000c8   Code   RO          495    .text               port.o
    0x0000196c   0x0000030c   Code   RO          541    .text               queueset.o
    0x00001c78   0x00000744   Code   RO          573    .text               queue.o
    0x000023bc   0x0000032c   Code   RO          593    .text               clk.o
    0x000026e8   0x0000012c   Code   RO          619    .text               retarget.o
    0x00002814   0x000000c0   Code   RO          655    .text               sys.o
    0x000028d4   0x000001e8   Code   RO          675    .text               uart.o
    0x00002abc   0x00000278   Code   RO          714    .text               sys_arch.o
    0x00002d34   0x000001d8   Code   RO          795    .text               ethernetif.o
    0x00002f0c   0x000003b4   Code   RO          856    .text               nuc472_eth.o
    0x000032c0   0x00000010   Code   RO          878    .text               def.o
    0x000032d0   0x00001504   Code   RO          891    .text               dhcp.o
    0x000047d4   0x00000634   Code   RO          936    .text               dns.o
    0x00004e08   0x0000002e   Code   RO          956    .text               init.o
    0x00004e36   0x00000002   PAD
    0x00004e38   0x000005d8   Code   RO         1035    .text               mem.o
    0x00005410   0x00000198   Code   RO         1051    .text               memp.o
    0x000055a8   0x000002bc   Code   RO         1123    .text               netif.o
    0x00005864   0x00000cea   Code   RO         1162    .text               pbuf.o
    0x0000654e   0x00000022   Code   RO         1215    .text               sys_lwip.o
    0x00006570   0x00001088   Code   RO         1227    .text               tcp.o
    0x000075f8   0x00001544   Code   RO         1255    .text               tcp_in.o
    0x00008b3c   0x0000107a   Code   RO         1284    .text               tcp_out.o
    0x00009bb6   0x00000002   PAD
    0x00009bb8   0x000002dc   Code   RO         1297    .text               timers_lwip.o
    0x00009e94   0x00000510   Code   RO         1347    .text               udp.o
    0x0000a3a4   0x00000354   Code   RO         1382    .text               icmp.o
    0x0000a6f8   0x000005d8   Code   RO         1394    .text               igmp.o
    0x0000acd0   0x00000254   Code   RO         1418    .text               inet_chksum.o
    0x0000af24   0x00000418   Code   RO         1430    .text               ip.o
    0x0000b33c   0x0000025c   Code   RO         1455    .text               ip_addr.o
    0x0000b598   0x00000636   Code   RO         1479    .text               ip_frag.o
    0x0000bbce   0x00000002   PAD
    0x0000bbd0   0x00000a74   Code   RO         1496    .text               api_lib.o
    0x0000c644   0x00001334   Code   RO         1538    .text               api_msg.o
    0x0000d978   0x0000031c   Code   RO         1595    .text               netbuf.o
    0x0000dc94   0x000014c8   Code   RO         1644    .text               sockets.o
    0x0000f15c   0x00000314   Code   RO         1660    .text               tcpip.o
    0x0000f470   0x00000ab8   Code   RO         1686    .text               etharp.o
    0x0000ff28   0x00000062   Code   RO         1710    .text               mc_w.l(uldiv.o)
    0x0000ff8a   0x00000002   PAD
    0x0000ff8c   0x00000024   Code   RO         1712    .text               mc_w.l(rand.o)
    0x0000ffb0   0x00000024   Code   RO         1715    .text               mc_w.l(memcpya.o)
    0x0000ffd4   0x00000024   Code   RO         1717    .text               mc_w.l(memseta.o)
    0x0000fff8   0x00000018   Code   RO         1719    .text               mc_w.l(strcat.o)
    0x00010010   0x00000018   Code   RO         1721    .text               mc_w.l(strncpy.o)
    0x00010028   0x0000000e   Code   RO         1723    .text               mc_w.l(strlen.o)
    0x00010036   0x0000001c   Code   RO         1725    .text               mc_w.l(strcmp.o)
    0x00010052   0x0000001a   Code   RO         1727    .text               mc_w.l(memcmp.o)
    0x0001006c   0x0000001e   Code   RO         2010    .text               mc_w.l(llshl.o)
    0x0001008a   0x00000020   Code   RO         2012    .text               mc_w.l(llushr.o)
    0x000100aa   0x00000002   PAD
    0x000100ac   0x00000024   Code   RO         2034    .text               mc_w.l(init.o)
    0x000100d0   0x0000005c   Code   RO         2080    .text               mc_w.l(__dczerorl2.o)
    0x0001012c   0x00000020   Code   RO         1864    i.__0printf$5       mc_w.l(printf5.o)
    0x0001014c   0x00000028   Code   RO         1866    i.__0sprintf$5      mc_w.l(printf5.o)
    0x00010174   0x0000000e   Code   RO         2074    i.__scatterload_copy  mc_w.l(handlers.o)
    0x00010182   0x00000002   Code   RO         2075    i.__scatterload_null  mc_w.l(handlers.o)
    0x00010184   0x0000000e   Code   RO         2076    i.__scatterload_zeroinit  mc_w.l(handlers.o)
    0x00010192   0x00000002   PAD
    0x00010194   0x000002c0   Code   RO         1871    i._printf_core      mc_w.l(printf5.o)
    0x00010454   0x0000000a   Code   RO         1873    i._sputc            mc_w.l(printf5.o)
    0x0001045e   0x00000014   Data   RO          436    .constdata          tasks.o
    0x00010472   0x00000002   PAD
    0x00010474   0x00000020   Data   RO          676    .constdata          uart.o
    0x00010494   0x00000089   Data   RO          893    .constdata          dhcp.o
    0x0001051d   0x00000001   PAD
    0x0001051e   0x00000038   Data   RO         1053    .constdata          memp.o
    0x00010556   0x00000002   PAD
    0x00010558   0x00000054   Data   RO         1228    .constdata          tcp.o
    0x000105ac   0x00000055   Data   RO         1285    .constdata          tcp_out.o
    0x00010601   0x00000003   PAD
    0x00010604   0x00000004   Data   RO         1457    .constdata          ip_addr.o
    0x00010608   0x00000004   Data   RO         1458    .constdata          ip_addr.o
    0x0001060c   0x00000040   Data   RO         1646    .constdata          sockets.o
    0x0001064c   0x00000050   Data   RO         1688    .constdata          etharp.o
    0x0001069c   0x00000068   Data   RO         1229    .conststring        tcp.o
    0x00010704   0x00000020   Data   RO         2072    Region$$Table       anon$$obj.o


    Execution Region RW_IRAM1 (Base: 0x20000000, Size: 0x0000f688, Max: 0x20000000, ABSOLUTE, COMPRESSED[0x00000038])

    Base Addr    Size         Type   Attr      Idx    E Section Name        Object

    0x20000000   0x00000028   Data   RW            4    .data               system_nuc472_442.o
    0x20000028   0x00000010   Data   RW          147    .data               main.o
    0x20000038   0x00000006   Data   RW          148    .data               main.o
    0x2000003e   0x00000002   Data   RW          149    .data               main.o
    0x20000040   0x00000008   Data   RW          348    .data               tcp_echoserver-netconn.o
    0x20000048   0x0000003c   Data   RW          437    .data               tasks.o
    0x20000084   0x00000010   Data   RW          463    .data               timers.o
    0x20000094   0x00000018   Data   RW          481    .data               heap_2.o
    0x200000ac   0x00000004   Data   RW          496    .data               port.o
    0x200000b0   0x0000002c   Data   RW          543    .data               queueset.o
    0x200000dc   0x00000004   Data   RW          620    .data               retarget.o
    0x200000e0   0x00000004   Data   RW          715    .data               sys_arch.o
    0x200000e4   0x00000004   Data   RW          796    .data               ethernetif.o
    0x200000e8   0x0000000c   Data   RW          858    .data               nuc472_eth.o
    0x200000f4   0x00000004   Data   RW          894    .data               dhcp.o
    0x200000f8   0x00000014   Data   RW          938    .data               dns.o
    0x2000010c   0x00000010   Data   RW         1037    .data               mem.o
    0x2000011c   0x0000000c   Data   RW         1124    .data               netif.o
    0x20000128   0x00000001   Data   RW         1163    .data               pbuf.o
    0x20000129   0x00000003   PAD
    0x2000012c   0x00000024   Data   RW         1230    .data               tcp.o
    0x20000150   0x0000001c   Data   RW         1257    .data               tcp_in.o
    0x2000016c   0x00000008   Data   RW         1298    .data               timers_lwip.o
    0x20000174   0x00000008   Data   RW         1348    .data               udp.o
    0x2000017c   0x0000000c   Data   RW         1395    .data               igmp.o
    0x20000188   0x00000014   Data   RW         1431    .data               ip.o
    0x2000019c   0x00000008   Data   RW         1480    .data               ip_frag.o
    0x200001a4   0x00000008   Data   RW         1647    .data               sockets.o
    0x200001ac   0x0000000c   Data   RW         1661    .data               tcpip.o
    0x200001b8   0x00000001   Data   RW         1689    .data               etharp.o
    0x200001b9   0x00000003   PAD
    0x200001bc   0x00000004   Data   RW         1713    .data               mc_w.l(rand.o)
    0x200001c0   0x00000200   Zero   RW          144    .bss                main.o
    0x200003c0   0x00000238   Zero   RW          145    .bss                main.o
    0x200005f8   0x00000200   Zero   RW          146    .bss                main.o
    0x200007f8   0x000000f8   Zero   RW          435    .bss                tasks.o
    0x200008f0   0x00000028   Zero   RW          462    .bss                timers.o
    0x20000918   0x00004000   Zero   RW          480    .bss                heap_2.o
    0x20004918   0x00000024   Zero   RW          542    .bss                queueset.o
    0x2000493c   0x00000040   Zero   RW          574    .bss                queue.o
    0x2000497c   0x00003080   Zero   RW          857    .bss                nuc472_eth.o
    0x200079fc   0x00000032   Zero   RW          892    .bss                dhcp.o
    0x20007a2e   0x00000002   PAD
    0x20007a30   0x00000663   Zero   RW          937    .bss                dns.o
    0x20008093   0x00004014   Zero   RW         1036    .bss                mem.o
    0x2000c0a7   0x00000001   PAD
    0x2000c0a8   0x00002c8f   Zero   RW         1052    .bss                memp.o
    0x2000ed37   0x00000001   PAD
    0x2000ed38   0x00000014   Zero   RW         1256    .bss                tcp_in.o
    0x2000ed4c   0x00000010   Zero   RW         1456    .bss                ip_addr.o
    0x2000ed5c   0x00000060   Zero   RW         1645    .bss                sockets.o
    0x2000edbc   0x000000c8   Zero   RW         1687    .bss                etharp.o
    0x2000ee84   0x00000004   PAD
    0x2000ee88   0x00000800   Zero   RW          134    STACK               startup_nuc472_442.o


==============================================================================

Image component sizes


      Code (inc. data)   RO Data    RW Data    ZI Data      Debug   Object Name

      2676        948          0          0          0      20879   api_lib.o
      4916       1224          0          0          0      23734   api_msg.o
       812         42          0          0          0       5073   clk.o
        16          0          0          0          0       1412   def.o
      5380       1074        137          4         50      18912   dhcp.o
      1588        286          0         20       1635       8563   dns.o
      2744        590         80          1        200       8589   etharp.o
       472        120          0          4          0      10938   ethernetif.o
       252         10          0         24      16384       3384   heap_2.o
       852        382          0          0          0       2170   icmp.o
      1496        396          0         12          0       6161   igmp.o
       596        112          0          0          0       2689   inet_chksum.o
        46          0          0          0          0      10603   init.o
      1048        164          0         20          0       6674   ip.o
       604        120          8          0         16       9411   ip_addr.o
      1590        410          0          8          0       4888   ip_frag.o
       142          0          0          0          0       3238   list.o
       480         56          0         24       1592     353461   main.o
      1496        550          0         16      16404       3786   mem.o
       408        198         56          0      11407       7818   memp.o
       796        350          0          0          0       3817   netbuf.o
         0          0          0          0          0       4288   netdb.o
       700        126          0         12          0      16344   netif.o
       948         36          0         12      12416       5511   nuc472_eth.o
      3306       1182          0          1          0      17278   pbuf.o
       368         34          0          4          0       4736   port.o
      1860          4          0          0         64      11234   queue.o
       780         32          0         44         36       4811   queueset.o
       328        130          0          4          0       4677   retarget.o
       476         58          0          0          0      29574   serial.o
      5320        690         64          8         96      13714   sockets.o
        76         16        632          0       2048        936   startup_nuc472_442.o
       192          4          0          0          0       2160   sys.o
       632          4          0          4          0       8349   sys_arch.o
        34          0          0          0          0        621   sys_lwip.o
       248         20          0         40          0       7256   system_nuc472_442.o
      2724         66         20         60        248      14679   tasks.o
      4232       1030        188         36          0      20498   tcp.o
       272        124          0          8          0      13673   tcp_echoserver-netconn.o
      5444        926          0         28         20      15267   tcp_in.o
      4218        964         85          0          0       7551   tcp_out.o
       788        194          0         12          0       9588   tcpip.o
         0          0          0          0          0       6068   time_stamp.o
       788         20          0         16         40       5420   timers.o
       732        202          0          8          0       4303   timers_lwip.o
       488         12         32          0          0       3590   uart.o
      1296        200          0          8          0      13889   udp.o

    ----------------------------------------------------------------------
     64668      13106       1342        444      62664     762215   Object Totals
         0          0         32          0          0          0   (incl. Generated)
         8          0          8          6          8          0   (incl. Padding)

    ----------------------------------------------------------------------

      Code (inc. data)   RO Data    RW Data    ZI Data      Debug   Library Member Name

        92          0          0          0          0          0   __dczerorl2.o
         0          0          0          0          0          0   entry.o
         0          0          0          0          0          0   entry10a.o
         0          0          0          0          0          0   entry11a.o
         8          4          0          0          0          0   entry2.o
         4          0          0          0          0          0   entry5.o
         0          0          0          0          0          0   entry7b.o
         0          0          0          0          0          0   entry8b.o
         8          4          0          0          0          0   entry9a.o
        30          0          0          0          0          0   handlers.o
        36          8          0          0          0         68   init.o
        30          0          0          0          0         68   llshl.o
        32          0          0          0          0         68   llushr.o
        26          0          0          0          0         80   memcmp.o
        36          0          0          0          0         68   memcpya.o
        36          0          0          0          0        108   memseta.o
       786         62          0          0          0        336   printf5.o
        36         10          0          4          0        136   rand.o
        24          0          0          0          0         68   strcat.o
        28          0          0          0          0         76   strcmp.o
        14          0          0          0          0         68   strlen.o
        24          0          0          0          0         76   strncpy.o
        98          0          0          0          0         92   uldiv.o

    ----------------------------------------------------------------------
      1354         88          0          4          0       1312   Library Totals
         6          0          0          0          0          0   (incl. Padding)

    ----------------------------------------------------------------------

      Code (inc. data)   RO Data    RW Data    ZI Data      Debug   Library Name

      1348         88          0          4          0       1312   mc_w.l

    ----------------------------------------------------------------------
      1354         88          0          4          0       1312   Library Totals

    ----------------------------------------------------------------------

==============================================================================


      Code (inc. data)   RO Data    RW Data    ZI Data      Debug   

     66022      13194       1342        448      62664     752903   Grand Totals
     66022      13194       1342         56      62664     752903   ELF Image Totals (compressed)
     66022      13194       1342         56          0          0   ROM Totals

==============================================================================

    Total RO  Size (Code + RO Data)                67364 (  65.79kB)
    Total RW  Size (RW Data + ZI Data)             63112 (  61.63kB)
    Total ROM Size (Code + RO Data + RW Data)      67420 (  65.84kB)

==============================================================================

