<!doctype html public "-//w3c//dtd html 4.0 transitional//en">
<html><head>
<title>Static Call Graph - [.\obj\RcuNet.axf]</title></head>
<body><HR>
<H1>Static Call Graph for image .\obj\RcuNet.axf</H1><HR>
<BR><P>#&#060CALLGRAPH&#062# ARM Linker, 4.1 [Build 481]: Last Updated: Fri Jul 17 10:13:44 2015
<BR><P>
<H3>Maximum Stack Usage =        408 bytes + Unknown(Cycles, Untraceable Function Pointers)</H3><H3>
Call chain for Maximum Stack Depth:</H3>
ethernet_input &rArr; ip_input &rArr; tcp_input &rArr; tcp_listen_input &rArr; tcp_alloc &rArr; tcp_abandon &rArr; tcp_pcb_remove &rArr; tcp_output &rArr; tcp_send_empty_ack &rArr; tcp_output_alloc_header &rArr; pbuf_alloc &rArr; pbuf_free &rArr; mem_free &rArr; plug_holes &rArr; __2printf
<P>
<H3>
Mutually Recursive functions
</H3> <LI><a href="#[1]">NMI_Handler</a>&nbsp;&nbsp;&nbsp;&rArr;&nbsp;&nbsp;&nbsp;<a href="#[1]">NMI_Handler</a><BR>
 <LI><a href="#[3]">MemManage_Handler</a>&nbsp;&nbsp;&nbsp;&rArr;&nbsp;&nbsp;&nbsp;<a href="#[3]">MemManage_Handler</a><BR>
 <LI><a href="#[4]">BusFault_Handler</a>&nbsp;&nbsp;&nbsp;&rArr;&nbsp;&nbsp;&nbsp;<a href="#[4]">BusFault_Handler</a><BR>
 <LI><a href="#[5]">UsageFault_Handler</a>&nbsp;&nbsp;&nbsp;&rArr;&nbsp;&nbsp;&nbsp;<a href="#[5]">UsageFault_Handler</a><BR>
 <LI><a href="#[6]">SVC_Handler</a>&nbsp;&nbsp;&nbsp;&rArr;&nbsp;&nbsp;&nbsp;<a href="#[6]">SVC_Handler</a><BR>
 <LI><a href="#[7]">DebugMon_Handler</a>&nbsp;&nbsp;&nbsp;&rArr;&nbsp;&nbsp;&nbsp;<a href="#[7]">DebugMon_Handler</a><BR>
 <LI><a href="#[8]">PendSV_Handler</a>&nbsp;&nbsp;&nbsp;&rArr;&nbsp;&nbsp;&nbsp;<a href="#[8]">PendSV_Handler</a><BR>
 <LI><a href="#[f]">Default_Handler</a>&nbsp;&nbsp;&nbsp;&rArr;&nbsp;&nbsp;&nbsp;<a href="#[f]">Default_Handler</a><BR>
</UL>
<P>
<H3>
Function Pointers
</H3><UL>
 <LI><a href="#[0]">Reset_Handler</a> from startup_nuc472_442.o(.text) referenced from startup_nuc472_442.o(RESET)
 <LI><a href="#[1]">NMI_Handler</a> from startup_nuc472_442.o(.text) referenced from startup_nuc472_442.o(RESET)
 <LI><a href="#[2]">HardFault_Handler</a> from retarget.o(.emb_text) referenced from startup_nuc472_442.o(RESET)
 <LI><a href="#[3]">MemManage_Handler</a> from startup_nuc472_442.o(.text) referenced from startup_nuc472_442.o(RESET)
 <LI><a href="#[4]">BusFault_Handler</a> from startup_nuc472_442.o(.text) referenced from startup_nuc472_442.o(RESET)
 <LI><a href="#[5]">UsageFault_Handler</a> from startup_nuc472_442.o(.text) referenced from startup_nuc472_442.o(RESET)
 <LI><a href="#[6]">SVC_Handler</a> from startup_nuc472_442.o(.text) referenced from startup_nuc472_442.o(RESET)
 <LI><a href="#[7]">DebugMon_Handler</a> from startup_nuc472_442.o(.text) referenced from startup_nuc472_442.o(RESET)
 <LI><a href="#[8]">PendSV_Handler</a> from startup_nuc472_442.o(.text) referenced from startup_nuc472_442.o(RESET)
 <LI><a href="#[9]">SysTick_Handler</a> from main.o(.text) referenced from startup_nuc472_442.o(RESET)
 <LI><a href="#[a]">BOD_IRQHandler</a> from startup_nuc472_442.o(.text) referenced from startup_nuc472_442.o(RESET)
 <LI><a href="#[b]">IRC_IRQHandler</a> from startup_nuc472_442.o(.text) referenced from startup_nuc472_442.o(RESET)
 <LI><a href="#[c]">PWRWU_IRQHandler</a> from startup_nuc472_442.o(.text) referenced from startup_nuc472_442.o(RESET)
 <LI><a href="#[d]">SRAMF_IRQHandler</a> from startup_nuc472_442.o(.text) referenced from startup_nuc472_442.o(RESET)
 <LI><a href="#[e]">CLKF_IRQHandler</a> from startup_nuc472_442.o(.text) referenced from startup_nuc472_442.o(RESET)
 <LI><a href="#[f]">Default_Handler</a> from startup_nuc472_442.o(.text) referenced 46 times from startup_nuc472_442.o(RESET)
 <LI><a href="#[10]">RTC_IRQHandler</a> from startup_nuc472_442.o(.text) referenced from startup_nuc472_442.o(RESET)
 <LI><a href="#[11]">TAMPER_IRQHandler</a> from startup_nuc472_442.o(.text) referenced from startup_nuc472_442.o(RESET)
 <LI><a href="#[12]">EINT0_IRQHandler</a> from startup_nuc472_442.o(.text) referenced from startup_nuc472_442.o(RESET)
 <LI><a href="#[13]">EINT1_IRQHandler</a> from startup_nuc472_442.o(.text) referenced from startup_nuc472_442.o(RESET)
 <LI><a href="#[14]">EINT2_IRQHandler</a> from startup_nuc472_442.o(.text) referenced from startup_nuc472_442.o(RESET)
 <LI><a href="#[15]">EINT3_IRQHandler</a> from startup_nuc472_442.o(.text) referenced from startup_nuc472_442.o(RESET)
 <LI><a href="#[16]">EINT4_IRQHandler</a> from startup_nuc472_442.o(.text) referenced from startup_nuc472_442.o(RESET)
 <LI><a href="#[17]">EINT5_IRQHandler</a> from startup_nuc472_442.o(.text) referenced from startup_nuc472_442.o(RESET)
 <LI><a href="#[18]">EINT6_IRQHandler</a> from startup_nuc472_442.o(.text) referenced from startup_nuc472_442.o(RESET)
 <LI><a href="#[19]">EINT7_IRQHandler</a> from startup_nuc472_442.o(.text) referenced from startup_nuc472_442.o(RESET)
 <LI><a href="#[1a]">GPA_IRQHandler</a> from startup_nuc472_442.o(.text) referenced from startup_nuc472_442.o(RESET)
 <LI><a href="#[1b]">GPB_IRQHandler</a> from startup_nuc472_442.o(.text) referenced from startup_nuc472_442.o(RESET)
 <LI><a href="#[1c]">GPC_IRQHandler</a> from startup_nuc472_442.o(.text) referenced from startup_nuc472_442.o(RESET)
 <LI><a href="#[1d]">GPD_IRQHandler</a> from startup_nuc472_442.o(.text) referenced from startup_nuc472_442.o(RESET)
 <LI><a href="#[1e]">GPE_IRQHandler</a> from startup_nuc472_442.o(.text) referenced from startup_nuc472_442.o(RESET)
 <LI><a href="#[1f]">GPF_IRQHandler</a> from startup_nuc472_442.o(.text) referenced from startup_nuc472_442.o(RESET)
 <LI><a href="#[20]">GPG_IRQHandler</a> from startup_nuc472_442.o(.text) referenced from startup_nuc472_442.o(RESET)
 <LI><a href="#[21]">GPH_IRQHandler</a> from startup_nuc472_442.o(.text) referenced from startup_nuc472_442.o(RESET)
 <LI><a href="#[22]">GPI_IRQHandler</a> from startup_nuc472_442.o(.text) referenced from startup_nuc472_442.o(RESET)
 <LI><a href="#[23]">TMR0_IRQHandler</a> from startup_nuc472_442.o(.text) referenced from startup_nuc472_442.o(RESET)
 <LI><a href="#[24]">TMR1_IRQHandler</a> from startup_nuc472_442.o(.text) referenced from startup_nuc472_442.o(RESET)
 <LI><a href="#[25]">TMR2_IRQHandler</a> from startup_nuc472_442.o(.text) referenced from startup_nuc472_442.o(RESET)
 <LI><a href="#[26]">TMR3_IRQHandler</a> from startup_nuc472_442.o(.text) referenced from startup_nuc472_442.o(RESET)
 <LI><a href="#[27]">PDMA_IRQHandler</a> from startup_nuc472_442.o(.text) referenced from startup_nuc472_442.o(RESET)
 <LI><a href="#[28]">ADC_IRQHandler</a> from startup_nuc472_442.o(.text) referenced from startup_nuc472_442.o(RESET)
 <LI><a href="#[29]">WDT_IRQHandler</a> from startup_nuc472_442.o(.text) referenced from startup_nuc472_442.o(RESET)
 <LI><a href="#[2a]">WWDT_IRQHandler</a> from startup_nuc472_442.o(.text) referenced from startup_nuc472_442.o(RESET)
 <LI><a href="#[2b]">EADC0_IRQHandler</a> from startup_nuc472_442.o(.text) referenced from startup_nuc472_442.o(RESET)
 <LI><a href="#[2c]">EADC1_IRQHandler</a> from startup_nuc472_442.o(.text) referenced from startup_nuc472_442.o(RESET)
 <LI><a href="#[2d]">EADC2_IRQHandler</a> from startup_nuc472_442.o(.text) referenced from startup_nuc472_442.o(RESET)
 <LI><a href="#[2e]">EADC3_IRQHandler</a> from startup_nuc472_442.o(.text) referenced from startup_nuc472_442.o(RESET)
 <LI><a href="#[2f]">ACMP_IRQHandler</a> from startup_nuc472_442.o(.text) referenced from startup_nuc472_442.o(RESET)
 <LI><a href="#[30]">OPA0_IRQHandler</a> from startup_nuc472_442.o(.text) referenced from startup_nuc472_442.o(RESET)
 <LI><a href="#[31]">OPA1_IRQHandler</a> from startup_nuc472_442.o(.text) referenced from startup_nuc472_442.o(RESET)
 <LI><a href="#[32]">ICAP0_IRQHandler</a> from startup_nuc472_442.o(.text) referenced from startup_nuc472_442.o(RESET)
 <LI><a href="#[33]">ICAP1_IRQHandler</a> from startup_nuc472_442.o(.text) referenced from startup_nuc472_442.o(RESET)
 <LI><a href="#[34]">PWM0CH0_IRQHandler</a> from startup_nuc472_442.o(.text) referenced from startup_nuc472_442.o(RESET)
 <LI><a href="#[35]">PWM0CH1_IRQHandler</a> from startup_nuc472_442.o(.text) referenced from startup_nuc472_442.o(RESET)
 <LI><a href="#[36]">PWM0CH2_IRQHandler</a> from startup_nuc472_442.o(.text) referenced from startup_nuc472_442.o(RESET)
 <LI><a href="#[37]">PWM0CH3_IRQHandler</a> from startup_nuc472_442.o(.text) referenced from startup_nuc472_442.o(RESET)
 <LI><a href="#[38]">PWM0CH4_IRQHandler</a> from startup_nuc472_442.o(.text) referenced from startup_nuc472_442.o(RESET)
 <LI><a href="#[39]">PWM0CH5_IRQHandler</a> from startup_nuc472_442.o(.text) referenced from startup_nuc472_442.o(RESET)
 <LI><a href="#[3a]">PWM0_BRK_IRQHandler</a> from startup_nuc472_442.o(.text) referenced from startup_nuc472_442.o(RESET)
 <LI><a href="#[3b]">QEI0_IRQHandler</a> from startup_nuc472_442.o(.text) referenced from startup_nuc472_442.o(RESET)
 <LI><a href="#[3c]">PWM1CH0_IRQHandler</a> from startup_nuc472_442.o(.text) referenced from startup_nuc472_442.o(RESET)
 <LI><a href="#[3d]">PWM1CH1_IRQHandler</a> from startup_nuc472_442.o(.text) referenced from startup_nuc472_442.o(RESET)
 <LI><a href="#[3e]">PWM1CH2_IRQHandler</a> from startup_nuc472_442.o(.text) referenced from startup_nuc472_442.o(RESET)
 <LI><a href="#[3f]">PWM1CH3_IRQHandler</a> from startup_nuc472_442.o(.text) referenced from startup_nuc472_442.o(RESET)
 <LI><a href="#[40]">PWM1CH4_IRQHandler</a> from startup_nuc472_442.o(.text) referenced from startup_nuc472_442.o(RESET)
 <LI><a href="#[41]">PWM1CH5_IRQHandler</a> from startup_nuc472_442.o(.text) referenced from startup_nuc472_442.o(RESET)
 <LI><a href="#[42]">PWM1_BRK_IRQHandler</a> from startup_nuc472_442.o(.text) referenced from startup_nuc472_442.o(RESET)
 <LI><a href="#[43]">QEI1_IRQHandler</a> from startup_nuc472_442.o(.text) referenced from startup_nuc472_442.o(RESET)
 <LI><a href="#[44]">EPWM0_IRQHandler</a> from startup_nuc472_442.o(.text) referenced from startup_nuc472_442.o(RESET)
 <LI><a href="#[45]">EPWM0BRK_IRQHandler</a> from startup_nuc472_442.o(.text) referenced from startup_nuc472_442.o(RESET)
 <LI><a href="#[46]">EPWM1_IRQHandler</a> from startup_nuc472_442.o(.text) referenced from startup_nuc472_442.o(RESET)
 <LI><a href="#[47]">EPWM1BRK_IRQHandler</a> from startup_nuc472_442.o(.text) referenced from startup_nuc472_442.o(RESET)
 <LI><a href="#[48]">USBD_IRQHandler</a> from startup_nuc472_442.o(.text) referenced from startup_nuc472_442.o(RESET)
 <LI><a href="#[49]">USBH_IRQHandler</a> from startup_nuc472_442.o(.text) referenced from startup_nuc472_442.o(RESET)
 <LI><a href="#[4a]">USB_OTG_IRQHandler</a> from startup_nuc472_442.o(.text) referenced from startup_nuc472_442.o(RESET)
 <LI><a href="#[4b]">EMAC_TX_IRQHandler</a> from nuc472_eth.o(.text) referenced from startup_nuc472_442.o(RESET)
 <LI><a href="#[4c]">EMAC_RX_IRQHandler</a> from nuc472_eth.o(.text) referenced from startup_nuc472_442.o(RESET)
 <LI><a href="#[4d]">SPI0_IRQHandler</a> from startup_nuc472_442.o(.text) referenced from startup_nuc472_442.o(RESET)
 <LI><a href="#[4e]">SPI1_IRQHandler</a> from startup_nuc472_442.o(.text) referenced from startup_nuc472_442.o(RESET)
 <LI><a href="#[4f]">SPI2_IRQHandler</a> from startup_nuc472_442.o(.text) referenced from startup_nuc472_442.o(RESET)
 <LI><a href="#[50]">SPI3_IRQHandler</a> from startup_nuc472_442.o(.text) referenced from startup_nuc472_442.o(RESET)
 <LI><a href="#[51]">UART0_IRQHandler</a> from main.o(.text) referenced from startup_nuc472_442.o(RESET)
 <LI><a href="#[52]">UART1_IRQHandler</a> from startup_nuc472_442.o(.text) referenced from startup_nuc472_442.o(RESET)
 <LI><a href="#[53]">UART2_IRQHandler</a> from startup_nuc472_442.o(.text) referenced from startup_nuc472_442.o(RESET)
 <LI><a href="#[54]">UART3_IRQHandler</a> from startup_nuc472_442.o(.text) referenced from startup_nuc472_442.o(RESET)
 <LI><a href="#[55]">UART4_IRQHandler</a> from startup_nuc472_442.o(.text) referenced from startup_nuc472_442.o(RESET)
 <LI><a href="#[56]">UART5_IRQHandler</a> from startup_nuc472_442.o(.text) referenced from startup_nuc472_442.o(RESET)
 <LI><a href="#[57]">I2C0_IRQHandler</a> from startup_nuc472_442.o(.text) referenced from startup_nuc472_442.o(RESET)
 <LI><a href="#[58]">I2C1_IRQHandler</a> from startup_nuc472_442.o(.text) referenced from startup_nuc472_442.o(RESET)
 <LI><a href="#[59]">I2C2_IRQHandler</a> from startup_nuc472_442.o(.text) referenced from startup_nuc472_442.o(RESET)
 <LI><a href="#[5a]">I2C3_IRQHandler</a> from startup_nuc472_442.o(.text) referenced from startup_nuc472_442.o(RESET)
 <LI><a href="#[5b]">I2C4_IRQHandler</a> from startup_nuc472_442.o(.text) referenced from startup_nuc472_442.o(RESET)
 <LI><a href="#[5c]">SC0_IRQHandler</a> from startup_nuc472_442.o(.text) referenced from startup_nuc472_442.o(RESET)
 <LI><a href="#[5d]">SC1_IRQHandler</a> from startup_nuc472_442.o(.text) referenced from startup_nuc472_442.o(RESET)
 <LI><a href="#[5e]">SC2_IRQHandler</a> from startup_nuc472_442.o(.text) referenced from startup_nuc472_442.o(RESET)
 <LI><a href="#[5f]">SC3_IRQHandler</a> from startup_nuc472_442.o(.text) referenced from startup_nuc472_442.o(RESET)
 <LI><a href="#[60]">SC4_IRQHandler</a> from startup_nuc472_442.o(.text) referenced from startup_nuc472_442.o(RESET)
 <LI><a href="#[61]">SC5_IRQHandler</a> from startup_nuc472_442.o(.text) referenced from startup_nuc472_442.o(RESET)
 <LI><a href="#[62]">CAN0_IRQHandler</a> from startup_nuc472_442.o(.text) referenced from startup_nuc472_442.o(RESET)
 <LI><a href="#[63]">CAN1_IRQHandler</a> from startup_nuc472_442.o(.text) referenced from startup_nuc472_442.o(RESET)
 <LI><a href="#[64]">I2S0_IRQHandler</a> from startup_nuc472_442.o(.text) referenced from startup_nuc472_442.o(RESET)
 <LI><a href="#[65]">I2S1_IRQHandler</a> from startup_nuc472_442.o(.text) referenced from startup_nuc472_442.o(RESET)
 <LI><a href="#[66]">SD_IRQHandler</a> from startup_nuc472_442.o(.text) referenced from startup_nuc472_442.o(RESET)
 <LI><a href="#[67]">PS2D_IRQHandler</a> from startup_nuc472_442.o(.text) referenced from startup_nuc472_442.o(RESET)
 <LI><a href="#[68]">CAP_IRQHandler</a> from startup_nuc472_442.o(.text) referenced from startup_nuc472_442.o(RESET)
 <LI><a href="#[69]">CRYPTO_IRQHandler</a> from startup_nuc472_442.o(.text) referenced from startup_nuc472_442.o(RESET)
 <LI><a href="#[6a]">CRC_IRQHandler</a> from startup_nuc472_442.o(.text) referenced from startup_nuc472_442.o(RESET)
 <LI><a href="#[6b]">main</a> from main.o(.text) referenced from entry7.o(.ARM.Collect$$$$00000007)
 <LI><a href="#[6c]">Hard_Fault_Handler</a> from retarget.o(.text) referenced from retarget.o(.emb_text)
 <LI><a href="#[6d]">SystemInit</a> from system_nuc472_442.o(.text) referenced from startup_nuc472_442.o(.text)
 <LI><a href="#[6e]">__main</a> from entry.o(.ARM.Collect$$$$00000000) referenced from startup_nuc472_442.o(.text)
 <LI><a href="#[6f]">ethernet_input</a> from etharp.o(.text) referenced from main.o(.text)
 <LI><a href="#[70]">ethernetif_init</a> from ethernetif.o(.text) referenced from main.o(.text)
 <LI><a href="#[71]">dhcp_recv</a> from dhcp.o(.text) referenced from dhcp.o(.text)
 <LI><a href="#[72]">dns_recv</a> from dns.o(.text) referenced from dns.o(.text)
 <LI><a href="#[73]">tcp_accept_null</a> from tcp.o(.text) referenced from tcp.o(.text)
 <LI><a href="#[74]">etharp_output</a> from etharp.o(.text) referenced from ethernetif.o(.text)
 <LI><a href="#[75]">low_level_output</a> from ethernetif.o(.text) referenced from ethernetif.o(.text)
 <LI><a href="#[76]">fputc</a> from retarget.o(.text) referenced from printf5.o(i.__0printf$5)
 <LI><a href="#[107]">tcp_recv_null</a> from tcp.o(.text) referenced from tcp.o(.text)
</UL>
<P>
<H3>
Global Symbols
</H3>
<P><STRONG><a name="[6e]"></a>__main</STRONG> (Thumb, 0 bytes, Stack size unknown bytes, entry.o(.ARM.Collect$$$$00000000))
<BR>[Address Reference Count : 1]<UL><LI> startup_nuc472_442.o(.text)
</UL>
<P><STRONG><a name="[162]"></a>_main_stk</STRONG> (Thumb, 0 bytes, Stack size unknown bytes, entry2.o(.ARM.Collect$$$$00000001))

<P><STRONG><a name="[80]"></a>_main_scatterload</STRONG> (Thumb, 0 bytes, Stack size unknown bytes, entry5.o(.ARM.Collect$$$$00000004))
<BR><BR>[Calls]<UL><LI><a href="#[81]">&gt;&gt;</a>&nbsp;&nbsp;&nbsp;__scatterload
</UL>

<P><STRONG><a name="[15f]"></a>__main_after_scatterload</STRONG> (Thumb, 0 bytes, Stack size unknown bytes, entry5.o(.ARM.Collect$$$$00000004))
<BR><BR>[Called By]<UL><LI><a href="#[81]">&gt;&gt;</a>&nbsp;&nbsp;&nbsp;__scatterload
</UL>

<P><STRONG><a name="[163]"></a>_main_init</STRONG> (Thumb, 0 bytes, Stack size unknown bytes, entry7.o(.ARM.Collect$$$$00000007))

<P><STRONG><a name="[2]"></a>HardFault_Handler</STRONG> (Thumb, 24 bytes, Stack size 0 bytes, retarget.o(.emb_text))
<BR>[Address Reference Count : 1]<UL><LI> startup_nuc472_442.o(RESET)
</UL>
<P><STRONG><a name="[82]"></a>SystemCoreClockUpdate</STRONG> (Thumb, 64 bytes, Stack size 8 bytes, system_nuc472_442.o(.text))
<BR><BR>[Stack]<UL><LI>Max Depth = 8<LI>Call Chain = SystemCoreClockUpdate
</UL>
<BR>[Calls]<UL><LI><a href="#[83]">&gt;&gt;</a>&nbsp;&nbsp;&nbsp;CLK_GetPLLClockFreq
</UL>
<BR>[Called By]<UL><LI><a href="#[9e]">&gt;&gt;</a>&nbsp;&nbsp;&nbsp;CLK_SetCoreClock
<LI><a href="#[9d]">&gt;&gt;</a>&nbsp;&nbsp;&nbsp;CLK_GetCPUFreq
<LI><a href="#[9c]">&gt;&gt;</a>&nbsp;&nbsp;&nbsp;CLK_GetHCLKFreq
<LI><a href="#[9b]">&gt;&gt;</a>&nbsp;&nbsp;&nbsp;CLK_GetPCLKFreq
<LI><a href="#[91]">&gt;&gt;</a>&nbsp;&nbsp;&nbsp;CLK_SetHCLK
<LI><a href="#[8d]">&gt;&gt;</a>&nbsp;&nbsp;&nbsp;SYS_Init
</UL>

<P><STRONG><a name="[6d]"></a>SystemInit</STRONG> (Thumb, 166 bytes, Stack size 8 bytes, system_nuc472_442.o(.text))
<BR><BR>[Stack]<UL><LI>Max Depth = 8<LI>Call Chain = SystemInit
</UL>
<BR>[Calls]<UL><LI><a href="#[84]">&gt;&gt;</a>&nbsp;&nbsp;&nbsp;CLK_WaitClockReady
</UL>
<BR>[Address Reference Count : 1]<UL><LI> startup_nuc472_442.o(.text)
</UL>
<P><STRONG><a name="[0]"></a>Reset_Handler</STRONG> (Thumb, 40 bytes, Stack size 0 bytes, startup_nuc472_442.o(.text))
<BR>[Address Reference Count : 1]<UL><LI> startup_nuc472_442.o(RESET)
</UL>
<P><STRONG><a name="[1]"></a>NMI_Handler</STRONG> (Thumb, 2 bytes, Stack size 0 bytes, startup_nuc472_442.o(.text))
<BR><BR>[Calls]<UL><LI><a href="#[1]">&gt;&gt;</a>&nbsp;&nbsp;&nbsp;NMI_Handler
</UL>
<BR>[Called By]<UL><LI><a href="#[1]">&gt;&gt;</a>&nbsp;&nbsp;&nbsp;NMI_Handler
</UL>
<BR>[Address Reference Count : 1]<UL><LI> startup_nuc472_442.o(RESET)
</UL>
<P><STRONG><a name="[3]"></a>MemManage_Handler</STRONG> (Thumb, 2 bytes, Stack size 0 bytes, startup_nuc472_442.o(.text))
<BR><BR>[Calls]<UL><LI><a href="#[3]">&gt;&gt;</a>&nbsp;&nbsp;&nbsp;MemManage_Handler
</UL>
<BR>[Called By]<UL><LI><a href="#[3]">&gt;&gt;</a>&nbsp;&nbsp;&nbsp;MemManage_Handler
</UL>
<BR>[Address Reference Count : 1]<UL><LI> startup_nuc472_442.o(RESET)
</UL>
<P><STRONG><a name="[4]"></a>BusFault_Handler</STRONG> (Thumb, 2 bytes, Stack size 0 bytes, startup_nuc472_442.o(.text))
<BR><BR>[Calls]<UL><LI><a href="#[4]">&gt;&gt;</a>&nbsp;&nbsp;&nbsp;BusFault_Handler
</UL>
<BR>[Called By]<UL><LI><a href="#[4]">&gt;&gt;</a>&nbsp;&nbsp;&nbsp;BusFault_Handler
</UL>
<BR>[Address Reference Count : 1]<UL><LI> startup_nuc472_442.o(RESET)
</UL>
<P><STRONG><a name="[5]"></a>UsageFault_Handler</STRONG> (Thumb, 2 bytes, Stack size 0 bytes, startup_nuc472_442.o(.text))
<BR><BR>[Calls]<UL><LI><a href="#[5]">&gt;&gt;</a>&nbsp;&nbsp;&nbsp;UsageFault_Handler
</UL>
<BR>[Called By]<UL><LI><a href="#[5]">&gt;&gt;</a>&nbsp;&nbsp;&nbsp;UsageFault_Handler
</UL>
<BR>[Address Reference Count : 1]<UL><LI> startup_nuc472_442.o(RESET)
</UL>
<P><STRONG><a name="[6]"></a>SVC_Handler</STRONG> (Thumb, 2 bytes, Stack size 0 bytes, startup_nuc472_442.o(.text))
<BR><BR>[Calls]<UL><LI><a href="#[6]">&gt;&gt;</a>&nbsp;&nbsp;&nbsp;SVC_Handler
</UL>
<BR>[Called By]<UL><LI><a href="#[6]">&gt;&gt;</a>&nbsp;&nbsp;&nbsp;SVC_Handler
</UL>
<BR>[Address Reference Count : 1]<UL><LI> startup_nuc472_442.o(RESET)
</UL>
<P><STRONG><a name="[7]"></a>DebugMon_Handler</STRONG> (Thumb, 2 bytes, Stack size 0 bytes, startup_nuc472_442.o(.text))
<BR><BR>[Calls]<UL><LI><a href="#[7]">&gt;&gt;</a>&nbsp;&nbsp;&nbsp;DebugMon_Handler
</UL>
<BR>[Called By]<UL><LI><a href="#[7]">&gt;&gt;</a>&nbsp;&nbsp;&nbsp;DebugMon_Handler
</UL>
<BR>[Address Reference Count : 1]<UL><LI> startup_nuc472_442.o(RESET)
</UL>
<P><STRONG><a name="[8]"></a>PendSV_Handler</STRONG> (Thumb, 2 bytes, Stack size 0 bytes, startup_nuc472_442.o(.text))
<BR><BR>[Calls]<UL><LI><a href="#[8]">&gt;&gt;</a>&nbsp;&nbsp;&nbsp;PendSV_Handler
</UL>
<BR>[Called By]<UL><LI><a href="#[8]">&gt;&gt;</a>&nbsp;&nbsp;&nbsp;PendSV_Handler
</UL>
<BR>[Address Reference Count : 1]<UL><LI> startup_nuc472_442.o(RESET)
</UL>
<P><STRONG><a name="[2f]"></a>ACMP_IRQHandler</STRONG> (Thumb, 0 bytes, Stack size 0 bytes, startup_nuc472_442.o(.text))
<BR>[Address Reference Count : 1]<UL><LI> startup_nuc472_442.o(RESET)
</UL>
<P><STRONG><a name="[28]"></a>ADC_IRQHandler</STRONG> (Thumb, 0 bytes, Stack size 0 bytes, startup_nuc472_442.o(.text))
<BR>[Address Reference Count : 1]<UL><LI> startup_nuc472_442.o(RESET)
</UL>
<P><STRONG><a name="[a]"></a>BOD_IRQHandler</STRONG> (Thumb, 0 bytes, Stack size 0 bytes, startup_nuc472_442.o(.text))
<BR>[Address Reference Count : 1]<UL><LI> startup_nuc472_442.o(RESET)
</UL>
<P><STRONG><a name="[62]"></a>CAN0_IRQHandler</STRONG> (Thumb, 0 bytes, Stack size 0 bytes, startup_nuc472_442.o(.text))
<BR>[Address Reference Count : 1]<UL><LI> startup_nuc472_442.o(RESET)
</UL>
<P><STRONG><a name="[63]"></a>CAN1_IRQHandler</STRONG> (Thumb, 0 bytes, Stack size 0 bytes, startup_nuc472_442.o(.text))
<BR>[Address Reference Count : 1]<UL><LI> startup_nuc472_442.o(RESET)
</UL>
<P><STRONG><a name="[68]"></a>CAP_IRQHandler</STRONG> (Thumb, 0 bytes, Stack size 0 bytes, startup_nuc472_442.o(.text))
<BR>[Address Reference Count : 1]<UL><LI> startup_nuc472_442.o(RESET)
</UL>
<P><STRONG><a name="[e]"></a>CLKF_IRQHandler</STRONG> (Thumb, 0 bytes, Stack size 0 bytes, startup_nuc472_442.o(.text))
<BR>[Address Reference Count : 1]<UL><LI> startup_nuc472_442.o(RESET)
</UL>
<P><STRONG><a name="[6a]"></a>CRC_IRQHandler</STRONG> (Thumb, 0 bytes, Stack size 0 bytes, startup_nuc472_442.o(.text))
<BR>[Address Reference Count : 1]<UL><LI> startup_nuc472_442.o(RESET)
</UL>
<P><STRONG><a name="[69]"></a>CRYPTO_IRQHandler</STRONG> (Thumb, 0 bytes, Stack size 0 bytes, startup_nuc472_442.o(.text))
<BR>[Address Reference Count : 1]<UL><LI> startup_nuc472_442.o(RESET)
</UL>
<P><STRONG><a name="[2b]"></a>EADC0_IRQHandler</STRONG> (Thumb, 0 bytes, Stack size 0 bytes, startup_nuc472_442.o(.text))
<BR>[Address Reference Count : 1]<UL><LI> startup_nuc472_442.o(RESET)
</UL>
<P><STRONG><a name="[2c]"></a>EADC1_IRQHandler</STRONG> (Thumb, 0 bytes, Stack size 0 bytes, startup_nuc472_442.o(.text))
<BR>[Address Reference Count : 1]<UL><LI> startup_nuc472_442.o(RESET)
</UL>
<P><STRONG><a name="[2d]"></a>EADC2_IRQHandler</STRONG> (Thumb, 0 bytes, Stack size 0 bytes, startup_nuc472_442.o(.text))
<BR>[Address Reference Count : 1]<UL><LI> startup_nuc472_442.o(RESET)
</UL>
<P><STRONG><a name="[2e]"></a>EADC3_IRQHandler</STRONG> (Thumb, 0 bytes, Stack size 0 bytes, startup_nuc472_442.o(.text))
<BR>[Address Reference Count : 1]<UL><LI> startup_nuc472_442.o(RESET)
</UL>
<P><STRONG><a name="[12]"></a>EINT0_IRQHandler</STRONG> (Thumb, 0 bytes, Stack size 0 bytes, startup_nuc472_442.o(.text))
<BR>[Address Reference Count : 1]<UL><LI> startup_nuc472_442.o(RESET)
</UL>
<P><STRONG><a name="[13]"></a>EINT1_IRQHandler</STRONG> (Thumb, 0 bytes, Stack size 0 bytes, startup_nuc472_442.o(.text))
<BR>[Address Reference Count : 1]<UL><LI> startup_nuc472_442.o(RESET)
</UL>
<P><STRONG><a name="[14]"></a>EINT2_IRQHandler</STRONG> (Thumb, 0 bytes, Stack size 0 bytes, startup_nuc472_442.o(.text))
<BR>[Address Reference Count : 1]<UL><LI> startup_nuc472_442.o(RESET)
</UL>
<P><STRONG><a name="[15]"></a>EINT3_IRQHandler</STRONG> (Thumb, 0 bytes, Stack size 0 bytes, startup_nuc472_442.o(.text))
<BR>[Address Reference Count : 1]<UL><LI> startup_nuc472_442.o(RESET)
</UL>
<P><STRONG><a name="[16]"></a>EINT4_IRQHandler</STRONG> (Thumb, 0 bytes, Stack size 0 bytes, startup_nuc472_442.o(.text))
<BR>[Address Reference Count : 1]<UL><LI> startup_nuc472_442.o(RESET)
</UL>
<P><STRONG><a name="[17]"></a>EINT5_IRQHandler</STRONG> (Thumb, 0 bytes, Stack size 0 bytes, startup_nuc472_442.o(.text))
<BR>[Address Reference Count : 1]<UL><LI> startup_nuc472_442.o(RESET)
</UL>
<P><STRONG><a name="[18]"></a>EINT6_IRQHandler</STRONG> (Thumb, 0 bytes, Stack size 0 bytes, startup_nuc472_442.o(.text))
<BR>[Address Reference Count : 1]<UL><LI> startup_nuc472_442.o(RESET)
</UL>
<P><STRONG><a name="[19]"></a>EINT7_IRQHandler</STRONG> (Thumb, 0 bytes, Stack size 0 bytes, startup_nuc472_442.o(.text))
<BR>[Address Reference Count : 1]<UL><LI> startup_nuc472_442.o(RESET)
</UL>
<P><STRONG><a name="[45]"></a>EPWM0BRK_IRQHandler</STRONG> (Thumb, 0 bytes, Stack size 0 bytes, startup_nuc472_442.o(.text))
<BR>[Address Reference Count : 1]<UL><LI> startup_nuc472_442.o(RESET)
</UL>
<P><STRONG><a name="[44]"></a>EPWM0_IRQHandler</STRONG> (Thumb, 0 bytes, Stack size 0 bytes, startup_nuc472_442.o(.text))
<BR>[Address Reference Count : 1]<UL><LI> startup_nuc472_442.o(RESET)
</UL>
<P><STRONG><a name="[47]"></a>EPWM1BRK_IRQHandler</STRONG> (Thumb, 0 bytes, Stack size 0 bytes, startup_nuc472_442.o(.text))
<BR>[Address Reference Count : 1]<UL><LI> startup_nuc472_442.o(RESET)
</UL>
<P><STRONG><a name="[46]"></a>EPWM1_IRQHandler</STRONG> (Thumb, 0 bytes, Stack size 0 bytes, startup_nuc472_442.o(.text))
<BR>[Address Reference Count : 1]<UL><LI> startup_nuc472_442.o(RESET)
</UL>
<P><STRONG><a name="[1a]"></a>GPA_IRQHandler</STRONG> (Thumb, 0 bytes, Stack size 0 bytes, startup_nuc472_442.o(.text))
<BR>[Address Reference Count : 1]<UL><LI> startup_nuc472_442.o(RESET)
</UL>
<P><STRONG><a name="[1b]"></a>GPB_IRQHandler</STRONG> (Thumb, 0 bytes, Stack size 0 bytes, startup_nuc472_442.o(.text))
<BR>[Address Reference Count : 1]<UL><LI> startup_nuc472_442.o(RESET)
</UL>
<P><STRONG><a name="[1c]"></a>GPC_IRQHandler</STRONG> (Thumb, 0 bytes, Stack size 0 bytes, startup_nuc472_442.o(.text))
<BR>[Address Reference Count : 1]<UL><LI> startup_nuc472_442.o(RESET)
</UL>
<P><STRONG><a name="[1d]"></a>GPD_IRQHandler</STRONG> (Thumb, 0 bytes, Stack size 0 bytes, startup_nuc472_442.o(.text))
<BR>[Address Reference Count : 1]<UL><LI> startup_nuc472_442.o(RESET)
</UL>
<P><STRONG><a name="[1e]"></a>GPE_IRQHandler</STRONG> (Thumb, 0 bytes, Stack size 0 bytes, startup_nuc472_442.o(.text))
<BR>[Address Reference Count : 1]<UL><LI> startup_nuc472_442.o(RESET)
</UL>
<P><STRONG><a name="[1f]"></a>GPF_IRQHandler</STRONG> (Thumb, 0 bytes, Stack size 0 bytes, startup_nuc472_442.o(.text))
<BR>[Address Reference Count : 1]<UL><LI> startup_nuc472_442.o(RESET)
</UL>
<P><STRONG><a name="[20]"></a>GPG_IRQHandler</STRONG> (Thumb, 0 bytes, Stack size 0 bytes, startup_nuc472_442.o(.text))
<BR>[Address Reference Count : 1]<UL><LI> startup_nuc472_442.o(RESET)
</UL>
<P><STRONG><a name="[21]"></a>GPH_IRQHandler</STRONG> (Thumb, 0 bytes, Stack size 0 bytes, startup_nuc472_442.o(.text))
<BR>[Address Reference Count : 1]<UL><LI> startup_nuc472_442.o(RESET)
</UL>
<P><STRONG><a name="[22]"></a>GPI_IRQHandler</STRONG> (Thumb, 0 bytes, Stack size 0 bytes, startup_nuc472_442.o(.text))
<BR>[Address Reference Count : 1]<UL><LI> startup_nuc472_442.o(RESET)
</UL>
<P><STRONG><a name="[57]"></a>I2C0_IRQHandler</STRONG> (Thumb, 0 bytes, Stack size 0 bytes, startup_nuc472_442.o(.text))
<BR>[Address Reference Count : 1]<UL><LI> startup_nuc472_442.o(RESET)
</UL>
<P><STRONG><a name="[58]"></a>I2C1_IRQHandler</STRONG> (Thumb, 0 bytes, Stack size 0 bytes, startup_nuc472_442.o(.text))
<BR>[Address Reference Count : 1]<UL><LI> startup_nuc472_442.o(RESET)
</UL>
<P><STRONG><a name="[59]"></a>I2C2_IRQHandler</STRONG> (Thumb, 0 bytes, Stack size 0 bytes, startup_nuc472_442.o(.text))
<BR>[Address Reference Count : 1]<UL><LI> startup_nuc472_442.o(RESET)
</UL>
<P><STRONG><a name="[5a]"></a>I2C3_IRQHandler</STRONG> (Thumb, 0 bytes, Stack size 0 bytes, startup_nuc472_442.o(.text))
<BR>[Address Reference Count : 1]<UL><LI> startup_nuc472_442.o(RESET)
</UL>
<P><STRONG><a name="[5b]"></a>I2C4_IRQHandler</STRONG> (Thumb, 0 bytes, Stack size 0 bytes, startup_nuc472_442.o(.text))
<BR>[Address Reference Count : 1]<UL><LI> startup_nuc472_442.o(RESET)
</UL>
<P><STRONG><a name="[64]"></a>I2S0_IRQHandler</STRONG> (Thumb, 0 bytes, Stack size 0 bytes, startup_nuc472_442.o(.text))
<BR>[Address Reference Count : 1]<UL><LI> startup_nuc472_442.o(RESET)
</UL>
<P><STRONG><a name="[65]"></a>I2S1_IRQHandler</STRONG> (Thumb, 0 bytes, Stack size 0 bytes, startup_nuc472_442.o(.text))
<BR>[Address Reference Count : 1]<UL><LI> startup_nuc472_442.o(RESET)
</UL>
<P><STRONG><a name="[32]"></a>ICAP0_IRQHandler</STRONG> (Thumb, 0 bytes, Stack size 0 bytes, startup_nuc472_442.o(.text))
<BR>[Address Reference Count : 1]<UL><LI> startup_nuc472_442.o(RESET)
</UL>
<P><STRONG><a name="[33]"></a>ICAP1_IRQHandler</STRONG> (Thumb, 0 bytes, Stack size 0 bytes, startup_nuc472_442.o(.text))
<BR>[Address Reference Count : 1]<UL><LI> startup_nuc472_442.o(RESET)
</UL>
<P><STRONG><a name="[b]"></a>IRC_IRQHandler</STRONG> (Thumb, 0 bytes, Stack size 0 bytes, startup_nuc472_442.o(.text))
<BR>[Address Reference Count : 1]<UL><LI> startup_nuc472_442.o(RESET)
</UL>
<P><STRONG><a name="[30]"></a>OPA0_IRQHandler</STRONG> (Thumb, 0 bytes, Stack size 0 bytes, startup_nuc472_442.o(.text))
<BR>[Address Reference Count : 1]<UL><LI> startup_nuc472_442.o(RESET)
</UL>
<P><STRONG><a name="[31]"></a>OPA1_IRQHandler</STRONG> (Thumb, 0 bytes, Stack size 0 bytes, startup_nuc472_442.o(.text))
<BR>[Address Reference Count : 1]<UL><LI> startup_nuc472_442.o(RESET)
</UL>
<P><STRONG><a name="[27]"></a>PDMA_IRQHandler</STRONG> (Thumb, 0 bytes, Stack size 0 bytes, startup_nuc472_442.o(.text))
<BR>[Address Reference Count : 1]<UL><LI> startup_nuc472_442.o(RESET)
</UL>
<P><STRONG><a name="[67]"></a>PS2D_IRQHandler</STRONG> (Thumb, 0 bytes, Stack size 0 bytes, startup_nuc472_442.o(.text))
<BR>[Address Reference Count : 1]<UL><LI> startup_nuc472_442.o(RESET)
</UL>
<P><STRONG><a name="[34]"></a>PWM0CH0_IRQHandler</STRONG> (Thumb, 0 bytes, Stack size 0 bytes, startup_nuc472_442.o(.text))
<BR>[Address Reference Count : 1]<UL><LI> startup_nuc472_442.o(RESET)
</UL>
<P><STRONG><a name="[35]"></a>PWM0CH1_IRQHandler</STRONG> (Thumb, 0 bytes, Stack size 0 bytes, startup_nuc472_442.o(.text))
<BR>[Address Reference Count : 1]<UL><LI> startup_nuc472_442.o(RESET)
</UL>
<P><STRONG><a name="[36]"></a>PWM0CH2_IRQHandler</STRONG> (Thumb, 0 bytes, Stack size 0 bytes, startup_nuc472_442.o(.text))
<BR>[Address Reference Count : 1]<UL><LI> startup_nuc472_442.o(RESET)
</UL>
<P><STRONG><a name="[37]"></a>PWM0CH3_IRQHandler</STRONG> (Thumb, 0 bytes, Stack size 0 bytes, startup_nuc472_442.o(.text))
<BR>[Address Reference Count : 1]<UL><LI> startup_nuc472_442.o(RESET)
</UL>
<P><STRONG><a name="[38]"></a>PWM0CH4_IRQHandler</STRONG> (Thumb, 0 bytes, Stack size 0 bytes, startup_nuc472_442.o(.text))
<BR>[Address Reference Count : 1]<UL><LI> startup_nuc472_442.o(RESET)
</UL>
<P><STRONG><a name="[39]"></a>PWM0CH5_IRQHandler</STRONG> (Thumb, 0 bytes, Stack size 0 bytes, startup_nuc472_442.o(.text))
<BR>[Address Reference Count : 1]<UL><LI> startup_nuc472_442.o(RESET)
</UL>
<P><STRONG><a name="[3a]"></a>PWM0_BRK_IRQHandler</STRONG> (Thumb, 0 bytes, Stack size 0 bytes, startup_nuc472_442.o(.text))
<BR>[Address Reference Count : 1]<UL><LI> startup_nuc472_442.o(RESET)
</UL>
<P><STRONG><a name="[3c]"></a>PWM1CH0_IRQHandler</STRONG> (Thumb, 0 bytes, Stack size 0 bytes, startup_nuc472_442.o(.text))
<BR>[Address Reference Count : 1]<UL><LI> startup_nuc472_442.o(RESET)
</UL>
<P><STRONG><a name="[3d]"></a>PWM1CH1_IRQHandler</STRONG> (Thumb, 0 bytes, Stack size 0 bytes, startup_nuc472_442.o(.text))
<BR>[Address Reference Count : 1]<UL><LI> startup_nuc472_442.o(RESET)
</UL>
<P><STRONG><a name="[3e]"></a>PWM1CH2_IRQHandler</STRONG> (Thumb, 0 bytes, Stack size 0 bytes, startup_nuc472_442.o(.text))
<BR>[Address Reference Count : 1]<UL><LI> startup_nuc472_442.o(RESET)
</UL>
<P><STRONG><a name="[3f]"></a>PWM1CH3_IRQHandler</STRONG> (Thumb, 0 bytes, Stack size 0 bytes, startup_nuc472_442.o(.text))
<BR>[Address Reference Count : 1]<UL><LI> startup_nuc472_442.o(RESET)
</UL>
<P><STRONG><a name="[40]"></a>PWM1CH4_IRQHandler</STRONG> (Thumb, 0 bytes, Stack size 0 bytes, startup_nuc472_442.o(.text))
<BR>[Address Reference Count : 1]<UL><LI> startup_nuc472_442.o(RESET)
</UL>
<P><STRONG><a name="[41]"></a>PWM1CH5_IRQHandler</STRONG> (Thumb, 0 bytes, Stack size 0 bytes, startup_nuc472_442.o(.text))
<BR>[Address Reference Count : 1]<UL><LI> startup_nuc472_442.o(RESET)
</UL>
<P><STRONG><a name="[42]"></a>PWM1_BRK_IRQHandler</STRONG> (Thumb, 0 bytes, Stack size 0 bytes, startup_nuc472_442.o(.text))
<BR>[Address Reference Count : 1]<UL><LI> startup_nuc472_442.o(RESET)
</UL>
<P><STRONG><a name="[c]"></a>PWRWU_IRQHandler</STRONG> (Thumb, 0 bytes, Stack size 0 bytes, startup_nuc472_442.o(.text))
<BR>[Address Reference Count : 1]<UL><LI> startup_nuc472_442.o(RESET)
</UL>
<P><STRONG><a name="[3b]"></a>QEI0_IRQHandler</STRONG> (Thumb, 0 bytes, Stack size 0 bytes, startup_nuc472_442.o(.text))
<BR>[Address Reference Count : 1]<UL><LI> startup_nuc472_442.o(RESET)
</UL>
<P><STRONG><a name="[43]"></a>QEI1_IRQHandler</STRONG> (Thumb, 0 bytes, Stack size 0 bytes, startup_nuc472_442.o(.text))
<BR>[Address Reference Count : 1]<UL><LI> startup_nuc472_442.o(RESET)
</UL>
<P><STRONG><a name="[10]"></a>RTC_IRQHandler</STRONG> (Thumb, 0 bytes, Stack size 0 bytes, startup_nuc472_442.o(.text))
<BR>[Address Reference Count : 1]<UL><LI> startup_nuc472_442.o(RESET)
</UL>
<P><STRONG><a name="[5c]"></a>SC0_IRQHandler</STRONG> (Thumb, 0 bytes, Stack size 0 bytes, startup_nuc472_442.o(.text))
<BR>[Address Reference Count : 1]<UL><LI> startup_nuc472_442.o(RESET)
</UL>
<P><STRONG><a name="[5d]"></a>SC1_IRQHandler</STRONG> (Thumb, 0 bytes, Stack size 0 bytes, startup_nuc472_442.o(.text))
<BR>[Address Reference Count : 1]<UL><LI> startup_nuc472_442.o(RESET)
</UL>
<P><STRONG><a name="[5e]"></a>SC2_IRQHandler</STRONG> (Thumb, 0 bytes, Stack size 0 bytes, startup_nuc472_442.o(.text))
<BR>[Address Reference Count : 1]<UL><LI> startup_nuc472_442.o(RESET)
</UL>
<P><STRONG><a name="[5f]"></a>SC3_IRQHandler</STRONG> (Thumb, 0 bytes, Stack size 0 bytes, startup_nuc472_442.o(.text))
<BR>[Address Reference Count : 1]<UL><LI> startup_nuc472_442.o(RESET)
</UL>
<P><STRONG><a name="[60]"></a>SC4_IRQHandler</STRONG> (Thumb, 0 bytes, Stack size 0 bytes, startup_nuc472_442.o(.text))
<BR>[Address Reference Count : 1]<UL><LI> startup_nuc472_442.o(RESET)
</UL>
<P><STRONG><a name="[61]"></a>SC5_IRQHandler</STRONG> (Thumb, 0 bytes, Stack size 0 bytes, startup_nuc472_442.o(.text))
<BR>[Address Reference Count : 1]<UL><LI> startup_nuc472_442.o(RESET)
</UL>
<P><STRONG><a name="[66]"></a>SD_IRQHandler</STRONG> (Thumb, 0 bytes, Stack size 0 bytes, startup_nuc472_442.o(.text))
<BR>[Address Reference Count : 1]<UL><LI> startup_nuc472_442.o(RESET)
</UL>
<P><STRONG><a name="[4d]"></a>SPI0_IRQHandler</STRONG> (Thumb, 0 bytes, Stack size 0 bytes, startup_nuc472_442.o(.text))
<BR>[Address Reference Count : 1]<UL><LI> startup_nuc472_442.o(RESET)
</UL>
<P><STRONG><a name="[4e]"></a>SPI1_IRQHandler</STRONG> (Thumb, 0 bytes, Stack size 0 bytes, startup_nuc472_442.o(.text))
<BR>[Address Reference Count : 1]<UL><LI> startup_nuc472_442.o(RESET)
</UL>
<P><STRONG><a name="[4f]"></a>SPI2_IRQHandler</STRONG> (Thumb, 0 bytes, Stack size 0 bytes, startup_nuc472_442.o(.text))
<BR>[Address Reference Count : 1]<UL><LI> startup_nuc472_442.o(RESET)
</UL>
<P><STRONG><a name="[50]"></a>SPI3_IRQHandler</STRONG> (Thumb, 0 bytes, Stack size 0 bytes, startup_nuc472_442.o(.text))
<BR>[Address Reference Count : 1]<UL><LI> startup_nuc472_442.o(RESET)
</UL>
<P><STRONG><a name="[d]"></a>SRAMF_IRQHandler</STRONG> (Thumb, 0 bytes, Stack size 0 bytes, startup_nuc472_442.o(.text))
<BR>[Address Reference Count : 1]<UL><LI> startup_nuc472_442.o(RESET)
</UL>
<P><STRONG><a name="[11]"></a>TAMPER_IRQHandler</STRONG> (Thumb, 0 bytes, Stack size 0 bytes, startup_nuc472_442.o(.text))
<BR>[Address Reference Count : 1]<UL><LI> startup_nuc472_442.o(RESET)
</UL>
<P><STRONG><a name="[23]"></a>TMR0_IRQHandler</STRONG> (Thumb, 0 bytes, Stack size 0 bytes, startup_nuc472_442.o(.text))
<BR>[Address Reference Count : 1]<UL><LI> startup_nuc472_442.o(RESET)
</UL>
<P><STRONG><a name="[24]"></a>TMR1_IRQHandler</STRONG> (Thumb, 0 bytes, Stack size 0 bytes, startup_nuc472_442.o(.text))
<BR>[Address Reference Count : 1]<UL><LI> startup_nuc472_442.o(RESET)
</UL>
<P><STRONG><a name="[25]"></a>TMR2_IRQHandler</STRONG> (Thumb, 0 bytes, Stack size 0 bytes, startup_nuc472_442.o(.text))
<BR>[Address Reference Count : 1]<UL><LI> startup_nuc472_442.o(RESET)
</UL>
<P><STRONG><a name="[26]"></a>TMR3_IRQHandler</STRONG> (Thumb, 0 bytes, Stack size 0 bytes, startup_nuc472_442.o(.text))
<BR>[Address Reference Count : 1]<UL><LI> startup_nuc472_442.o(RESET)
</UL>
<P><STRONG><a name="[52]"></a>UART1_IRQHandler</STRONG> (Thumb, 0 bytes, Stack size 0 bytes, startup_nuc472_442.o(.text))
<BR>[Address Reference Count : 1]<UL><LI> startup_nuc472_442.o(RESET)
</UL>
<P><STRONG><a name="[53]"></a>UART2_IRQHandler</STRONG> (Thumb, 0 bytes, Stack size 0 bytes, startup_nuc472_442.o(.text))
<BR>[Address Reference Count : 1]<UL><LI> startup_nuc472_442.o(RESET)
</UL>
<P><STRONG><a name="[54]"></a>UART3_IRQHandler</STRONG> (Thumb, 0 bytes, Stack size 0 bytes, startup_nuc472_442.o(.text))
<BR>[Address Reference Count : 1]<UL><LI> startup_nuc472_442.o(RESET)
</UL>
<P><STRONG><a name="[55]"></a>UART4_IRQHandler</STRONG> (Thumb, 0 bytes, Stack size 0 bytes, startup_nuc472_442.o(.text))
<BR>[Address Reference Count : 1]<UL><LI> startup_nuc472_442.o(RESET)
</UL>
<P><STRONG><a name="[56]"></a>UART5_IRQHandler</STRONG> (Thumb, 0 bytes, Stack size 0 bytes, startup_nuc472_442.o(.text))
<BR>[Address Reference Count : 1]<UL><LI> startup_nuc472_442.o(RESET)
</UL>
<P><STRONG><a name="[48]"></a>USBD_IRQHandler</STRONG> (Thumb, 0 bytes, Stack size 0 bytes, startup_nuc472_442.o(.text))
<BR>[Address Reference Count : 1]<UL><LI> startup_nuc472_442.o(RESET)
</UL>
<P><STRONG><a name="[49]"></a>USBH_IRQHandler</STRONG> (Thumb, 0 bytes, Stack size 0 bytes, startup_nuc472_442.o(.text))
<BR>[Address Reference Count : 1]<UL><LI> startup_nuc472_442.o(RESET)
</UL>
<P><STRONG><a name="[4a]"></a>USB_OTG_IRQHandler</STRONG> (Thumb, 0 bytes, Stack size 0 bytes, startup_nuc472_442.o(.text))
<BR>[Address Reference Count : 1]<UL><LI> startup_nuc472_442.o(RESET)
</UL>
<P><STRONG><a name="[29]"></a>WDT_IRQHandler</STRONG> (Thumb, 0 bytes, Stack size 0 bytes, startup_nuc472_442.o(.text))
<BR>[Address Reference Count : 1]<UL><LI> startup_nuc472_442.o(RESET)
</UL>
<P><STRONG><a name="[2a]"></a>WWDT_IRQHandler</STRONG> (Thumb, 0 bytes, Stack size 0 bytes, startup_nuc472_442.o(.text))
<BR>[Address Reference Count : 1]<UL><LI> startup_nuc472_442.o(RESET)
</UL>
<P><STRONG><a name="[94]"></a>SetSysTick</STRONG> (Thumb, 22 bytes, Stack size 0 bytes, main.o(.text))
<BR><BR>[Called By]<UL><LI><a href="#[8d]">&gt;&gt;</a>&nbsp;&nbsp;&nbsp;SYS_Init
</UL>

<P><STRONG><a name="[85]"></a>UART0_Init</STRONG> (Thumb, 48 bytes, Stack size 8 bytes, main.o(.text))
<BR><BR>[Stack]<UL><LI>Max Depth = 40<LI>Call Chain = UART0_Init &rArr; UART_Open
</UL>
<BR>[Calls]<UL><LI><a href="#[86]">&gt;&gt;</a>&nbsp;&nbsp;&nbsp;UART_Open
<LI><a href="#[87]">&gt;&gt;</a>&nbsp;&nbsp;&nbsp;NVIC_EnableIRQ
</UL>
<BR>[Called By]<UL><LI><a href="#[6b]">&gt;&gt;</a>&nbsp;&nbsp;&nbsp;main
</UL>

<P><STRONG><a name="[51]"></a>UART0_IRQHandler</STRONG> (Thumb, 56 bytes, Stack size 16 bytes, main.o(.text))
<BR><BR>[Stack]<UL><LI>Max Depth = 16<LI>Call Chain = UART0_IRQHandler
</UL>
<BR>[Address Reference Count : 1]<UL><LI> startup_nuc472_442.o(RESET)
</UL>
<P><STRONG><a name="[9]"></a>SysTick_Handler</STRONG> (Thumb, 10 bytes, Stack size 0 bytes, main.o(.text))
<BR>[Address Reference Count : 1]<UL><LI> startup_nuc472_442.o(RESET)
</UL>
<P><STRONG><a name="[88]"></a>LwIP_Periodic_Handle</STRONG> (Thumb, 78 bytes, Stack size 16 bytes, main.o(.text))
<BR><BR>[Stack]<UL><LI>Max Depth = 344<LI>Call Chain = LwIP_Periodic_Handle &rArr; dhcp_fine_tmr &rArr; dhcp_timeout &rArr; dhcp_bind &rArr; netif_set_ipaddr &rArr; tcp_abort &rArr; tcp_abandon &rArr; tcp_pcb_remove &rArr; tcp_output &rArr; tcp_send_empty_ack &rArr; tcp_output_alloc_header &rArr; pbuf_alloc &rArr; pbuf_free &rArr; mem_free &rArr; plug_holes &rArr; __2printf
</UL>
<BR>[Calls]<UL><LI><a href="#[89]">&gt;&gt;</a>&nbsp;&nbsp;&nbsp;tcp_tmr
<LI><a href="#[8a]">&gt;&gt;</a>&nbsp;&nbsp;&nbsp;etharp_tmr
<LI><a href="#[8b]">&gt;&gt;</a>&nbsp;&nbsp;&nbsp;dhcp_fine_tmr
<LI><a href="#[8c]">&gt;&gt;</a>&nbsp;&nbsp;&nbsp;dhcp_coarse_tmr
</UL>
<BR>[Called By]<UL><LI><a href="#[6b]">&gt;&gt;</a>&nbsp;&nbsp;&nbsp;main
</UL>

<P><STRONG><a name="[6b]"></a>main</STRONG> (Thumb, 22 bytes, Stack size 0 bytes, main.o(.text))
<BR><BR>[Stack]<UL><LI>Max Depth = 360<LI>Call Chain = main &rArr; LwipInit &rArr; netif_add &rArr; netif_set_addr &rArr; netif_set_ipaddr &rArr; tcp_abort &rArr; tcp_abandon &rArr; tcp_pcb_remove &rArr; tcp_output &rArr; tcp_send_empty_ack &rArr; tcp_output_alloc_header &rArr; pbuf_alloc &rArr; pbuf_free &rArr; mem_free &rArr; plug_holes &rArr; __2printf
</UL>
<BR>[Calls]<UL><LI><a href="#[88]">&gt;&gt;</a>&nbsp;&nbsp;&nbsp;LwIP_Periodic_Handle
<LI><a href="#[85]">&gt;&gt;</a>&nbsp;&nbsp;&nbsp;UART0_Init
<LI><a href="#[8e]">&gt;&gt;</a>&nbsp;&nbsp;&nbsp;LwipInit
<LI><a href="#[8d]">&gt;&gt;</a>&nbsp;&nbsp;&nbsp;SYS_Init
</UL>
<BR>[Address Reference Count : 1]<UL><LI> entry7.o(.ARM.Collect$$$$00000007)
</UL>
<P><STRONG><a name="[164]"></a>CLK_DisableCKO</STRONG> (Thumb, 12 bytes, Stack size 0 bytes, clk.o(.text), UNUSED)

<P><STRONG><a name="[165]"></a>CLK_EnableCKO</STRONG> (Thumb, 34 bytes, Stack size 0 bytes, clk.o(.text), UNUSED)

<P><STRONG><a name="[166]"></a>CLK_PowerDown</STRONG> (Thumb, 20 bytes, Stack size 0 bytes, clk.o(.text), UNUSED)

<P><STRONG><a name="[167]"></a>CLK_Idle</STRONG> (Thumb, 14 bytes, Stack size 0 bytes, clk.o(.text), UNUSED)

<P><STRONG><a name="[9b]"></a>CLK_GetPCLKFreq</STRONG> (Thumb, 24 bytes, Stack size 8 bytes, clk.o(.text), UNUSED)
<BR><BR>[Calls]<UL><LI><a href="#[82]">&gt;&gt;</a>&nbsp;&nbsp;&nbsp;SystemCoreClockUpdate
</UL>

<P><STRONG><a name="[168]"></a>CLK_GetHXTFreq</STRONG> (Thumb, 12 bytes, Stack size 0 bytes, clk.o(.text), UNUSED)

<P><STRONG><a name="[169]"></a>CLK_GetLXTFreq</STRONG> (Thumb, 18 bytes, Stack size 0 bytes, clk.o(.text), UNUSED)

<P><STRONG><a name="[9c]"></a>CLK_GetHCLKFreq</STRONG> (Thumb, 12 bytes, Stack size 8 bytes, clk.o(.text), UNUSED)
<BR><BR>[Calls]<UL><LI><a href="#[82]">&gt;&gt;</a>&nbsp;&nbsp;&nbsp;SystemCoreClockUpdate
</UL>

<P><STRONG><a name="[9d]"></a>CLK_GetCPUFreq</STRONG> (Thumb, 12 bytes, Stack size 8 bytes, clk.o(.text), UNUSED)
<BR><BR>[Calls]<UL><LI><a href="#[82]">&gt;&gt;</a>&nbsp;&nbsp;&nbsp;SystemCoreClockUpdate
</UL>

<P><STRONG><a name="[83]"></a>CLK_GetPLLClockFreq</STRONG> (Thumb, 78 bytes, Stack size 0 bytes, clk.o(.text))
<BR><BR>[Called By]<UL><LI><a href="#[a1]">&gt;&gt;</a>&nbsp;&nbsp;&nbsp;UART_SetLine_Config
<LI><a href="#[9f]">&gt;&gt;</a>&nbsp;&nbsp;&nbsp;CLK_EnablePLL
<LI><a href="#[86]">&gt;&gt;</a>&nbsp;&nbsp;&nbsp;UART_Open
<LI><a href="#[82]">&gt;&gt;</a>&nbsp;&nbsp;&nbsp;SystemCoreClockUpdate
</UL>

<P><STRONG><a name="[91]"></a>CLK_SetHCLK</STRONG> (Thumb, 30 bytes, Stack size 0 bytes, clk.o(.text))
<BR><BR>[Stack]<UL><LI>Max Depth = 8<LI>Call Chain = CLK_SetHCLK &rArr; SystemCoreClockUpdate
</UL>
<BR>[Calls]<UL><LI><a href="#[82]">&gt;&gt;</a>&nbsp;&nbsp;&nbsp;SystemCoreClockUpdate
</UL>
<BR>[Called By]<UL><LI><a href="#[9e]">&gt;&gt;</a>&nbsp;&nbsp;&nbsp;CLK_SetCoreClock
<LI><a href="#[8d]">&gt;&gt;</a>&nbsp;&nbsp;&nbsp;SYS_Init
</UL>

<P><STRONG><a name="[84]"></a>CLK_WaitClockReady</STRONG> (Thumb, 38 bytes, Stack size 0 bytes, clk.o(.text))
<BR><BR>[Called By]<UL><LI><a href="#[9f]">&gt;&gt;</a>&nbsp;&nbsp;&nbsp;CLK_EnablePLL
<LI><a href="#[9e]">&gt;&gt;</a>&nbsp;&nbsp;&nbsp;CLK_SetCoreClock
<LI><a href="#[8d]">&gt;&gt;</a>&nbsp;&nbsp;&nbsp;SYS_Init
<LI><a href="#[6d]">&gt;&gt;</a>&nbsp;&nbsp;&nbsp;SystemInit
</UL>

<P><STRONG><a name="[9e]"></a>CLK_SetCoreClock</STRONG> (Thumb, 126 bytes, Stack size 8 bytes, clk.o(.text), UNUSED)
<BR><BR>[Calls]<UL><LI><a href="#[91]">&gt;&gt;</a>&nbsp;&nbsp;&nbsp;CLK_SetHCLK
<LI><a href="#[84]">&gt;&gt;</a>&nbsp;&nbsp;&nbsp;CLK_WaitClockReady
<LI><a href="#[82]">&gt;&gt;</a>&nbsp;&nbsp;&nbsp;SystemCoreClockUpdate
</UL>

<P><STRONG><a name="[93]"></a>CLK_SetModuleClock</STRONG> (Thumb, 82 bytes, Stack size 12 bytes, clk.o(.text))
<BR><BR>[Stack]<UL><LI>Max Depth = 12<LI>Call Chain = CLK_SetModuleClock
</UL>
<BR>[Called By]<UL><LI><a href="#[8d]">&gt;&gt;</a>&nbsp;&nbsp;&nbsp;SYS_Init
</UL>

<P><STRONG><a name="[90]"></a>CLK_EnableXtalRC</STRONG> (Thumb, 12 bytes, Stack size 0 bytes, clk.o(.text))
<BR><BR>[Called By]<UL><LI><a href="#[8d]">&gt;&gt;</a>&nbsp;&nbsp;&nbsp;SYS_Init
</UL>

<P><STRONG><a name="[16a]"></a>CLK_DisableXtalRC</STRONG> (Thumb, 12 bytes, Stack size 0 bytes, clk.o(.text), UNUSED)

<P><STRONG><a name="[92]"></a>CLK_EnableModuleClock</STRONG> (Thumb, 30 bytes, Stack size 0 bytes, clk.o(.text))
<BR><BR>[Called By]<UL><LI><a href="#[8d]">&gt;&gt;</a>&nbsp;&nbsp;&nbsp;SYS_Init
</UL>

<P><STRONG><a name="[16b]"></a>CLK_DisableModuleClock</STRONG> (Thumb, 30 bytes, Stack size 0 bytes, clk.o(.text), UNUSED)

<P><STRONG><a name="[9f]"></a>CLK_EnablePLL</STRONG> (Thumb, 116 bytes, Stack size 8 bytes, clk.o(.text), UNUSED)
<BR><BR>[Calls]<UL><LI><a href="#[84]">&gt;&gt;</a>&nbsp;&nbsp;&nbsp;CLK_WaitClockReady
<LI><a href="#[83]">&gt;&gt;</a>&nbsp;&nbsp;&nbsp;CLK_GetPLLClockFreq
</UL>

<P><STRONG><a name="[16c]"></a>CLK_DisablePLL</STRONG> (Thumb, 12 bytes, Stack size 0 bytes, clk.o(.text), UNUSED)

<P><STRONG><a name="[16d]"></a>CLK_SetSysTickClockSrc</STRONG> (Thumb, 16 bytes, Stack size 0 bytes, clk.o(.text), UNUSED)

<P><STRONG><a name="[16e]"></a>CLK_SysTickDelay</STRONG> (Thumb, 28 bytes, Stack size 0 bytes, clk.o(.text), UNUSED)

<P><STRONG><a name="[6c]"></a>Hard_Fault_Handler</STRONG> (Thumb, 16 bytes, Stack size 0 bytes, retarget.o(.text))
<BR><BR>[Stack]<UL><LI>Max Depth = 32<LI>Call Chain = Hard_Fault_Handler &rArr; stackDump &rArr; __2printf
</UL>
<BR>[Calls]<UL><LI><a href="#[77]">&gt;&gt;</a>&nbsp;&nbsp;&nbsp;stackDump
<LI><a href="#[a0]">&gt;&gt;</a>&nbsp;&nbsp;&nbsp;__2printf
</UL>
<BR>[Address Reference Count : 1]<UL><LI> retarget.o(.emb_text)
</UL>
<P><STRONG><a name="[78]"></a>SendChar_ToUART</STRONG> (Thumb, 26 bytes, Stack size 0 bytes, retarget.o(.text))
<BR><BR>[Called By]<UL><LI><a href="#[76]">&gt;&gt;</a>&nbsp;&nbsp;&nbsp;fputc
<LI><a href="#[7d]">&gt;&gt;</a>&nbsp;&nbsp;&nbsp;_ttywrch
<LI><a href="#[79]">&gt;&gt;</a>&nbsp;&nbsp;&nbsp;SendChar
</UL>

<P><STRONG><a name="[79]"></a>SendChar</STRONG> (Thumb, 2 bytes, Stack size 0 bytes, retarget.o(.text), UNUSED, KEPT)
<BR><BR>[Calls]<UL><LI><a href="#[78]">&gt;&gt;</a>&nbsp;&nbsp;&nbsp;SendChar_ToUART
</UL>

<P><STRONG><a name="[7a]"></a>GetChar</STRONG> (Thumb, 14 bytes, Stack size 0 bytes, retarget.o(.text), UNUSED, KEPT)
<BR><BR>[Called By]<UL><LI><a href="#[7e]">&gt;&gt;</a>&nbsp;&nbsp;&nbsp;fgetc
</UL>

<P><STRONG><a name="[7b]"></a>kbhit</STRONG> (Thumb, 12 bytes, Stack size 0 bytes, retarget.o(.text), UNUSED, KEPT)

<P><STRONG><a name="[7c]"></a>IsDebugFifoEmpty</STRONG> (Thumb, 10 bytes, Stack size 0 bytes, retarget.o(.text), UNUSED, KEPT)

<P><STRONG><a name="[7d]"></a>_ttywrch</STRONG> (Thumb, 2 bytes, Stack size 0 bytes, retarget.o(.text), UNUSED, KEPT)
<BR><BR>[Calls]<UL><LI><a href="#[78]">&gt;&gt;</a>&nbsp;&nbsp;&nbsp;SendChar_ToUART
</UL>

<P><STRONG><a name="[76]"></a>fputc</STRONG> (Thumb, 12 bytes, Stack size 4 bytes, retarget.o(.text))
<BR><BR>[Stack]<UL><LI>Max Depth = 4<LI>Call Chain = fputc
</UL>
<BR>[Calls]<UL><LI><a href="#[78]">&gt;&gt;</a>&nbsp;&nbsp;&nbsp;SendChar_ToUART
</UL>
<BR>[Address Reference Count : 1]<UL><LI> printf5.o(i.__0printf$5)
</UL>
<P><STRONG><a name="[7e]"></a>fgetc</STRONG> (Thumb, 2 bytes, Stack size 0 bytes, retarget.o(.text), UNUSED, KEPT)
<BR><BR>[Calls]<UL><LI><a href="#[7a]">&gt;&gt;</a>&nbsp;&nbsp;&nbsp;GetChar
</UL>

<P><STRONG><a name="[7f]"></a>ferror</STRONG> (Thumb, 6 bytes, Stack size 0 bytes, retarget.o(.text), UNUSED, KEPT)

<P><STRONG><a name="[16f]"></a>SYS_ClearResetSrc</STRONG> (Thumb, 12 bytes, Stack size 0 bytes, sys.o(.text), UNUSED)

<P><STRONG><a name="[170]"></a>SYS_GetBODStatus</STRONG> (Thumb, 12 bytes, Stack size 0 bytes, sys.o(.text), UNUSED)

<P><STRONG><a name="[171]"></a>SYS_GetResetSrc</STRONG> (Thumb, 8 bytes, Stack size 0 bytes, sys.o(.text), UNUSED)

<P><STRONG><a name="[172]"></a>SYS_IsRegLocked</STRONG> (Thumb, 10 bytes, Stack size 0 bytes, sys.o(.text), UNUSED)

<P><STRONG><a name="[95]"></a>SYS_LockReg</STRONG> (Thumb, 8 bytes, Stack size 0 bytes, sys.o(.text))
<BR><BR>[Called By]<UL><LI><a href="#[8d]">&gt;&gt;</a>&nbsp;&nbsp;&nbsp;SYS_Init
</UL>

<P><STRONG><a name="[8f]"></a>SYS_UnlockReg</STRONG> (Thumb, 36 bytes, Stack size 8 bytes, sys.o(.text))
<BR><BR>[Stack]<UL><LI>Max Depth = 8<LI>Call Chain = SYS_UnlockReg
</UL>
<BR>[Called By]<UL><LI><a href="#[8d]">&gt;&gt;</a>&nbsp;&nbsp;&nbsp;SYS_Init
</UL>

<P><STRONG><a name="[173]"></a>SYS_ReadPDID</STRONG> (Thumb, 8 bytes, Stack size 0 bytes, sys.o(.text), UNUSED)

<P><STRONG><a name="[174]"></a>SYS_ResetChip</STRONG> (Thumb, 14 bytes, Stack size 0 bytes, sys.o(.text), UNUSED)

<P><STRONG><a name="[175]"></a>SYS_ResetCPU</STRONG> (Thumb, 14 bytes, Stack size 0 bytes, sys.o(.text), UNUSED)

<P><STRONG><a name="[176]"></a>SYS_ResetModule</STRONG> (Thumb, 26 bytes, Stack size 0 bytes, sys.o(.text), UNUSED)

<P><STRONG><a name="[177]"></a>SYS_EnableBOD</STRONG> (Thumb, 26 bytes, Stack size 0 bytes, sys.o(.text), UNUSED)

<P><STRONG><a name="[178]"></a>SYS_DisableBOD</STRONG> (Thumb, 14 bytes, Stack size 0 bytes, sys.o(.text), UNUSED)

<P><STRONG><a name="[179]"></a>UART_ClearIntFlag</STRONG> (Thumb, 58 bytes, Stack size 0 bytes, uart.o(.text), UNUSED)

<P><STRONG><a name="[17a]"></a>UART_Close</STRONG> (Thumb, 6 bytes, Stack size 0 bytes, uart.o(.text), UNUSED)

<P><STRONG><a name="[17b]"></a>UART_DisableFlowCtrl</STRONG> (Thumb, 10 bytes, Stack size 0 bytes, uart.o(.text), UNUSED)

<P><STRONG><a name="[17c]"></a>UART_DisableInt</STRONG> (Thumb, 8 bytes, Stack size 0 bytes, uart.o(.text), UNUSED)

<P><STRONG><a name="[17d]"></a>UART_EnableFlowCtrl</STRONG> (Thumb, 34 bytes, Stack size 0 bytes, uart.o(.text), UNUSED)

<P><STRONG><a name="[17e]"></a>UART_EnableInt</STRONG> (Thumb, 8 bytes, Stack size 0 bytes, uart.o(.text), UNUSED)

<P><STRONG><a name="[86]"></a>UART_Open</STRONG> (Thumb, 112 bytes, Stack size 32 bytes, uart.o(.text))
<BR><BR>[Stack]<UL><LI>Max Depth = 32<LI>Call Chain = UART_Open
</UL>
<BR>[Calls]<UL><LI><a href="#[83]">&gt;&gt;</a>&nbsp;&nbsp;&nbsp;CLK_GetPLLClockFreq
</UL>
<BR>[Called By]<UL><LI><a href="#[85]">&gt;&gt;</a>&nbsp;&nbsp;&nbsp;UART0_Init
</UL>

<P><STRONG><a name="[17f]"></a>UART_Read</STRONG> (Thumb, 26 bytes, Stack size 8 bytes, uart.o(.text), UNUSED)

<P><STRONG><a name="[a1]"></a>UART_SetLine_Config</STRONG> (Thumb, 116 bytes, Stack size 40 bytes, uart.o(.text), UNUSED)
<BR><BR>[Calls]<UL><LI><a href="#[83]">&gt;&gt;</a>&nbsp;&nbsp;&nbsp;CLK_GetPLLClockFreq
</UL>

<P><STRONG><a name="[180]"></a>UART_SetTimeoutCnt</STRONG> (Thumb, 20 bytes, Stack size 0 bytes, uart.o(.text), UNUSED)

<P><STRONG><a name="[181]"></a>UART_SelectIrDAMode</STRONG> (Thumb, 42 bytes, Stack size 0 bytes, uart.o(.text), UNUSED)

<P><STRONG><a name="[182]"></a>UART_SelectRS485Mode</STRONG> (Thumb, 20 bytes, Stack size 0 bytes, uart.o(.text), UNUSED)

<P><STRONG><a name="[183]"></a>UART_Write</STRONG> (Thumb, 26 bytes, Stack size 8 bytes, uart.o(.text), UNUSED)

<P><STRONG><a name="[d2]"></a>lwip_htons</STRONG> (Thumb, 4 bytes, Stack size 0 bytes, def.o(.text))
<BR><BR>[Called By]<UL><LI><a href="#[150]">&gt;&gt;</a>&nbsp;&nbsp;&nbsp;ethernetif_loopback_input
<LI><a href="#[14f]">&gt;&gt;</a>&nbsp;&nbsp;&nbsp;ethernetif_input
<LI><a href="#[14a]">&gt;&gt;</a>&nbsp;&nbsp;&nbsp;etharp_raw
<LI><a href="#[149]">&gt;&gt;</a>&nbsp;&nbsp;&nbsp;etharp_arp_input
<LI><a href="#[13a]">&gt;&gt;</a>&nbsp;&nbsp;&nbsp;ip_reass
<LI><a href="#[138]">&gt;&gt;</a>&nbsp;&nbsp;&nbsp;inet_chksum_pseudo_partial
<LI><a href="#[130]">&gt;&gt;</a>&nbsp;&nbsp;&nbsp;ip_output_if
<LI><a href="#[12b]">&gt;&gt;</a>&nbsp;&nbsp;&nbsp;tcp_write
<LI><a href="#[12d]">&gt;&gt;</a>&nbsp;&nbsp;&nbsp;tcp_output_segment
<LI><a href="#[128]">&gt;&gt;</a>&nbsp;&nbsp;&nbsp;tcp_create_segment
<LI><a href="#[127]">&gt;&gt;</a>&nbsp;&nbsp;&nbsp;tcp_output_alloc_header
<LI><a href="#[125]">&gt;&gt;</a>&nbsp;&nbsp;&nbsp;inet_chksum_pseudo
<LI><a href="#[11a]">&gt;&gt;</a>&nbsp;&nbsp;&nbsp;tcp_receive
<LI><a href="#[fb]">&gt;&gt;</a>&nbsp;&nbsp;&nbsp;tcp_zero_window_probe
<LI><a href="#[103]">&gt;&gt;</a>&nbsp;&nbsp;&nbsp;tcp_send_fin
<LI><a href="#[fe]">&gt;&gt;</a>&nbsp;&nbsp;&nbsp;tcp_rst
<LI><a href="#[ff]">&gt;&gt;</a>&nbsp;&nbsp;&nbsp;tcp_output
<LI><a href="#[d6]">&gt;&gt;</a>&nbsp;&nbsp;&nbsp;dns_send
<LI><a href="#[72]">&gt;&gt;</a>&nbsp;&nbsp;&nbsp;dns_recv
<LI><a href="#[ae]">&gt;&gt;</a>&nbsp;&nbsp;&nbsp;udp_sendto_if
</UL>

<P><STRONG><a name="[11d]"></a>lwip_ntohs</STRONG> (Thumb, 4 bytes, Stack size 0 bytes, def.o(.text))
<BR><BR>[Called By]<UL><LI><a href="#[143]">&gt;&gt;</a>&nbsp;&nbsp;&nbsp;ip_reass_chain_frag_into_datagram_and_validate
<LI><a href="#[13a]">&gt;&gt;</a>&nbsp;&nbsp;&nbsp;ip_reass
<LI><a href="#[139]">&gt;&gt;</a>&nbsp;&nbsp;&nbsp;ip_input
<LI><a href="#[12e]">&gt;&gt;</a>&nbsp;&nbsp;&nbsp;udp_input
<LI><a href="#[123]">&gt;&gt;</a>&nbsp;&nbsp;&nbsp;tcp_input
<LI><a href="#[11f]">&gt;&gt;</a>&nbsp;&nbsp;&nbsp;tcp_parseopt
<LI><a href="#[11a]">&gt;&gt;</a>&nbsp;&nbsp;&nbsp;tcp_receive
<LI><a href="#[fb]">&gt;&gt;</a>&nbsp;&nbsp;&nbsp;tcp_zero_window_probe
<LI><a href="#[103]">&gt;&gt;</a>&nbsp;&nbsp;&nbsp;tcp_send_fin
<LI><a href="#[ff]">&gt;&gt;</a>&nbsp;&nbsp;&nbsp;tcp_output
</UL>

<P><STRONG><a name="[aa]"></a>lwip_htonl</STRONG> (Thumb, 4 bytes, Stack size 0 bytes, def.o(.text))
<BR><BR>[Called By]<UL><LI><a href="#[71]">&gt;&gt;</a>&nbsp;&nbsp;&nbsp;dhcp_recv
<LI><a href="#[c6]">&gt;&gt;</a>&nbsp;&nbsp;&nbsp;dhcp_parse_reply
<LI><a href="#[be]">&gt;&gt;</a>&nbsp;&nbsp;&nbsp;dhcp_handle_ack
<LI><a href="#[a8]">&gt;&gt;</a>&nbsp;&nbsp;&nbsp;dhcp_create_msg
<LI><a href="#[13c]">&gt;&gt;</a>&nbsp;&nbsp;&nbsp;ipaddr_aton
<LI><a href="#[13b]">&gt;&gt;</a>&nbsp;&nbsp;&nbsp;ip4_addr_netmask_valid
<LI><a href="#[12d]">&gt;&gt;</a>&nbsp;&nbsp;&nbsp;tcp_output_segment
<LI><a href="#[128]">&gt;&gt;</a>&nbsp;&nbsp;&nbsp;tcp_create_segment
<LI><a href="#[127]">&gt;&gt;</a>&nbsp;&nbsp;&nbsp;tcp_output_alloc_header
<LI><a href="#[11e]">&gt;&gt;</a>&nbsp;&nbsp;&nbsp;tcp_send_empty_ack
<LI><a href="#[fe]">&gt;&gt;</a>&nbsp;&nbsp;&nbsp;tcp_rst
<LI><a href="#[fd]">&gt;&gt;</a>&nbsp;&nbsp;&nbsp;tcp_keepalive
</UL>

<P><STRONG><a name="[b3]"></a>lwip_ntohl</STRONG> (Thumb, 4 bytes, Stack size 0 bytes, def.o(.text))
<BR><BR>[Called By]<UL><LI><a href="#[d1]">&gt;&gt;</a>&nbsp;&nbsp;&nbsp;dhcp_decline
<LI><a href="#[71]">&gt;&gt;</a>&nbsp;&nbsp;&nbsp;dhcp_recv
<LI><a href="#[c6]">&gt;&gt;</a>&nbsp;&nbsp;&nbsp;dhcp_parse_reply
<LI><a href="#[b6]">&gt;&gt;</a>&nbsp;&nbsp;&nbsp;dhcp_reboot
<LI><a href="#[b2]">&gt;&gt;</a>&nbsp;&nbsp;&nbsp;dhcp_select
<LI><a href="#[12d]">&gt;&gt;</a>&nbsp;&nbsp;&nbsp;tcp_output_segment
<LI><a href="#[121]">&gt;&gt;</a>&nbsp;&nbsp;&nbsp;tcp_rexmit
<LI><a href="#[123]">&gt;&gt;</a>&nbsp;&nbsp;&nbsp;tcp_input
<LI><a href="#[120]">&gt;&gt;</a>&nbsp;&nbsp;&nbsp;tcp_process
<LI><a href="#[11a]">&gt;&gt;</a>&nbsp;&nbsp;&nbsp;tcp_receive
<LI><a href="#[ff]">&gt;&gt;</a>&nbsp;&nbsp;&nbsp;tcp_output
<LI><a href="#[72]">&gt;&gt;</a>&nbsp;&nbsp;&nbsp;dns_recv
</UL>

<P><STRONG><a name="[b4]"></a>dhcp_renew</STRONG> (Thumb, 128 bytes, Stack size 24 bytes, dhcp.o(.text))
<BR><BR>[Stack]<UL><LI>Max Depth = 192<LI>Call Chain = dhcp_renew &rArr; udp_sendto_if &rArr; pbuf_alloc &rArr; pbuf_free &rArr; mem_free &rArr; plug_holes &rArr; __2printf
</UL>
<BR>[Calls]<UL><LI><a href="#[ac]">&gt;&gt;</a>&nbsp;&nbsp;&nbsp;dhcp_set_state
<LI><a href="#[a8]">&gt;&gt;</a>&nbsp;&nbsp;&nbsp;dhcp_create_msg
<LI><a href="#[a7]">&gt;&gt;</a>&nbsp;&nbsp;&nbsp;dhcp_option_short
<LI><a href="#[a6]">&gt;&gt;</a>&nbsp;&nbsp;&nbsp;dhcp_option
<LI><a href="#[a4]">&gt;&gt;</a>&nbsp;&nbsp;&nbsp;dhcp_option_trailer
<LI><a href="#[a2]">&gt;&gt;</a>&nbsp;&nbsp;&nbsp;dhcp_delete_msg
<LI><a href="#[ae]">&gt;&gt;</a>&nbsp;&nbsp;&nbsp;udp_sendto_if
<LI><a href="#[ad]">&gt;&gt;</a>&nbsp;&nbsp;&nbsp;pbuf_realloc
</UL>
<BR>[Called By]<UL><LI><a href="#[bd]">&gt;&gt;</a>&nbsp;&nbsp;&nbsp;dhcp_timeout
<LI><a href="#[8c]">&gt;&gt;</a>&nbsp;&nbsp;&nbsp;dhcp_coarse_tmr
</UL>

<P><STRONG><a name="[8c]"></a>dhcp_coarse_tmr</STRONG> (Thumb, 90 bytes, Stack size 8 bytes, dhcp.o(.text))
<BR><BR>[Stack]<UL><LI>Max Depth = 200<LI>Call Chain = dhcp_coarse_tmr &rArr; dhcp_rebind &rArr; udp_sendto_if &rArr; pbuf_alloc &rArr; pbuf_free &rArr; mem_free &rArr; plug_holes &rArr; __2printf
</UL>
<BR>[Calls]<UL><LI><a href="#[b5]">&gt;&gt;</a>&nbsp;&nbsp;&nbsp;dhcp_rebind
<LI><a href="#[b4]">&gt;&gt;</a>&nbsp;&nbsp;&nbsp;dhcp_renew
</UL>
<BR>[Called By]<UL><LI><a href="#[88]">&gt;&gt;</a>&nbsp;&nbsp;&nbsp;LwIP_Periodic_Handle
</UL>

<P><STRONG><a name="[b7]"></a>dhcp_release</STRONG> (Thumb, 156 bytes, Stack size 24 bytes, dhcp.o(.text))
<BR><BR>[Stack]<UL><LI>Max Depth = 296<LI>Call Chain = dhcp_release &rArr; netif_set_ipaddr &rArr; tcp_abort &rArr; tcp_abandon &rArr; tcp_pcb_remove &rArr; tcp_output &rArr; tcp_send_empty_ack &rArr; tcp_output_alloc_header &rArr; pbuf_alloc &rArr; pbuf_free &rArr; mem_free &rArr; plug_holes &rArr; __2printf
</UL>
<BR>[Calls]<UL><LI><a href="#[ac]">&gt;&gt;</a>&nbsp;&nbsp;&nbsp;dhcp_set_state
<LI><a href="#[a8]">&gt;&gt;</a>&nbsp;&nbsp;&nbsp;dhcp_create_msg
<LI><a href="#[a4]">&gt;&gt;</a>&nbsp;&nbsp;&nbsp;dhcp_option_trailer
<LI><a href="#[a2]">&gt;&gt;</a>&nbsp;&nbsp;&nbsp;dhcp_delete_msg
<LI><a href="#[ae]">&gt;&gt;</a>&nbsp;&nbsp;&nbsp;udp_sendto_if
<LI><a href="#[ad]">&gt;&gt;</a>&nbsp;&nbsp;&nbsp;pbuf_realloc
<LI><a href="#[bb]">&gt;&gt;</a>&nbsp;&nbsp;&nbsp;netif_set_netmask
<LI><a href="#[b9]">&gt;&gt;</a>&nbsp;&nbsp;&nbsp;netif_set_ipaddr
<LI><a href="#[ba]">&gt;&gt;</a>&nbsp;&nbsp;&nbsp;netif_set_gw
<LI><a href="#[b8]">&gt;&gt;</a>&nbsp;&nbsp;&nbsp;netif_set_down
</UL>
<BR>[Called By]<UL><LI><a href="#[bd]">&gt;&gt;</a>&nbsp;&nbsp;&nbsp;dhcp_timeout
</UL>

<P><STRONG><a name="[8b]"></a>dhcp_fine_tmr</STRONG> (Thumb, 46 bytes, Stack size 16 bytes, dhcp.o(.text))
<BR><BR>[Stack]<UL><LI>Max Depth = 328<LI>Call Chain = dhcp_fine_tmr &rArr; dhcp_timeout &rArr; dhcp_bind &rArr; netif_set_ipaddr &rArr; tcp_abort &rArr; tcp_abandon &rArr; tcp_pcb_remove &rArr; tcp_output &rArr; tcp_send_empty_ack &rArr; tcp_output_alloc_header &rArr; pbuf_alloc &rArr; pbuf_free &rArr; mem_free &rArr; plug_holes &rArr; __2printf
</UL>
<BR>[Calls]<UL><LI><a href="#[bd]">&gt;&gt;</a>&nbsp;&nbsp;&nbsp;dhcp_timeout
</UL>
<BR>[Called By]<UL><LI><a href="#[88]">&gt;&gt;</a>&nbsp;&nbsp;&nbsp;LwIP_Periodic_Handle
</UL>

<P><STRONG><a name="[c0]"></a>dhcp_set_struct</STRONG> (Thumb, 80 bytes, Stack size 16 bytes, dhcp.o(.text), UNUSED)
<BR><BR>[Calls]<UL><LI><a href="#[c1]">&gt;&gt;</a>&nbsp;&nbsp;&nbsp;__aeabi_memclr4
<LI><a href="#[a0]">&gt;&gt;</a>&nbsp;&nbsp;&nbsp;__2printf
</UL>

<P><STRONG><a name="[c2]"></a>dhcp_cleanup</STRONG> (Thumb, 40 bytes, Stack size 8 bytes, dhcp.o(.text), UNUSED)
<BR><BR>[Calls]<UL><LI><a href="#[c3]">&gt;&gt;</a>&nbsp;&nbsp;&nbsp;mem_free
<LI><a href="#[a0]">&gt;&gt;</a>&nbsp;&nbsp;&nbsp;__2printf
</UL>

<P><STRONG><a name="[c4]"></a>dhcp_stop</STRONG> (Thumb, 90 bytes, Stack size 8 bytes, dhcp.o(.text), UNUSED)
<BR><BR>[Calls]<UL><LI><a href="#[ac]">&gt;&gt;</a>&nbsp;&nbsp;&nbsp;dhcp_set_state
<LI><a href="#[c5]">&gt;&gt;</a>&nbsp;&nbsp;&nbsp;udp_remove
<LI><a href="#[a0]">&gt;&gt;</a>&nbsp;&nbsp;&nbsp;__2printf
</UL>
<BR>[Called By]<UL><LI><a href="#[c8]">&gt;&gt;</a>&nbsp;&nbsp;&nbsp;dhcp_start
</UL>

<P><STRONG><a name="[c8]"></a>dhcp_start</STRONG> (Thumb, 218 bytes, Stack size 16 bytes, dhcp.o(.text), UNUSED)
<BR><BR>[Calls]<UL><LI><a href="#[ab]">&gt;&gt;</a>&nbsp;&nbsp;&nbsp;dhcp_discover
<LI><a href="#[c1]">&gt;&gt;</a>&nbsp;&nbsp;&nbsp;__aeabi_memclr4
<LI><a href="#[c5]">&gt;&gt;</a>&nbsp;&nbsp;&nbsp;udp_remove
<LI><a href="#[cc]">&gt;&gt;</a>&nbsp;&nbsp;&nbsp;udp_recv
<LI><a href="#[c9]">&gt;&gt;</a>&nbsp;&nbsp;&nbsp;udp_new
<LI><a href="#[cb]">&gt;&gt;</a>&nbsp;&nbsp;&nbsp;udp_connect
<LI><a href="#[ca]">&gt;&gt;</a>&nbsp;&nbsp;&nbsp;udp_bind
<LI><a href="#[cd]">&gt;&gt;</a>&nbsp;&nbsp;&nbsp;mem_malloc
<LI><a href="#[c4]">&gt;&gt;</a>&nbsp;&nbsp;&nbsp;dhcp_stop
<LI><a href="#[a0]">&gt;&gt;</a>&nbsp;&nbsp;&nbsp;__2printf
</UL>

<P><STRONG><a name="[ce]"></a>dhcp_inform</STRONG> (Thumb, 168 bytes, Stack size 80 bytes, dhcp.o(.text), UNUSED)
<BR><BR>[Calls]<UL><LI><a href="#[ac]">&gt;&gt;</a>&nbsp;&nbsp;&nbsp;dhcp_set_state
<LI><a href="#[a8]">&gt;&gt;</a>&nbsp;&nbsp;&nbsp;dhcp_create_msg
<LI><a href="#[a7]">&gt;&gt;</a>&nbsp;&nbsp;&nbsp;dhcp_option_short
<LI><a href="#[a6]">&gt;&gt;</a>&nbsp;&nbsp;&nbsp;dhcp_option
<LI><a href="#[a4]">&gt;&gt;</a>&nbsp;&nbsp;&nbsp;dhcp_option_trailer
<LI><a href="#[a2]">&gt;&gt;</a>&nbsp;&nbsp;&nbsp;dhcp_delete_msg
<LI><a href="#[c1]">&gt;&gt;</a>&nbsp;&nbsp;&nbsp;__aeabi_memclr4
<LI><a href="#[ae]">&gt;&gt;</a>&nbsp;&nbsp;&nbsp;udp_sendto_if
<LI><a href="#[c5]">&gt;&gt;</a>&nbsp;&nbsp;&nbsp;udp_remove
<LI><a href="#[c9]">&gt;&gt;</a>&nbsp;&nbsp;&nbsp;udp_new
<LI><a href="#[ca]">&gt;&gt;</a>&nbsp;&nbsp;&nbsp;udp_bind
<LI><a href="#[ad]">&gt;&gt;</a>&nbsp;&nbsp;&nbsp;pbuf_realloc
<LI><a href="#[a0]">&gt;&gt;</a>&nbsp;&nbsp;&nbsp;__2printf
</UL>

<P><STRONG><a name="[cf]"></a>dhcp_network_changed</STRONG> (Thumb, 170 bytes, Stack size 16 bytes, dhcp.o(.text), UNUSED)
<BR><BR>[Calls]<UL><LI><a href="#[b6]">&gt;&gt;</a>&nbsp;&nbsp;&nbsp;dhcp_reboot
<LI><a href="#[ab]">&gt;&gt;</a>&nbsp;&nbsp;&nbsp;dhcp_discover
<LI><a href="#[b8]">&gt;&gt;</a>&nbsp;&nbsp;&nbsp;netif_set_down
</UL>
<BR>[Called By]<UL><LI><a href="#[ea]">&gt;&gt;</a>&nbsp;&nbsp;&nbsp;netif_set_link_up
</UL>

<P><STRONG><a name="[d0]"></a>dhcp_arp_reply</STRONG> (Thumb, 46 bytes, Stack size 0 bytes, dhcp.o(.text))
<BR><BR>[Stack]<UL><LI>Max Depth = 192<LI>Call Chain = dhcp_arp_reply &rArr; dhcp_decline &rArr; udp_sendto_if &rArr; pbuf_alloc &rArr; pbuf_free &rArr; mem_free &rArr; plug_holes &rArr; __2printf
</UL>
<BR>[Calls]<UL><LI><a href="#[d1]">&gt;&gt;</a>&nbsp;&nbsp;&nbsp;dhcp_decline
<LI><a href="#[a0]">&gt;&gt;</a>&nbsp;&nbsp;&nbsp;__2printf
</UL>
<BR>[Called By]<UL><LI><a href="#[149]">&gt;&gt;</a>&nbsp;&nbsp;&nbsp;etharp_arp_input
</UL>

<P><STRONG><a name="[bf]"></a>dns_setserver</STRONG> (Thumb, 32 bytes, Stack size 0 bytes, dns.o(.text))
<BR><BR>[Called By]<UL><LI><a href="#[be]">&gt;&gt;</a>&nbsp;&nbsp;&nbsp;dhcp_handle_ack
<LI><a href="#[d4]">&gt;&gt;</a>&nbsp;&nbsp;&nbsp;dns_init
</UL>

<P><STRONG><a name="[d4]"></a>dns_init</STRONG> (Thumb, 64 bytes, Stack size 16 bytes, dns.o(.text), UNUSED)
<BR><BR>[Calls]<UL><LI><a href="#[d5]">&gt;&gt;</a>&nbsp;&nbsp;&nbsp;ipaddr_addr
<LI><a href="#[cc]">&gt;&gt;</a>&nbsp;&nbsp;&nbsp;udp_recv
<LI><a href="#[c9]">&gt;&gt;</a>&nbsp;&nbsp;&nbsp;udp_new
<LI><a href="#[ca]">&gt;&gt;</a>&nbsp;&nbsp;&nbsp;udp_bind
<LI><a href="#[bf]">&gt;&gt;</a>&nbsp;&nbsp;&nbsp;dns_setserver
</UL>

<P><STRONG><a name="[184]"></a>dns_getserver</STRONG> (Thumb, 20 bytes, Stack size 0 bytes, dns.o(.text), UNUSED)

<P><STRONG><a name="[d9]"></a>dns_tmr</STRONG> (Thumb, 28 bytes, Stack size 8 bytes, dns.o(.text), UNUSED)
<BR><BR>[Calls]<UL><LI><a href="#[d8]">&gt;&gt;</a>&nbsp;&nbsp;&nbsp;dns_check_entry
</UL>

<P><STRONG><a name="[da]"></a>dns_gethostbyname</STRONG> (Thumb, 426 bytes, Stack size 32 bytes, dns.o(.text), UNUSED)
<BR><BR>[Calls]<UL><LI><a href="#[dc]">&gt;&gt;</a>&nbsp;&nbsp;&nbsp;strcmp
<LI><a href="#[db]">&gt;&gt;</a>&nbsp;&nbsp;&nbsp;strlen
<LI><a href="#[d5]">&gt;&gt;</a>&nbsp;&nbsp;&nbsp;ipaddr_addr
<LI><a href="#[dd]">&gt;&gt;</a>&nbsp;&nbsp;&nbsp;dns_enqueue
</UL>

<P><STRONG><a name="[96]"></a>mem_init</STRONG> (Thumb, 42 bytes, Stack size 8 bytes, mem.o(.text))
<BR><BR>[Stack]<UL><LI>Max Depth = 8<LI>Call Chain = mem_init
</UL>
<BR>[Called By]<UL><LI><a href="#[8e]">&gt;&gt;</a>&nbsp;&nbsp;&nbsp;LwipInit
</UL>

<P><STRONG><a name="[c3]"></a>mem_free</STRONG> (Thumb, 106 bytes, Stack size 16 bytes, mem.o(.text))
<BR><BR>[Stack]<UL><LI>Max Depth = 56<LI>Call Chain = mem_free &rArr; plug_holes &rArr; __2printf
</UL>
<BR>[Calls]<UL><LI><a href="#[df]">&gt;&gt;</a>&nbsp;&nbsp;&nbsp;plug_holes
<LI><a href="#[a0]">&gt;&gt;</a>&nbsp;&nbsp;&nbsp;__2printf
</UL>
<BR>[Called By]<UL><LI><a href="#[a3]">&gt;&gt;</a>&nbsp;&nbsp;&nbsp;pbuf_free
<LI><a href="#[c2]">&gt;&gt;</a>&nbsp;&nbsp;&nbsp;dhcp_cleanup
</UL>

<P><STRONG><a name="[e0]"></a>mem_trim</STRONG> (Thumb, 232 bytes, Stack size 32 bytes, mem.o(.text))
<BR><BR>[Stack]<UL><LI>Max Depth = 56<LI>Call Chain = mem_trim &rArr; __2printf
</UL>
<BR>[Calls]<UL><LI><a href="#[a0]">&gt;&gt;</a>&nbsp;&nbsp;&nbsp;__2printf
</UL>
<BR>[Called By]<UL><LI><a href="#[ad]">&gt;&gt;</a>&nbsp;&nbsp;&nbsp;pbuf_realloc
</UL>

<P><STRONG><a name="[cd]"></a>mem_malloc</STRONG> (Thumb, 252 bytes, Stack size 32 bytes, mem.o(.text))
<BR><BR>[Stack]<UL><LI>Max Depth = 56<LI>Call Chain = mem_malloc &rArr; __2printf
</UL>
<BR>[Calls]<UL><LI><a href="#[a0]">&gt;&gt;</a>&nbsp;&nbsp;&nbsp;__2printf
</UL>
<BR>[Called By]<UL><LI><a href="#[70]">&gt;&gt;</a>&nbsp;&nbsp;&nbsp;ethernetif_init
<LI><a href="#[e1]">&gt;&gt;</a>&nbsp;&nbsp;&nbsp;mem_calloc
<LI><a href="#[a9]">&gt;&gt;</a>&nbsp;&nbsp;&nbsp;pbuf_alloc
<LI><a href="#[c8]">&gt;&gt;</a>&nbsp;&nbsp;&nbsp;dhcp_start
</UL>

<P><STRONG><a name="[e1]"></a>mem_calloc</STRONG> (Thumb, 26 bytes, Stack size 16 bytes, mem.o(.text), UNUSED)
<BR><BR>[Calls]<UL><LI><a href="#[e2]">&gt;&gt;</a>&nbsp;&nbsp;&nbsp;__aeabi_memclr
<LI><a href="#[cd]">&gt;&gt;</a>&nbsp;&nbsp;&nbsp;mem_malloc
</UL>

<P><STRONG><a name="[97]"></a>memp_init</STRONG> (Thumb, 78 bytes, Stack size 20 bytes, memp.o(.text))
<BR><BR>[Stack]<UL><LI>Max Depth = 20<LI>Call Chain = memp_init
</UL>
<BR>[Called By]<UL><LI><a href="#[8e]">&gt;&gt;</a>&nbsp;&nbsp;&nbsp;LwipInit
</UL>

<P><STRONG><a name="[e3]"></a>memp_malloc</STRONG> (Thumb, 62 bytes, Stack size 8 bytes, memp.o(.text))
<BR><BR>[Stack]<UL><LI>Max Depth = 32<LI>Call Chain = memp_malloc &rArr; __2printf
</UL>
<BR>[Calls]<UL><LI><a href="#[a0]">&gt;&gt;</a>&nbsp;&nbsp;&nbsp;__2printf
</UL>
<BR>[Called By]<UL><LI><a href="#[13a]">&gt;&gt;</a>&nbsp;&nbsp;&nbsp;ip_reass
<LI><a href="#[128]">&gt;&gt;</a>&nbsp;&nbsp;&nbsp;tcp_create_segment
<LI><a href="#[114]">&gt;&gt;</a>&nbsp;&nbsp;&nbsp;tcp_alloc
<LI><a href="#[10e]">&gt;&gt;</a>&nbsp;&nbsp;&nbsp;tcp_listen_with_backlog
<LI><a href="#[c9]">&gt;&gt;</a>&nbsp;&nbsp;&nbsp;udp_new
<LI><a href="#[a9]">&gt;&gt;</a>&nbsp;&nbsp;&nbsp;pbuf_alloc
</UL>

<P><STRONG><a name="[e4]"></a>memp_free</STRONG> (Thumb, 42 bytes, Stack size 16 bytes, memp.o(.text))
<BR><BR>[Stack]<UL><LI>Max Depth = 40<LI>Call Chain = memp_free &rArr; __2printf
</UL>
<BR>[Calls]<UL><LI><a href="#[a0]">&gt;&gt;</a>&nbsp;&nbsp;&nbsp;__2printf
</UL>
<BR>[Called By]<UL><LI><a href="#[13f]">&gt;&gt;</a>&nbsp;&nbsp;&nbsp;ip_reass_dequeue_datagram
<LI><a href="#[123]">&gt;&gt;</a>&nbsp;&nbsp;&nbsp;tcp_input
<LI><a href="#[10e]">&gt;&gt;</a>&nbsp;&nbsp;&nbsp;tcp_listen_with_backlog
<LI><a href="#[10b]">&gt;&gt;</a>&nbsp;&nbsp;&nbsp;tcp_abandon
<LI><a href="#[fa]">&gt;&gt;</a>&nbsp;&nbsp;&nbsp;tcp_slowtmr
<LI><a href="#[f7]">&gt;&gt;</a>&nbsp;&nbsp;&nbsp;tcp_seg_free
<LI><a href="#[101]">&gt;&gt;</a>&nbsp;&nbsp;&nbsp;tcp_close_shutdown
<LI><a href="#[c5]">&gt;&gt;</a>&nbsp;&nbsp;&nbsp;udp_remove
<LI><a href="#[a3]">&gt;&gt;</a>&nbsp;&nbsp;&nbsp;pbuf_free
</UL>

<P><STRONG><a name="[185]"></a>netif_init</STRONG> (Thumb, 2 bytes, Stack size 0 bytes, netif.o(.text), UNUSED)

<P><STRONG><a name="[ba]"></a>netif_set_gw</STRONG> (Thumb, 8 bytes, Stack size 0 bytes, netif.o(.text))
<BR><BR>[Called By]<UL><LI><a href="#[71]">&gt;&gt;</a>&nbsp;&nbsp;&nbsp;dhcp_recv
<LI><a href="#[bc]">&gt;&gt;</a>&nbsp;&nbsp;&nbsp;dhcp_bind
<LI><a href="#[e6]">&gt;&gt;</a>&nbsp;&nbsp;&nbsp;netif_set_addr
<LI><a href="#[b7]">&gt;&gt;</a>&nbsp;&nbsp;&nbsp;dhcp_release
</UL>

<P><STRONG><a name="[bb]"></a>netif_set_netmask</STRONG> (Thumb, 8 bytes, Stack size 0 bytes, netif.o(.text))
<BR><BR>[Called By]<UL><LI><a href="#[71]">&gt;&gt;</a>&nbsp;&nbsp;&nbsp;dhcp_recv
<LI><a href="#[bc]">&gt;&gt;</a>&nbsp;&nbsp;&nbsp;dhcp_bind
<LI><a href="#[e6]">&gt;&gt;</a>&nbsp;&nbsp;&nbsp;netif_set_addr
<LI><a href="#[b7]">&gt;&gt;</a>&nbsp;&nbsp;&nbsp;dhcp_release
</UL>

<P><STRONG><a name="[b9]"></a>netif_set_ipaddr</STRONG> (Thumb, 92 bytes, Stack size 16 bytes, netif.o(.text))
<BR><BR>[Stack]<UL><LI>Max Depth = 272<LI>Call Chain = netif_set_ipaddr &rArr; tcp_abort &rArr; tcp_abandon &rArr; tcp_pcb_remove &rArr; tcp_output &rArr; tcp_send_empty_ack &rArr; tcp_output_alloc_header &rArr; pbuf_alloc &rArr; pbuf_free &rArr; mem_free &rArr; plug_holes &rArr; __2printf
</UL>
<BR>[Calls]<UL><LI><a href="#[e5]">&gt;&gt;</a>&nbsp;&nbsp;&nbsp;tcp_abort
</UL>
<BR>[Called By]<UL><LI><a href="#[71]">&gt;&gt;</a>&nbsp;&nbsp;&nbsp;dhcp_recv
<LI><a href="#[bc]">&gt;&gt;</a>&nbsp;&nbsp;&nbsp;dhcp_bind
<LI><a href="#[e6]">&gt;&gt;</a>&nbsp;&nbsp;&nbsp;netif_set_addr
<LI><a href="#[b7]">&gt;&gt;</a>&nbsp;&nbsp;&nbsp;dhcp_release
</UL>

<P><STRONG><a name="[e6]"></a>netif_set_addr</STRONG> (Thumb, 30 bytes, Stack size 16 bytes, netif.o(.text))
<BR><BR>[Stack]<UL><LI>Max Depth = 288<LI>Call Chain = netif_set_addr &rArr; netif_set_ipaddr &rArr; tcp_abort &rArr; tcp_abandon &rArr; tcp_pcb_remove &rArr; tcp_output &rArr; tcp_send_empty_ack &rArr; tcp_output_alloc_header &rArr; pbuf_alloc &rArr; pbuf_free &rArr; mem_free &rArr; plug_holes &rArr; __2printf
</UL>
<BR>[Calls]<UL><LI><a href="#[bb]">&gt;&gt;</a>&nbsp;&nbsp;&nbsp;netif_set_netmask
<LI><a href="#[b9]">&gt;&gt;</a>&nbsp;&nbsp;&nbsp;netif_set_ipaddr
<LI><a href="#[ba]">&gt;&gt;</a>&nbsp;&nbsp;&nbsp;netif_set_gw
</UL>
<BR>[Called By]<UL><LI><a href="#[98]">&gt;&gt;</a>&nbsp;&nbsp;&nbsp;netif_add
</UL>

<P><STRONG><a name="[98]"></a>netif_add</STRONG> (Thumb, 108 bytes, Stack size 40 bytes, netif.o(.text))
<BR><BR>[Stack]<UL><LI>Max Depth = 328<LI>Call Chain = netif_add &rArr; netif_set_addr &rArr; netif_set_ipaddr &rArr; tcp_abort &rArr; tcp_abandon &rArr; tcp_pcb_remove &rArr; tcp_output &rArr; tcp_send_empty_ack &rArr; tcp_output_alloc_header &rArr; pbuf_alloc &rArr; pbuf_free &rArr; mem_free &rArr; plug_holes &rArr; __2printf
</UL>
<BR>[Calls]<UL><LI><a href="#[e6]">&gt;&gt;</a>&nbsp;&nbsp;&nbsp;netif_set_addr
<LI><a href="#[a0]">&gt;&gt;</a>&nbsp;&nbsp;&nbsp;__2printf
</UL>
<BR>[Called By]<UL><LI><a href="#[8e]">&gt;&gt;</a>&nbsp;&nbsp;&nbsp;LwipInit
</UL>

<P><STRONG><a name="[99]"></a>netif_set_default</STRONG> (Thumb, 6 bytes, Stack size 0 bytes, netif.o(.text))
<BR><BR>[Called By]<UL><LI><a href="#[8e]">&gt;&gt;</a>&nbsp;&nbsp;&nbsp;LwipInit
</UL>

<P><STRONG><a name="[b8]"></a>netif_set_down</STRONG> (Thumb, 26 bytes, Stack size 0 bytes, netif.o(.text))
<BR><BR>[Stack]<UL><LI>Max Depth = 112<LI>Call Chain = netif_set_down &rArr; etharp_cleanup_netif &rArr; etharp_free_entry &rArr; pbuf_free &rArr; mem_free &rArr; plug_holes &rArr; __2printf
</UL>
<BR>[Calls]<UL><LI><a href="#[e7]">&gt;&gt;</a>&nbsp;&nbsp;&nbsp;etharp_cleanup_netif
</UL>
<BR>[Called By]<UL><LI><a href="#[71]">&gt;&gt;</a>&nbsp;&nbsp;&nbsp;dhcp_recv
<LI><a href="#[e8]">&gt;&gt;</a>&nbsp;&nbsp;&nbsp;netif_remove
<LI><a href="#[cf]">&gt;&gt;</a>&nbsp;&nbsp;&nbsp;dhcp_network_changed
<LI><a href="#[b7]">&gt;&gt;</a>&nbsp;&nbsp;&nbsp;dhcp_release
</UL>

<P><STRONG><a name="[e8]"></a>netif_remove</STRONG> (Thumb, 68 bytes, Stack size 8 bytes, netif.o(.text), UNUSED)
<BR><BR>[Calls]<UL><LI><a href="#[b8]">&gt;&gt;</a>&nbsp;&nbsp;&nbsp;netif_set_down
</UL>

<P><STRONG><a name="[186]"></a>netif_find</STRONG> (Thumb, 58 bytes, Stack size 8 bytes, netif.o(.text), UNUSED)

<P><STRONG><a name="[9a]"></a>netif_set_up</STRONG> (Thumb, 32 bytes, Stack size 0 bytes, netif.o(.text))
<BR><BR>[Stack]<UL><LI>Max Depth = 200<LI>Call Chain = netif_set_up &rArr; etharp_request &rArr; etharp_raw &rArr; pbuf_alloc &rArr; pbuf_free &rArr; mem_free &rArr; plug_holes &rArr; __2printf
</UL>
<BR>[Calls]<UL><LI><a href="#[e9]">&gt;&gt;</a>&nbsp;&nbsp;&nbsp;etharp_request
</UL>
<BR>[Called By]<UL><LI><a href="#[bc]">&gt;&gt;</a>&nbsp;&nbsp;&nbsp;dhcp_bind
<LI><a href="#[8e]">&gt;&gt;</a>&nbsp;&nbsp;&nbsp;LwipInit
</UL>

<P><STRONG><a name="[ea]"></a>netif_set_link_up</STRONG> (Thumb, 56 bytes, Stack size 8 bytes, netif.o(.text), UNUSED)
<BR><BR>[Calls]<UL><LI><a href="#[e9]">&gt;&gt;</a>&nbsp;&nbsp;&nbsp;etharp_request
<LI><a href="#[cf]">&gt;&gt;</a>&nbsp;&nbsp;&nbsp;dhcp_network_changed
</UL>

<P><STRONG><a name="[187]"></a>netif_set_link_down</STRONG> (Thumb, 18 bytes, Stack size 0 bytes, netif.o(.text), UNUSED)

<P><STRONG><a name="[a3]"></a>pbuf_free</STRONG> (Thumb, 144 bytes, Stack size 24 bytes, pbuf.o(.text))
<BR><BR>[Stack]<UL><LI>Max Depth = 80<LI>Call Chain = pbuf_free &rArr; mem_free &rArr; plug_holes &rArr; __2printf
</UL>
<BR>[Calls]<UL><LI><a href="#[e4]">&gt;&gt;</a>&nbsp;&nbsp;&nbsp;memp_free
<LI><a href="#[c3]">&gt;&gt;</a>&nbsp;&nbsp;&nbsp;mem_free
<LI><a href="#[a0]">&gt;&gt;</a>&nbsp;&nbsp;&nbsp;__2printf
</UL>
<BR>[Called By]<UL><LI><a href="#[71]">&gt;&gt;</a>&nbsp;&nbsp;&nbsp;dhcp_recv
<LI><a href="#[a2]">&gt;&gt;</a>&nbsp;&nbsp;&nbsp;dhcp_delete_msg
<LI><a href="#[6f]">&gt;&gt;</a>&nbsp;&nbsp;&nbsp;ethernet_input
<LI><a href="#[4b]">&gt;&gt;</a>&nbsp;&nbsp;&nbsp;EMAC_TX_IRQHandler
<LI><a href="#[150]">&gt;&gt;</a>&nbsp;&nbsp;&nbsp;ethernetif_loopback_input
<LI><a href="#[14f]">&gt;&gt;</a>&nbsp;&nbsp;&nbsp;ethernetif_input
<LI><a href="#[14a]">&gt;&gt;</a>&nbsp;&nbsp;&nbsp;etharp_raw
<LI><a href="#[149]">&gt;&gt;</a>&nbsp;&nbsp;&nbsp;etharp_arp_input
<LI><a href="#[147]">&gt;&gt;</a>&nbsp;&nbsp;&nbsp;etharp_update_arp_entry
<LI><a href="#[144]">&gt;&gt;</a>&nbsp;&nbsp;&nbsp;etharp_free_entry
<LI><a href="#[143]">&gt;&gt;</a>&nbsp;&nbsp;&nbsp;ip_reass_chain_frag_into_datagram_and_validate
<LI><a href="#[140]">&gt;&gt;</a>&nbsp;&nbsp;&nbsp;ip_reass_free_complete_datagram
<LI><a href="#[13a]">&gt;&gt;</a>&nbsp;&nbsp;&nbsp;ip_reass
<LI><a href="#[139]">&gt;&gt;</a>&nbsp;&nbsp;&nbsp;ip_input
<LI><a href="#[132]">&gt;&gt;</a>&nbsp;&nbsp;&nbsp;icmp_input
<LI><a href="#[135]">&gt;&gt;</a>&nbsp;&nbsp;&nbsp;icmp_send_response
<LI><a href="#[12e]">&gt;&gt;</a>&nbsp;&nbsp;&nbsp;udp_input
<LI><a href="#[12b]">&gt;&gt;</a>&nbsp;&nbsp;&nbsp;tcp_write
<LI><a href="#[128]">&gt;&gt;</a>&nbsp;&nbsp;&nbsp;tcp_create_segment
<LI><a href="#[11e]">&gt;&gt;</a>&nbsp;&nbsp;&nbsp;tcp_send_empty_ack
<LI><a href="#[123]">&gt;&gt;</a>&nbsp;&nbsp;&nbsp;tcp_input
<LI><a href="#[fb]">&gt;&gt;</a>&nbsp;&nbsp;&nbsp;tcp_zero_window_probe
<LI><a href="#[fe]">&gt;&gt;</a>&nbsp;&nbsp;&nbsp;tcp_rst
<LI><a href="#[fd]">&gt;&gt;</a>&nbsp;&nbsp;&nbsp;tcp_keepalive
<LI><a href="#[10a]">&gt;&gt;</a>&nbsp;&nbsp;&nbsp;tcp_shutdown
<LI><a href="#[107]">&gt;&gt;</a>&nbsp;&nbsp;&nbsp;tcp_recv_null
<LI><a href="#[f9]">&gt;&gt;</a>&nbsp;&nbsp;&nbsp;tcp_pcb_purge
<LI><a href="#[f7]">&gt;&gt;</a>&nbsp;&nbsp;&nbsp;tcp_seg_free
<LI><a href="#[f2]">&gt;&gt;</a>&nbsp;&nbsp;&nbsp;pbuf_coalesce
<LI><a href="#[ef]">&gt;&gt;</a>&nbsp;&nbsp;&nbsp;pbuf_dechain
<LI><a href="#[d6]">&gt;&gt;</a>&nbsp;&nbsp;&nbsp;dns_send
<LI><a href="#[72]">&gt;&gt;</a>&nbsp;&nbsp;&nbsp;dns_recv
<LI><a href="#[ae]">&gt;&gt;</a>&nbsp;&nbsp;&nbsp;udp_sendto_if
<LI><a href="#[ad]">&gt;&gt;</a>&nbsp;&nbsp;&nbsp;pbuf_realloc
<LI><a href="#[a9]">&gt;&gt;</a>&nbsp;&nbsp;&nbsp;pbuf_alloc
<LI><a href="#[b0]">&gt;&gt;</a>&nbsp;&nbsp;&nbsp;etharp_query
</UL>

<P><STRONG><a name="[a9]"></a>pbuf_alloc</STRONG> (Thumb, 468 bytes, Stack size 40 bytes, pbuf.o(.text))
<BR><BR>[Stack]<UL><LI>Max Depth = 120<LI>Call Chain = pbuf_alloc &rArr; pbuf_free &rArr; mem_free &rArr; plug_holes &rArr; __2printf
</UL>
<BR>[Calls]<UL><LI><a href="#[e3]">&gt;&gt;</a>&nbsp;&nbsp;&nbsp;memp_malloc
<LI><a href="#[a3]">&gt;&gt;</a>&nbsp;&nbsp;&nbsp;pbuf_free
<LI><a href="#[cd]">&gt;&gt;</a>&nbsp;&nbsp;&nbsp;mem_malloc
<LI><a href="#[a0]">&gt;&gt;</a>&nbsp;&nbsp;&nbsp;__2printf
</UL>
<BR>[Called By]<UL><LI><a href="#[a8]">&gt;&gt;</a>&nbsp;&nbsp;&nbsp;dhcp_create_msg
<LI><a href="#[14f]">&gt;&gt;</a>&nbsp;&nbsp;&nbsp;ethernetif_input
<LI><a href="#[14a]">&gt;&gt;</a>&nbsp;&nbsp;&nbsp;etharp_raw
<LI><a href="#[132]">&gt;&gt;</a>&nbsp;&nbsp;&nbsp;icmp_input
<LI><a href="#[135]">&gt;&gt;</a>&nbsp;&nbsp;&nbsp;icmp_send_response
<LI><a href="#[12b]">&gt;&gt;</a>&nbsp;&nbsp;&nbsp;tcp_write
<LI><a href="#[129]">&gt;&gt;</a>&nbsp;&nbsp;&nbsp;tcp_pbuf_prealloc
<LI><a href="#[127]">&gt;&gt;</a>&nbsp;&nbsp;&nbsp;tcp_output_alloc_header
<LI><a href="#[fe]">&gt;&gt;</a>&nbsp;&nbsp;&nbsp;tcp_rst
<LI><a href="#[113]">&gt;&gt;</a>&nbsp;&nbsp;&nbsp;tcp_enqueue_flags
<LI><a href="#[f2]">&gt;&gt;</a>&nbsp;&nbsp;&nbsp;pbuf_coalesce
<LI><a href="#[d6]">&gt;&gt;</a>&nbsp;&nbsp;&nbsp;dns_send
<LI><a href="#[ae]">&gt;&gt;</a>&nbsp;&nbsp;&nbsp;udp_sendto_if
<LI><a href="#[b0]">&gt;&gt;</a>&nbsp;&nbsp;&nbsp;etharp_query
</UL>

<P><STRONG><a name="[ad]"></a>pbuf_realloc</STRONG> (Thumb, 188 bytes, Stack size 32 bytes, pbuf.o(.text))
<BR><BR>[Stack]<UL><LI>Max Depth = 112<LI>Call Chain = pbuf_realloc &rArr; pbuf_free &rArr; mem_free &rArr; plug_holes &rArr; __2printf
</UL>
<BR>[Calls]<UL><LI><a href="#[e0]">&gt;&gt;</a>&nbsp;&nbsp;&nbsp;mem_trim
<LI><a href="#[a3]">&gt;&gt;</a>&nbsp;&nbsp;&nbsp;pbuf_free
<LI><a href="#[a0]">&gt;&gt;</a>&nbsp;&nbsp;&nbsp;__2printf
</UL>
<BR>[Called By]<UL><LI><a href="#[d1]">&gt;&gt;</a>&nbsp;&nbsp;&nbsp;dhcp_decline
<LI><a href="#[b6]">&gt;&gt;</a>&nbsp;&nbsp;&nbsp;dhcp_reboot
<LI><a href="#[b5]">&gt;&gt;</a>&nbsp;&nbsp;&nbsp;dhcp_rebind
<LI><a href="#[b2]">&gt;&gt;</a>&nbsp;&nbsp;&nbsp;dhcp_select
<LI><a href="#[ab]">&gt;&gt;</a>&nbsp;&nbsp;&nbsp;dhcp_discover
<LI><a href="#[139]">&gt;&gt;</a>&nbsp;&nbsp;&nbsp;ip_input
<LI><a href="#[11a]">&gt;&gt;</a>&nbsp;&nbsp;&nbsp;tcp_receive
<LI><a href="#[d6]">&gt;&gt;</a>&nbsp;&nbsp;&nbsp;dns_send
<LI><a href="#[ce]">&gt;&gt;</a>&nbsp;&nbsp;&nbsp;dhcp_inform
<LI><a href="#[b7]">&gt;&gt;</a>&nbsp;&nbsp;&nbsp;dhcp_release
<LI><a href="#[b4]">&gt;&gt;</a>&nbsp;&nbsp;&nbsp;dhcp_renew
</UL>

<P><STRONG><a name="[eb]"></a>pbuf_header</STRONG> (Thumb, 780 bytes, Stack size 16 bytes, pbuf.o(.text))
<BR><BR>[Stack]<UL><LI>Max Depth = 40<LI>Call Chain = pbuf_header &rArr; __2printf
</UL>
<BR>[Calls]<UL><LI><a href="#[a0]">&gt;&gt;</a>&nbsp;&nbsp;&nbsp;__2printf
</UL>
<BR>[Called By]<UL><LI><a href="#[6f]">&gt;&gt;</a>&nbsp;&nbsp;&nbsp;ethernet_input
<LI><a href="#[74]">&gt;&gt;</a>&nbsp;&nbsp;&nbsp;etharp_output
<LI><a href="#[13a]">&gt;&gt;</a>&nbsp;&nbsp;&nbsp;ip_reass
<LI><a href="#[132]">&gt;&gt;</a>&nbsp;&nbsp;&nbsp;icmp_input
<LI><a href="#[130]">&gt;&gt;</a>&nbsp;&nbsp;&nbsp;ip_output_if
<LI><a href="#[12e]">&gt;&gt;</a>&nbsp;&nbsp;&nbsp;udp_input
<LI><a href="#[128]">&gt;&gt;</a>&nbsp;&nbsp;&nbsp;tcp_create_segment
<LI><a href="#[123]">&gt;&gt;</a>&nbsp;&nbsp;&nbsp;tcp_input
<LI><a href="#[11a]">&gt;&gt;</a>&nbsp;&nbsp;&nbsp;tcp_receive
<LI><a href="#[ae]">&gt;&gt;</a>&nbsp;&nbsp;&nbsp;udp_sendto_if
</UL>

<P><STRONG><a name="[11c]"></a>pbuf_clen</STRONG> (Thumb, 18 bytes, Stack size 0 bytes, pbuf.o(.text))
[...]
</UL>
<BR>[Calls]<UL><LI><a href="#[102]">&gt;&gt;</a>&nbsp;&nbsp;&nbsp;tcp_timer_needed
<LI><a href="#[103]">&gt;&gt;</a>&nbsp;&nbsp;&nbsp;tcp_send_fin
<LI><a href="#[fe]">&gt;&gt;</a>&nbsp;&nbsp;&nbsp;tcp_rst
<LI><a href="#[ff]">&gt;&gt;</a>&nbsp;&nbsp;&nbsp;tcp_output
<LI><a href="#[100]">&gt;&gt;</a>&nbsp;&nbsp;&nbsp;tcp_pcb_remove
<LI><a href="#[f9]">&gt;&gt;</a>&nbsp;&nbsp;&nbsp;tcp_pcb_purge
<LI><a href="#[e4]">&gt;&gt;</a>&nbsp;&nbsp;&nbsp;memp_free
<LI><a href="#[a0]">&gt;&gt;</a>&nbsp;&nbsp;&nbsp;__2printf
</UL>
<BR>[Called By]<UL><LI><a href="#[10a]">&gt;&gt;</a>&nbsp;&nbsp;&nbsp;tcp_shutdown
<LI><a href="#[104]">&gt;&gt;</a>&nbsp;&nbsp;&nbsp;tcp_close
</UL>

<P><STRONG><a name="[10d]"></a>tcp_new_port</STRONG> (Thumb, 276 bytes, Stack size 20 bytes, tcp.o(.text), UNUSED)
<BR><BR>[Called By]<UL><LI><a href="#[111]">&gt;&gt;</a>&nbsp;&nbsp;&nbsp;tcp_connect
<LI><a href="#[10c]">&gt;&gt;</a>&nbsp;&nbsp;&nbsp;tcp_bind
</UL>

<P><STRONG><a name="[73]"></a>tcp_accept_null</STRONG> (Thumb, 6 bytes, Stack size 0 bytes, tcp.o(.text))
<BR>[Address Reference Count : 1]<UL><LI> tcp.o(.text)
</UL>
<P><STRONG><a name="[11a]"></a>tcp_receive</STRONG> (Thumb, 1594 bytes, Stack size 32 bytes, tcp_in.o(.text))
<BR><BR>[Stack]<UL><LI>Max Depth = 200<LI>Call Chain = tcp_receive &rArr; tcp_send_empty_ack &rArr; tcp_output_alloc_header &rArr; pbuf_alloc &rArr; pbuf_free &rArr; mem_free &rArr; plug_holes &rArr; __2printf
</UL>
<BR>[Calls]<UL><LI><a href="#[b3]">&gt;&gt;</a>&nbsp;&nbsp;&nbsp;lwip_ntohl
<LI><a href="#[11d]">&gt;&gt;</a>&nbsp;&nbsp;&nbsp;lwip_ntohs
<LI><a href="#[d2]">&gt;&gt;</a>&nbsp;&nbsp;&nbsp;lwip_htons
<LI><a href="#[11e]">&gt;&gt;</a>&nbsp;&nbsp;&nbsp;tcp_send_empty_ack
<LI><a href="#[11b]">&gt;&gt;</a>&nbsp;&nbsp;&nbsp;tcp_rexmit_fast
<LI><a href="#[105]">&gt;&gt;</a>&nbsp;&nbsp;&nbsp;tcp_update_rcv_ann_wnd
<LI><a href="#[f7]">&gt;&gt;</a>&nbsp;&nbsp;&nbsp;tcp_seg_free
<LI><a href="#[11c]">&gt;&gt;</a>&nbsp;&nbsp;&nbsp;pbuf_clen
<LI><a href="#[eb]">&gt;&gt;</a>&nbsp;&nbsp;&nbsp;pbuf_header
<LI><a href="#[ad]">&gt;&gt;</a>&nbsp;&nbsp;&nbsp;pbuf_realloc
<LI><a href="#[a0]">&gt;&gt;</a>&nbsp;&nbsp;&nbsp;__2printf
</UL>
<BR>[Called By]<UL><LI><a href="#[120]">&gt;&gt;</a>&nbsp;&nbsp;&nbsp;tcp_process
</UL>

<P><STRONG><a name="[11f]"></a>tcp_parseopt</STRONG> (Thumb, 120 bytes, Stack size 16 bytes, tcp_in.o(.text))
<BR><BR>[Stack]<UL><LI>Max Depth = 16<LI>Call Chain = tcp_parseopt
</UL>
<BR>[Calls]<UL><LI><a href="#[11d]">&gt;&gt;</a>&nbsp;&nbsp;&nbsp;lwip_ntohs
</UL>
<BR>[Called By]<UL><LI><a href="#[122]">&gt;&gt;</a>&nbsp;&nbsp;&nbsp;tcp_listen_input
<LI><a href="#[120]">&gt;&gt;</a>&nbsp;&nbsp;&nbsp;tcp_process
</UL>

<P><STRONG><a name="[120]"></a>tcp_process</STRONG> (Thumb, 1110 bytes, Stack size 48 bytes, tcp_in.o(.text))
<BR><BR>[Stack]<UL><LI>Max Depth = 304<LI>Call Chain = tcp_process &rArr; tcp_abort &rArr; tcp_abandon &rArr; tcp_pcb_remove &rArr; tcp_output &rArr; tcp_send_empty_ack &rArr; tcp_output_alloc_header &rArr; pbuf_alloc &rArr; pbuf_free &rArr; mem_free &rArr; plug_holes &rArr; __2printf
</UL>
<BR>[Calls]<UL><LI><a href="#[b3]">&gt;&gt;</a>&nbsp;&nbsp;&nbsp;lwip_ntohl
<LI><a href="#[121]">&gt;&gt;</a>&nbsp;&nbsp;&nbsp;tcp_rexmit
<LI><a href="#[11f]">&gt;&gt;</a>&nbsp;&nbsp;&nbsp;tcp_parseopt
<LI><a href="#[11a]">&gt;&gt;</a>&nbsp;&nbsp;&nbsp;tcp_receive
<LI><a href="#[102]">&gt;&gt;</a>&nbsp;&nbsp;&nbsp;tcp_timer_needed
<LI><a href="#[fe]">&gt;&gt;</a>&nbsp;&nbsp;&nbsp;tcp_rst
<LI><a href="#[10f]">&gt;&gt;</a>&nbsp;&nbsp;&nbsp;tcp_eff_send_mss
<LI><a href="#[f9]">&gt;&gt;</a>&nbsp;&nbsp;&nbsp;tcp_pcb_purge
<LI><a href="#[f7]">&gt;&gt;</a>&nbsp;&nbsp;&nbsp;tcp_seg_free
<LI><a href="#[e5]">&gt;&gt;</a>&nbsp;&nbsp;&nbsp;tcp_abort
<LI><a href="#[a0]">&gt;&gt;</a>&nbsp;&nbsp;&nbsp;__2printf
</UL>
<BR>[Called By]<UL><LI><a href="#[123]">&gt;&gt;</a>&nbsp;&nbsp;&nbsp;tcp_input
</UL>

<P><STRONG><a name="[122]"></a>tcp_listen_input</STRONG> (Thumb, 208 bytes, Stack size 24 bytes, tcp_in.o(.text))
<BR><BR>[Stack]<UL><LI>Max Depth = 304<LI>Call Chain = tcp_listen_input &rArr; tcp_alloc &rArr; tcp_abandon &rArr; tcp_pcb_remove &rArr; tcp_output &rArr; tcp_send_empty_ack &rArr; tcp_output_alloc_header &rArr; pbuf_alloc &rArr; pbuf_free &rArr; mem_free &rArr; plug_holes &rArr; __2printf
</UL>
<BR>[Calls]<UL><LI><a href="#[11f]">&gt;&gt;</a>&nbsp;&nbsp;&nbsp;tcp_parseopt
<LI><a href="#[102]">&gt;&gt;</a>&nbsp;&nbsp;&nbsp;tcp_timer_needed
<LI><a href="#[fe]">&gt;&gt;</a>&nbsp;&nbsp;&nbsp;tcp_rst
<LI><a href="#[ff]">&gt;&gt;</a>&nbsp;&nbsp;&nbsp;tcp_output
<LI><a href="#[113]">&gt;&gt;</a>&nbsp;&nbsp;&nbsp;tcp_enqueue_flags
<LI><a href="#[114]">&gt;&gt;</a>&nbsp;&nbsp;&nbsp;tcp_alloc
<LI><a href="#[10f]">&gt;&gt;</a>&nbsp;&nbsp;&nbsp;tcp_eff_send_mss
<LI><a href="#[10b]">&gt;&gt;</a>&nbsp;&nbsp;&nbsp;tcp_abandon
</UL>
<BR>[Called By]<UL><LI><a href="#[123]">&gt;&gt;</a>&nbsp;&nbsp;&nbsp;tcp_input
</UL>

<P><STRONG><a name="[126]"></a>tcp_timewait_input</STRONG> (Thumb, 92 bytes, Stack size 24 bytes, tcp_in.o(.text))
<BR><BR>[Stack]<UL><LI>Max Depth = 224<LI>Call Chain = tcp_timewait_input &rArr; tcp_output &rArr; tcp_send_empty_ack &rArr; tcp_output_alloc_header &rArr; pbuf_alloc &rArr; pbuf_free &rArr; mem_free &rArr; plug_holes &rArr; __2printf
</UL>
<BR>[Calls]<UL><LI><a href="#[fe]">&gt;&gt;</a>&nbsp;&nbsp;&nbsp;tcp_rst
<LI><a href="#[ff]">&gt;&gt;</a>&nbsp;&nbsp;&nbsp;tcp_output
</UL>
<BR>[Called By]<UL><LI><a href="#[123]">&gt;&gt;</a>&nbsp;&nbsp;&nbsp;tcp_input
</UL>

<P><STRONG><a name="[127]"></a>tcp_output_alloc_header</STRONG> (Thumb, 128 bytes, Stack size 24 bytes, tcp_out.o(.text))
<BR><BR>[Stack]<UL><LI>Max Depth = 144<LI>Call Chain = tcp_output_alloc_header &rArr; pbuf_alloc &rArr; pbuf_free &rArr; mem_free &rArr; plug_holes &rArr; __2printf
</UL>
<BR>[Calls]<UL><LI><a href="#[aa]">&gt;&gt;</a>&nbsp;&nbsp;&nbsp;lwip_htonl
<LI><a href="#[d2]">&gt;&gt;</a>&nbsp;&nbsp;&nbsp;lwip_htons
<LI><a href="#[a9]">&gt;&gt;</a>&nbsp;&nbsp;&nbsp;pbuf_alloc
<LI><a href="#[a0]">&gt;&gt;</a>&nbsp;&nbsp;&nbsp;__2printf
</UL>
<BR>[Called By]<UL><LI><a href="#[11e]">&gt;&gt;</a>&nbsp;&nbsp;&nbsp;tcp_send_empty_ack
<LI><a href="#[fb]">&gt;&gt;</a>&nbsp;&nbsp;&nbsp;tcp_zero_window_probe
<LI><a href="#[fd]">&gt;&gt;</a>&nbsp;&nbsp;&nbsp;tcp_keepalive
</UL>

<P><STRONG><a name="[128]"></a>tcp_create_segment</STRONG> (Thumb, 156 bytes, Stack size 32 bytes, tcp_out.o(.text))
<BR><BR>[Stack]<UL><LI>Max Depth = 120<LI>Call Chain = tcp_create_segment &rArr; tcp_seg_free &rArr; pbuf_free &rArr; mem_free &rArr; plug_holes &rArr; __2printf
</UL>
<BR>[Calls]<UL><LI><a href="#[aa]">&gt;&gt;</a>&nbsp;&nbsp;&nbsp;lwip_htonl
<LI><a href="#[d2]">&gt;&gt;</a>&nbsp;&nbsp;&nbsp;lwip_htons
<LI><a href="#[f7]">&gt;&gt;</a>&nbsp;&nbsp;&nbsp;tcp_seg_free
<LI><a href="#[eb]">&gt;&gt;</a>&nbsp;&nbsp;&nbsp;pbuf_header
<LI><a href="#[e3]">&gt;&gt;</a>&nbsp;&nbsp;&nbsp;memp_malloc
<LI><a href="#[a3]">&gt;&gt;</a>&nbsp;&nbsp;&nbsp;pbuf_free
</UL>
<BR>[Called By]<UL><LI><a href="#[12b]">&gt;&gt;</a>&nbsp;&nbsp;&nbsp;tcp_write
<LI><a href="#[113]">&gt;&gt;</a>&nbsp;&nbsp;&nbsp;tcp_enqueue_flags
</UL>

<P><STRONG><a name="[129]"></a>tcp_pbuf_prealloc</STRONG> (Thumb, 100 bytes, Stack size 16 bytes, tcp_out.o(.text), UNUSED)
<BR><BR>[Calls]<UL><LI><a href="#[a9]">&gt;&gt;</a>&nbsp;&nbsp;&nbsp;pbuf_alloc
<LI><a href="#[a0]">&gt;&gt;</a>&nbsp;&nbsp;&nbsp;__2printf
</UL>
<BR>[Called By]<UL><LI><a href="#[12b]">&gt;&gt;</a>&nbsp;&nbsp;&nbsp;tcp_write
</UL>

<P><STRONG><a name="[12a]"></a>tcp_write_checks</STRONG> (Thumb, 106 bytes, Stack size 8 bytes, tcp_out.o(.text), UNUSED)
<BR><BR>[Calls]<UL><LI><a href="#[a0]">&gt;&gt;</a>&nbsp;&nbsp;&nbsp;__2printf
</UL>
<BR>[Called By]<UL><LI><a href="#[12b]">&gt;&gt;</a>&nbsp;&nbsp;&nbsp;tcp_write
</UL>

<P><STRONG><a name="[12d]"></a>tcp_output_segment</STRONG> (Thumb, 588 bytes, Stack size 24 bytes, tcp_out.o(.text))
<BR><BR>[Stack]<UL><LI>Max Depth = 144<LI>Call Chain = tcp_output_segment &rArr; ip_output &rArr; ip_output_if &rArr; pbuf_header &rArr; __2printf
</UL>
<BR>[Calls]<UL><LI><a href="#[b3]">&gt;&gt;</a>&nbsp;&nbsp;&nbsp;lwip_ntohl
<LI><a href="#[aa]">&gt;&gt;</a>&nbsp;&nbsp;&nbsp;lwip_htonl
<LI><a href="#[d2]">&gt;&gt;</a>&nbsp;&nbsp;&nbsp;lwip_htons
<LI><a href="#[12c]">&gt;&gt;</a>&nbsp;&nbsp;&nbsp;ip_output
<LI><a href="#[125]">&gt;&gt;</a>&nbsp;&nbsp;&nbsp;inet_chksum_pseudo
<LI><a href="#[110]">&gt;&gt;</a>&nbsp;&nbsp;&nbsp;ip_route
<LI><a href="#[10f]">&gt;&gt;</a>&nbsp;&nbsp;&nbsp;tcp_eff_send_mss
</UL>
<BR>[Called By]<UL><LI><a href="#[ff]">&gt;&gt;</a>&nbsp;&nbsp;&nbsp;tcp_output
</UL>

<P><STRONG><a name="[135]"></a>icmp_send_response</STRONG> (Thumb, 122 bytes, Stack size 40 bytes, icmp.o(.text))
<BR><BR>[Stack]<UL><LI>Max Depth = 160<LI>Call Chain = icmp_send_response &rArr; ip_output &rArr; ip_output_if &rArr; pbuf_header &rArr; __2printf
</UL>
<BR>[Calls]<UL><LI><a href="#[de]">&gt;&gt;</a>&nbsp;&nbsp;&nbsp;__aeabi_memcpy
<LI><a href="#[134]">&gt;&gt;</a>&nbsp;&nbsp;&nbsp;inet_chksum
<LI><a href="#[12c]">&gt;&gt;</a>&nbsp;&nbsp;&nbsp;ip_output
<LI><a href="#[a3]">&gt;&gt;</a>&nbsp;&nbsp;&nbsp;pbuf_free
<LI><a href="#[a9]">&gt;&gt;</a>&nbsp;&nbsp;&nbsp;pbuf_alloc
<LI><a href="#[a0]">&gt;&gt;</a>&nbsp;&nbsp;&nbsp;__2printf
</UL>
<BR>[Called By]<UL><LI><a href="#[136]">&gt;&gt;</a>&nbsp;&nbsp;&nbsp;icmp_time_exceeded
<LI><a href="#[12f]">&gt;&gt;</a>&nbsp;&nbsp;&nbsp;icmp_dest_unreach
</UL>

<P><STRONG><a name="[137]"></a>lwip_standard_chksum</STRONG> (Thumb, 86 bytes, Stack size 12 bytes, inet_chksum.o(.text))
<BR><BR>[Stack]<UL><LI>Max Depth = 12<LI>Call Chain = lwip_standard_chksum
</UL>
<BR>[Called By]<UL><LI><a href="#[138]">&gt;&gt;</a>&nbsp;&nbsp;&nbsp;inet_chksum_pseudo_partial
<LI><a href="#[133]">&gt;&gt;</a>&nbsp;&nbsp;&nbsp;inet_chksum_pbuf
<LI><a href="#[134]">&gt;&gt;</a>&nbsp;&nbsp;&nbsp;inet_chksum
<LI><a href="#[125]">&gt;&gt;</a>&nbsp;&nbsp;&nbsp;inet_chksum_pseudo
</UL>

<P><STRONG><a name="[13f]"></a>ip_reass_dequeue_datagram</STRONG> (Thumb, 52 bytes, Stack size 16 bytes, ip_frag.o(.text))
<BR><BR>[Stack]<UL><LI>Max Depth = 56<LI>Call Chain = ip_reass_dequeue_datagram &rArr; memp_free &rArr; __2printf
</UL>
<BR>[Calls]<UL><LI><a href="#[e4]">&gt;&gt;</a>&nbsp;&nbsp;&nbsp;memp_free
<LI><a href="#[a0]">&gt;&gt;</a>&nbsp;&nbsp;&nbsp;__2printf
</UL>
<BR>[Called By]<UL><LI><a href="#[140]">&gt;&gt;</a>&nbsp;&nbsp;&nbsp;ip_reass_free_complete_datagram
<LI><a href="#[13a]">&gt;&gt;</a>&nbsp;&nbsp;&nbsp;ip_reass
</UL>

<P><STRONG><a name="[140]"></a>ip_reass_free_complete_datagram</STRONG> (Thumb, 200 bytes, Stack size 32 bytes, ip_frag.o(.text))
<BR><BR>[Stack]<UL><LI>Max Depth = 192<LI>Call Chain = ip_reass_free_complete_datagram &rArr; icmp_time_exceeded &rArr; icmp_send_response &rArr; ip_output &rArr; ip_output_if &rArr; pbuf_header &rArr; __2printf
</UL>
<BR>[Calls]<UL><LI><a href="#[de]">&gt;&gt;</a>&nbsp;&nbsp;&nbsp;__aeabi_memcpy
<LI><a href="#[13f]">&gt;&gt;</a>&nbsp;&nbsp;&nbsp;ip_reass_dequeue_datagram
<LI><a href="#[136]">&gt;&gt;</a>&nbsp;&nbsp;&nbsp;icmp_time_exceeded
<LI><a href="#[11c]">&gt;&gt;</a>&nbsp;&nbsp;&nbsp;pbuf_clen
<LI><a href="#[a3]">&gt;&gt;</a>&nbsp;&nbsp;&nbsp;pbuf_free
<LI><a href="#[a0]">&gt;&gt;</a>&nbsp;&nbsp;&nbsp;__2printf
</UL>
<BR>[Called By]<UL><LI><a href="#[141]">&gt;&gt;</a>&nbsp;&nbsp;&nbsp;ip_reass_tmr
<LI><a href="#[142]">&gt;&gt;</a>&nbsp;&nbsp;&nbsp;ip_reass_remove_oldest_datagram
</UL>

<P><STRONG><a name="[142]"></a>ip_reass_remove_oldest_datagram</STRONG> (Thumb, 98 bytes, Stack size 32 bytes, ip_frag.o(.text))
<BR><BR>[Stack]<UL><LI>Max Depth = 224<LI>Call Chain = ip_reass_remove_oldest_datagram &rArr; ip_reass_free_complete_datagram &rArr; icmp_time_exceeded &rArr; icmp_send_response &rArr; ip_output &rArr; ip_output_if &rArr; pbuf_header &rArr; __2printf
</UL>
<BR>[Calls]<UL><LI><a href="#[140]">&gt;&gt;</a>&nbsp;&nbsp;&nbsp;ip_reass_free_complete_datagram
</UL>
<BR>[Called By]<UL><LI><a href="#[13a]">&gt;&gt;</a>&nbsp;&nbsp;&nbsp;ip_reass
</UL>

<P><STRONG><a name="[143]"></a>ip_reass_chain_frag_into_datagram_and_validate</STRONG> (Thumb, 346 bytes, Stack size 32 bytes, ip_frag.o(.text))
<BR><BR>[Stack]<UL><LI>Max Depth = 112<LI>Call Chain = ip_reass_chain_frag_into_datagram_and_validate &rArr; pbuf_free &rArr; mem_free &rArr; plug_holes &rArr; __2printf
</UL>
<BR>[Calls]<UL><LI><a href="#[11d]">&gt;&gt;</a>&nbsp;&nbsp;&nbsp;lwip_ntohs
<LI><a href="#[11c]">&gt;&gt;</a>&nbsp;&nbsp;&nbsp;pbuf_clen
<LI><a href="#[a3]">&gt;&gt;</a>&nbsp;&nbsp;&nbsp;pbuf_free
<LI><a href="#[a0]">&gt;&gt;</a>&nbsp;&nbsp;&nbsp;__2printf
</UL>
<BR>[Called By]<UL><LI><a href="#[13a]">&gt;&gt;</a>&nbsp;&nbsp;&nbsp;ip_reass
</UL>

<P><STRONG><a name="[144]"></a>etharp_free_entry</STRONG> (Thumb, 50 bytes, Stack size 16 bytes, etharp.o(.text))
<BR><BR>[Stack]<UL><LI>Max Depth = 96<LI>Call Chain = etharp_free_entry &rArr; pbuf_free &rArr; mem_free &rArr; plug_holes &rArr; __2printf
</UL>
<BR>[Calls]<UL><LI><a href="#[a3]">&gt;&gt;</a>&nbsp;&nbsp;&nbsp;pbuf_free
</UL>
<BR>[Called By]<UL><LI><a href="#[8a]">&gt;&gt;</a>&nbsp;&nbsp;&nbsp;etharp_tmr
<LI><a href="#[145]">&gt;&gt;</a>&nbsp;&nbsp;&nbsp;etharp_find_entry
<LI><a href="#[e7]">&gt;&gt;</a>&nbsp;&nbsp;&nbsp;etharp_cleanup_netif
</UL>

<P><STRONG><a name="[145]"></a>etharp_find_entry</STRONG> (Thumb, 346 bytes, Stack size 64 bytes, etharp.o(.text))
<BR><BR>[Stack]<UL><LI>Max Depth = 160<LI>Call Chain = etharp_find_entry &rArr; etharp_free_entry &rArr; pbuf_free &rArr; mem_free &rArr; plug_holes &rArr; __2printf
</UL>
<BR>[Calls]<UL><LI><a href="#[144]">&gt;&gt;</a>&nbsp;&nbsp;&nbsp;etharp_free_entry
<LI><a href="#[a0]">&gt;&gt;</a>&nbsp;&nbsp;&nbsp;__2printf
</UL>
<BR>[Called By]<UL><LI><a href="#[148]">&gt;&gt;</a>&nbsp;&nbsp;&nbsp;etharp_find_addr
<LI><a href="#[147]">&gt;&gt;</a>&nbsp;&nbsp;&nbsp;etharp_update_arp_entry
<LI><a href="#[b0]">&gt;&gt;</a>&nbsp;&nbsp;&nbsp;etharp_query
</UL>

<P><STRONG><a name="[146]"></a>etharp_send_ip</STRONG> (Thumb, 72 bytes, Stack size 24 bytes, etharp.o(.text))
<BR><BR>[Stack]<UL><LI>Max Depth = 48<LI>Call Chain = etharp_send_ip &rArr; __2printf
</UL>
<BR>[Calls]<UL><LI><a href="#[a0]">&gt;&gt;</a>&nbsp;&nbsp;&nbsp;__2printf
</UL>
<BR>[Called By]<UL><LI><a href="#[74]">&gt;&gt;</a>&nbsp;&nbsp;&nbsp;etharp_output
<LI><a href="#[14b]">&gt;&gt;</a>&nbsp;&nbsp;&nbsp;etharp_output_to_arp_index
<LI><a href="#[147]">&gt;&gt;</a>&nbsp;&nbsp;&nbsp;etharp_update_arp_entry
<LI><a href="#[b0]">&gt;&gt;</a>&nbsp;&nbsp;&nbsp;etharp_query
</UL>

<P><STRONG><a name="[147]"></a>etharp_update_arp_entry</STRONG> (Thumb, 142 bytes, Stack size 24 bytes, etharp.o(.text))
<BR><BR>[Stack]<UL><LI>Max Depth = 184<LI>Call Chain = etharp_update_arp_entry &rArr; etharp_find_entry &rArr; etharp_free_entry &rArr; pbuf_free &rArr; mem_free &rArr; plug_holes &rArr; __2printf
</UL>
<BR>[Calls]<UL><LI><a href="#[146]">&gt;&gt;</a>&nbsp;&nbsp;&nbsp;etharp_send_ip
<LI><a href="#[145]">&gt;&gt;</a>&nbsp;&nbsp;&nbsp;etharp_find_entry
<LI><a href="#[124]">&gt;&gt;</a>&nbsp;&nbsp;&nbsp;ip4_addr_isbroadcast
<LI><a href="#[a3]">&gt;&gt;</a>&nbsp;&nbsp;&nbsp;pbuf_free
<LI><a href="#[a0]">&gt;&gt;</a>&nbsp;&nbsp;&nbsp;__2printf
</UL>
<BR>[Called By]<UL><LI><a href="#[149]">&gt;&gt;</a>&nbsp;&nbsp;&nbsp;etharp_arp_input
</UL>

<P><STRONG><a name="[149]"></a>etharp_arp_input</STRONG> (Thumb, 608 bytes, Stack size 40 bytes, etharp.o(.text))
<BR><BR>[Stack]<UL><LI>Max Depth = 232<LI>Call Chain = etharp_arp_input &rArr; dhcp_arp_reply &rArr; dhcp_decline &rArr; udp_sendto_if &rArr; pbuf_alloc &rArr; pbuf_free &rArr; mem_free &rArr; plug_holes &rArr; __2printf
</UL>
<BR>[Calls]<UL><LI><a href="#[d2]">&gt;&gt;</a>&nbsp;&nbsp;&nbsp;lwip_htons
<LI><a href="#[147]">&gt;&gt;</a>&nbsp;&nbsp;&nbsp;etharp_update_arp_entry
<LI><a href="#[a3]">&gt;&gt;</a>&nbsp;&nbsp;&nbsp;pbuf_free
<LI><a href="#[d0]">&gt;&gt;</a>&nbsp;&nbsp;&nbsp;dhcp_arp_reply
<LI><a href="#[a0]">&gt;&gt;</a>&nbsp;&nbsp;&nbsp;__2printf
</UL>
<BR>[Called By]<UL><LI><a href="#[6f]">&gt;&gt;</a>&nbsp;&nbsp;&nbsp;ethernet_input
</UL>

<P><STRONG><a name="[14a]"></a>etharp_raw</STRONG> (Thumb, 236 bytes, Stack size 56 bytes, etharp.o(.text))
<BR><BR>[Stack]<UL><LI>Max Depth = 176<LI>Call Chain = etharp_raw &rArr; pbuf_alloc &rArr; pbuf_free &rArr; mem_free &rArr; plug_holes &rArr; __2printf
</UL>
<BR>[Calls]<UL><LI><a href="#[d2]">&gt;&gt;</a>&nbsp;&nbsp;&nbsp;lwip_htons
<LI><a href="#[a3]">&gt;&gt;</a>&nbsp;&nbsp;&nbsp;pbuf_free
<LI><a href="#[a9]">&gt;&gt;</a>&nbsp;&nbsp;&nbsp;pbuf_alloc
<LI><a href="#[a0]">&gt;&gt;</a>&nbsp;&nbsp;&nbsp;__2printf
</UL>
<BR>[Called By]<UL><LI><a href="#[e9]">&gt;&gt;</a>&nbsp;&nbsp;&nbsp;etharp_request
</UL>

<P><STRONG><a name="[14b]"></a>etharp_output_to_arp_index</STRONG> (Thumb, 84 bytes, Stack size 16 bytes, etharp.o(.text))
<BR><BR>[Stack]<UL><LI>Max Depth = 216<LI>Call Chain = etharp_output_to_arp_index &rArr; etharp_request &rArr; etharp_raw &rArr; pbuf_alloc &rArr; pbuf_free &rArr; mem_free &rArr; plug_holes &rArr; __2printf
</UL>
<BR>[Calls]<UL><LI><a href="#[146]">&gt;&gt;</a>&nbsp;&nbsp;&nbsp;etharp_send_ip
<LI><a href="#[e9]">&gt;&gt;</a>&nbsp;&nbsp;&nbsp;etharp_request
<LI><a href="#[a0]">&gt;&gt;</a>&nbsp;&nbsp;&nbsp;__2printf
</UL>
<BR>[Called By]<UL><LI><a href="#[74]">&gt;&gt;</a>&nbsp;&nbsp;&nbsp;etharp_output
</UL>

<P><STRONG><a name="[75]"></a>low_level_output</STRONG> (Thumb, 70 bytes, Stack size 24 bytes, ethernetif.o(.text))
<BR><BR>[Stack]<UL><LI>Max Depth = 32<LI>Call Chain = low_level_output &rArr; ETH_trigger_tx
</UL>
<BR>[Calls]<UL><LI><a href="#[de]">&gt;&gt;</a>&nbsp;&nbsp;&nbsp;__aeabi_memcpy
<LI><a href="#[14e]">&gt;&gt;</a>&nbsp;&nbsp;&nbsp;ETH_trigger_tx
<LI><a href="#[14d]">&gt;&gt;</a>&nbsp;&nbsp;&nbsp;ETH_get_tx_buf
</UL>
<BR>[Address Reference Count : 1]<UL><LI> ethernetif.o(.text)
</UL>
<P><STRONG><a name="[152]"></a>reset_phy</STRONG> (Thumb, 194 bytes, Stack size 24 bytes, nuc472_eth.o(.text))
<BR><BR>[Stack]<UL><LI>Max Depth = 24<LI>Call Chain = reset_phy
</UL>
<BR>[Calls]<UL><LI><a href="#[154]">&gt;&gt;</a>&nbsp;&nbsp;&nbsp;mdio_read
<LI><a href="#[153]">&gt;&gt;</a>&nbsp;&nbsp;&nbsp;mdio_write
</UL>
<BR>[Called By]<UL><LI><a href="#[151]">&gt;&gt;</a>&nbsp;&nbsp;&nbsp;ETH_init
</UL>

<P><STRONG><a name="[153]"></a>mdio_write</STRONG> (Thumb, 30 bytes, Stack size 0 bytes, nuc472_eth.o(.text))
<BR><BR>[Called By]<UL><LI><a href="#[152]">&gt;&gt;</a>&nbsp;&nbsp;&nbsp;reset_phy
</UL>

<P><STRONG><a name="[154]"></a>mdio_read</STRONG> (Thumb, 30 bytes, Stack size 0 bytes, nuc472_eth.o(.text))
<BR><BR>[Called By]<UL><LI><a href="#[152]">&gt;&gt;</a>&nbsp;&nbsp;&nbsp;reset_phy
</UL>

<P><STRONG><a name="[155]"></a>init_tx_desc</STRONG> (Thumb, 70 bytes, Stack size 20 bytes, nuc472_eth.o(.text))
<BR><BR>[Stack]<UL><LI>Max Depth = 20<LI>Call Chain = init_tx_desc
</UL>
<BR>[Called By]<UL><LI><a href="#[151]">&gt;&gt;</a>&nbsp;&nbsp;&nbsp;ETH_init
</UL>

<P><STRONG><a name="[156]"></a>init_rx_desc</STRONG> (Thumb, 72 bytes, Stack size 20 bytes, nuc472_eth.o(.text))
<BR><BR>[Stack]<UL><LI>Max Depth = 20<LI>Call Chain = init_rx_desc
</UL>
<BR>[Called By]<UL><LI><a href="#[151]">&gt;&gt;</a>&nbsp;&nbsp;&nbsp;ETH_init
</UL>

<P><STRONG><a name="[158]"></a>nsec2subsec</STRONG> (Thumb, 18 bytes, Stack size 0 bytes, nuc472_eth.o(.text), UNUSED)
<BR><BR>[Calls]<UL><LI><a href="#[15a]">&gt;&gt;</a>&nbsp;&nbsp;&nbsp;__aeabi_uldivmod
</UL>
<BR>[Called By]<UL><LI><a href="#[159]">&gt;&gt;</a>&nbsp;&nbsp;&nbsp;ETH_updatetime
<LI><a href="#[157]">&gt;&gt;</a>&nbsp;&nbsp;&nbsp;ETH_settime
</UL>

<P><STRONG><a name="[161]"></a>_printf_core</STRONG> (Thumb, 664 bytes, Stack size 104 bytes, printf5.o(i._printf_core), UNUSED)
<BR><BR>[Calls]<UL><LI><a href="#[15a]">&gt;&gt;</a>&nbsp;&nbsp;&nbsp;__aeabi_uldivmod
</UL>
<BR>[Called By]<UL><LI><a href="#[160]">&gt;&gt;</a>&nbsp;&nbsp;&nbsp;__0printf$5
</UL>
<P>
<H3>
Undefined Global Symbols
</H3><HR></body></html>
