<html>
<body>
<pre>
<h1>µVision Build Log</h1>
<h2>Project:</h2>
C:\Work\Bittel\RCU Project\Software\Network\NUC400SeriesBSP_CMSIS_V3.01.000\SampleCode\RcuNet1\KEIL\RcuNet.uvproj
Project File Date:  06/27/2015

<h2>Output:</h2>
Rebuild target 'RcuNet'
compiling system_NUC472_442.c...
assembling startup_NUC472_442.s...
compiling main.c...
compiling clk.c...
compiling retarget.c...
compiling sys.c...
compiling uart.c...
compiling gpio.c...
compiling fmc.c...
compiling wdt.c...
compiling def.c...
compiling dhcp.c...
compiling dns.c...
..\..\..\ThirdParty\lwip-1.4.1\src\core\dns.c(564): warning: C4017W: qry may be used before being set
  struct dns_query qry;
..\..\..\ThirdParty\lwip-1.4.1\src\core\dns.c: 1 warning, 0 errors
compiling init.c...
compiling mem.c...
compiling memp.c...
..\..\..\ThirdParty\lwip-1.4.1\src\core\memp.c(144): warning:  #177-D: variable "memp_desc" was declared but never referenced
  static const char *memp_desc[MEMP_MAX] = {
..\..\..\ThirdParty\lwip-1.4.1\src\core\memp.c: 1 warning, 0 errors
compiling netif.c...
compiling pbuf.c...
compiling raw.c...
compiling stats.c...
compiling sys_lwip.c...
compiling tcp.c...
compiling tcp_in.c...
compiling tcp_out.c...
compiling timers_lwip.c...
compiling udp.c...
compiling autoip.c...
compiling icmp.c...
..\..\..\ThirdParty\lwip-1.4.1\src\core\ipv4\icmp.c(81): warning:  #550-D: variable "code" was set but never used
    u8_t code;
..\..\..\ThirdParty\lwip-1.4.1\src\core\ipv4\icmp.c: 1 warning, 0 errors
compiling igmp.c...
compiling inet.c...
compiling inet_chksum.c...
compiling ip.c...
compiling ip_addr.c...
compiling ip_frag.c...
compiling api_lib.c...
compiling api_msg.c...
compiling err.c...
compiling netbuf.c...
compiling netdb.c...
compiling netifapi.c...
compiling sockets.c...
compiling tcpip.c...
compiling etharp.c...
compiling ethernetif.c...
compiling nuc472_eth.c...
linking...
Program Size: Code=38960 RO-data=1228 RW-data=248 ZI-data=43600  
FromELF: creating hex file...
After Build - User command #1: fromelf --bin ".\obj\RcuNet.axf" --output ".\obj\RcuNet.bin"
After Build - User command #2: fromelf --text -c ".\obj\RcuNet.axf" --output ".\obj\RcuNet.txt"
".\obj\RcuNet.axf" - 0 Error(s), 3 Warning(s).
Load "C:\\Work\\Bittel\\RCU Project\\Software\\Network\\NUC400SeriesBSP_CMSIS_V3.01.000\\SampleCode\\RcuNet1\\KEIL\\obj\\RcuNet.axf" 
</pre>
</body>
</html>
nished: 1 information, 0 warning and 5 error messages.
".\obj\RcuNet.axf" - 5 Error(s), 3 Warning(s).
Target not created
piling raw.c...
compiling stats.c...
compiling sys_lwip.c...
compiling tcp.c...
..\..\..\ThirdParty\lwip-1.4.1\src\include\lwip/pbuf.h(141): warning:  #1295-D: Deprecated declaration pbuf_free_ooseq - give arg types
  void pbuf_free_ooseq();
..\..\..\ThirdParty\lwip-1.4.1\src\core\tcp.c: 1 warning, 0 errors
compiling tcp_in.c...
..\..\..\ThirdParty\lwip-1.4.1\src\include\lwip/pbuf.h(141): warning:  #1295-D: Deprecated declaration pbuf_free_ooseq - give arg types
  void pbuf_free_ooseq();
..\..\..\ThirdParty\lwip-1.4.1\src\core\tcp_in.c: 1 warning, 0 errors
compiling tcp_out.c...
..\..\..\ThirdParty\lwip-1.4.1\src\include\lwip/pbuf.h(141): warning:  #1295-D: Deprecated declaration pbuf_free_ooseq - give arg types
  void pbuf_free_ooseq();
..\..\..\ThirdParty\lwip-1.4.1\src\core\tcp_out.c: 1 warning, 0 errors
compiling timers_lwip.c...
..\..\..\ThirdParty\lwip-1.4.1\src\include\lwip/pbuf.h(141): warning:  #1295-D: Deprecated declaration pbuf_free_ooseq - give arg types
  void pbuf_free_ooseq();
..\..\..\ThirdParty\lwip-1.4.1\src\core\timers_lwip.c: 1 warning, 0 errors
compiling udp.c...
..\..\..\ThirdParty\lwip-1.4.1\src\include\lwip/pbuf.h(141): warning:  #1295-D: Deprecated declaration pbuf_free_ooseq - give arg types
  void pbuf_free_ooseq();
..\..\..\ThirdParty\lwip-1.4.1\src\core\udp.c: 1 warning, 0 errors
compiling autoip.c...
compiling icmp.c...
..\..\..\ThirdParty\lwip-1.4.1\src\include\lwip/pbuf.h(141): warning:  #1295-D: Deprecated declaration pbuf_free_ooseq - give arg types
  void pbuf_free_ooseq();
..\..\..\ThirdParty\lwip-1.4.1\src\core\ipv4\icmp.c(81): warning:  #550-D: variable "code" was set but never used
    u8_t code;
..\..\..\ThirdParty\lwip-1.4.1\src\core\ipv4\icmp.c: 2 warnings, 0 errors
compiling igmp.c...
..\..\..\ThirdParty\lwip-1.4.1\src\include\lwip/pbuf.h(141): warning:  #1295-D: Deprecated declaration pbuf_free_ooseq - give arg types
  void pbuf_free_ooseq();
..\..\..\ThirdParty\lwip-1.4.1\src\core\ipv4\igmp.c: 1 warning, 0 errors
compiling inet.c...
compiling inet_chksum.c...
..\..\..\ThirdParty\lwip-1.4.1\src\include\lwip/pbuf.h(141): warning:  #1295-D: Deprecated declaration pbuf_free_ooseq - give arg types
  void pbuf_free_ooseq();
..\..\..\ThirdParty\lwip-1.4.1\src\core\ipv4\inet_chksum.c: 1 warning, 0 errors
compiling ip.c...
..\..\..\ThirdParty\lwip-1.4.1\src\include\lwip/pbuf.h(141): warning:  #1295-D: Deprecated declaration pbuf_free_ooseq - give arg types
  void pbuf_free_ooseq();
..\..\..\ThirdParty\lwip-1.4.1\src\core\ipv4\ip.c: 1 warning, 0 errors
compiling ip_addr.c...
..\..\..\ThirdParty\lwip-1.4.1\src\include\lwip/pbuf.h(141): warning:  #1295-D: Deprecated declaration pbuf_free_ooseq - give arg types
  void pbuf_free_ooseq();
..\..\..\ThirdParty\lwip-1.4.1\src\core\ipv4\ip_addr.c: 1 warning, 0 errors
compiling ip_frag.c...
..\..\..\ThirdParty\lwip-1.4.1\src\include\lwip/pbuf.h(141): warning:  #1295-D: Deprecated declaration pbuf_free_ooseq - give arg types
  void pbuf_free_ooseq();
..\..\..\ThirdParty\lwip-1.4.1\src\core\ipv4\ip_frag.c: 1 warning, 0 errors
compiling api_lib.c...
compiling api_msg.c...
compiling err.c...
compiling netbuf.c...
compiling netdb.c...
compiling netifapi.c...
compiling sockets.c...
compiling tcpip.c...
compiling etharp.c...
..\..\..\ThirdParty\lwip-1.4.1\src\include\lwip/pbuf.h(141): warning:  #1295-D: Deprecated declaration pbuf_free_ooseq - give arg types
  void pbuf_free_ooseq();
..\..\..\ThirdParty\lwip-1.4.1\src\netif\etharp.c: 1 warning, 0 errors
compiling ethernetif.c...
..\..\..\ThirdParty\lwip-1.4.1\src\include\lwip/pbuf.h(141): warning:  #1295-D: Deprecated declaration pbuf_free_ooseq - give arg types
  void pbuf_free_ooseq();
..\lwip-1.4.1\port\netif\ethernetif.c: 1 warning, 0 errors
compiling nuc472_eth.c...
..\..\..\ThirdParty\lwip-1.4.1\src\include\lwip/pbuf.h(141): warning:  #1295-D: Deprecated declaration pbuf_free_ooseq - give arg types
  void pbuf_free_ooseq();
..\lwip-1.4.1\port\netif\nuc472_eth.c: 1 warning, 0 errors
linking...
.\obj\RcuNet.axf: Error: L6218E: Undefined symbol sys_Settings (referred from main.o).
.\obj\RcuNet.axf: Error: L6218E: Undefined symbol _LWIP_RAND (referred from dhcp.o).
.\obj\RcuNet.axf: Error: L6218E: Undefined symbol sys_arch_protect (referred from mem.o).
.\obj\RcuNet.axf: Error: L6218E: Undefined symbol sys_arch_unprotect (referred from mem.o).
.\obj\RcuNet.axf: Error: L6218E: Undefined symbol sys_now (referred from timers_lwip.o).
Not enough information to list image symbols.
Finished: 1 information, 0 warning and 5 error messages.
".\obj\RcuNet.axf" - 5 Error(s), 24 Warning(s).
Target not created
 implicitly
                netconn_recv(connTool, &inbuf);
..\cfgtool.c(235): warning:  #223-D: function "netbuf_fromaddr" declared implicitly
                RcuToolAddr = *(netbuf_fromaddr(inbuf));
..\cfgtool.c(235): error:  #75: operand of "*" must be a pointer
                RcuToolAddr = *(netbuf_fromaddr(inbuf));
..\cfgtool.c(236): warning:  #223-D: function "netbuf_fromport" declared implicitly
                RcuToolPort = netbuf_fromport(inbuf);            
..\cfgtool.c(244): warning:  #223-D: function "netconn_err" declared implicitly
                if (netconn_err(connTool) == ERR_OK) 
..\cfgtool.c(246): warning:  #223-D: function "netbuf_data" declared implicitly
                        netbuf_data(inbuf, (void**)&buf, &buflen);
..\cfgtool.c(248): warning:  #223-D: function "netbuf_delete" declared implicitly
                    netbuf_delete(inbuf);       
..\cfgtool.c(255): warning:  #223-D: function "sys_thread_new" declared implicitly
      sys_thread_new("CFGTOOL", cfgtool_thread, NULL, CFGTOOL_THREAD_STACKSIZE, CFGTOOL_THREAD_PRIO);
..\cfgtool.c(255): error:  #20: identifier "tskIDLE_PRIORITY" is undefined
      sys_thread_new("CFGTOOL", cfgtool_thread, NULL, CFGTOOL_THREAD_STACKSIZE, CFGTOOL_THREAD_PRIO);
..\cfgtool.c: 13 warnings, 9 errors
compiling sys_arch.c...
sys_arch.c: Error:  #5: cannot open source input file "..\lwip-1.4.1\port\FreeRTOS\sys_arch.c": No such file or directory
..\lwip-1.4.1\port\FreeRTOS\sys_arch.c: 0 warnings, 1 error
".\obj\RcuNet.axf" - 25 Error(s), 33 Warning(s).
Target not created
