<html>
<body>
<pre>
<h1>礦ision Build Log</h1>
<h2>Project:</h2>
D:\王均伟\比特网络模块\NUC472_NUC442_BSP_CMSIS_V3.01.000\NUC400SeriesBSP_CMSIS_V3.01.000\SampleCode\RcuNet1\KEIL\RcuNet.uvproj
Project File Date:  07/17/2015

<h2>Output:</h2>
Build target 'RcuNet'
compiling main.c...
..\main.c(308): warning:  #223-D: function "memp_init" declared implicitly
..\main.c:     memp_init();
..\main.c:     ^
..\main.c: ..\main.c: 1 warning, 0 errors
linking...
Program Size: Code=38952 RO-data=1228 RW-data=248 ZI-data=43600  
FromELF: creating hex file...
User command #1: fromelf --bin ".\obj\RcuNet.axf" --output ".\obj\RcuNet.bin"
User command #2: fromelf --text -c ".\obj\RcuNet.axf" --output ".\obj\RcuNet.txt"
".\obj\RcuNet.axf" - 0 Error(s), 1 Warning(s).
Build target 'RcuNet'
compiling main.c...
..\main.c(308): warning:  #223-D: function "memp_init" declared implicitly
..\main.c:     memp_init();
..\main.c:     ^
..\main.c: ..\main.c: 1 warning, 0 errors
linking...
Program Size: Code=38952 RO-data=1228 RW-data=248 ZI-data=43600  
FromELF: creating hex file...
User command #1: fromelf --bin ".\obj\RcuNet.axf" --output ".\obj\RcuNet.bin"
User command #2: fromelf --text -c ".\obj\RcuNet.axf" --output ".\obj\RcuNet.txt"
".\obj\RcuNet.axf" - 0 Error(s), 1 Warning(s).
Load "D:\\王均伟\\比特网络模块\\NUC472_NUC442_BSP_CMSIS_V3.01.000\\NUC400SeriesBSP_CMSIS_V3.01.000\\SampleCode\\RcuNet1\\KEIL\\obj\\RcuNet.AXF" 
Build target 'RcuNet'
compiling main.c...
..\main.c(308): warning:  #223-D: function "memp_init" declared implicitly
..\main.c:     memp_init();
..\main.c:     ^
..\main.c: ..\main.c: 1 warning, 0 errors
linking...
Program Size: Code=38952 RO-data=1228 RW-data=248 ZI-data=43600  
FromELF: creating hex file...
User command #1: fromelf --bin ".\obj\RcuNet.axf" --output ".\obj\RcuNet.bin"
User command #2: fromelf --text -c ".\obj\RcuNet.axf" --output ".\obj\RcuNet.txt"
".\obj\RcuNet.axf" - 0 Error(s), 1 Warning(s).
Build target 'RcuNet'
linking...
Program Size: Code=38952 RO-data=1228 RW-data=248 ZI-data=43600  
FromELF: creating hex file...
User command #1: fromelf --bin ".\obj\RcuNet.axf" --output ".\obj\RcuNet.bin"
User command #2: fromelf --text -c ".\obj\RcuNet.axf" --output ".\obj\RcuNet.txt"
".\obj\RcuNet.axf" - 0 Error(s), 0 Warning(s).
Build target 'RcuNet'
compiling main.c...
..\main.c(308): warning:  #223-D: function "memp_init" declared implicitly
..\main.c:     memp_init();
..\main.c:     ^
..\main.c: ..\main.c: 1 warning, 0 errors
linking...
Program Size: Code=38948 RO-data=1228 RW-data=248 ZI-data=43600  
FromELF: creating hex file...
User command #1: fromelf --bin ".\obj\RcuNet.axf" --output ".\obj\RcuNet.bin"
User command #2: fromelf --text -c ".\obj\RcuNet.axf" --output ".\obj\RcuNet.txt"
".\obj\RcuNet.axf" - 0 Error(s), 1 Warning(s).
Build target 'RcuNet'
compiling main.c...
..\main.c(308): warning:  #223-D: function "memp_init" declared implicitly
..\main.c:     memp_init();
..\main.c:     ^
..\main.c: ..\main.c: 1 warning, 0 errors
linking...
Program Size: Code=38948 RO-data=1228 RW-data=248 ZI-data=43600  
FromELF: creating hex file...
User command #1: fromelf --bin ".\obj\RcuNet.axf" --output ".\obj\RcuNet.bin"
User command #2: fromelf --text -c ".\obj\RcuNet.axf" --output ".\obj\RcuNet.txt"
".\obj\RcuNet.axf" - 0 Error(s), 1 Warning(s).
Build target 'RcuNet'
linking...
Program Size: Code=38948 RO-data=1228 RW-data=248 ZI-data=43600  
FromELF: creating hex file...
User command #1: fromelf --bin ".\obj\RcuNet.axf" --output ".\obj\RcuNet.bin"
User command #2: fromelf --text -c ".\obj\RcuNet.axf" --output ".\obj\RcuNet.txt"
".\obj\RcuNet.axf" - 0 Error(s), 0 Warning(s).
