<html>
<body>
<pre>
<h1>µVision Build Log</h1>
<h2>Project:</h2>
C:\Work\Bittel\RCU Project\Software\Network\NUC400SeriesBSP_CMSIS_V3.01.000\SampleCode\RcuNet\KEIL\RcuNet.uvproj
Project File Date:  05/20/2015

<h2>Output:</h2>
Build target 'FreeRTOS_TCP_EchoServer'
compiling main.c...
..\main.c(440): warning:  #177-D: variable "testText" was declared but never referenced
        char testText[] = "Send TCP data";
..\main.c(424): warning:  #177-D: function "vSerialTask" was declared but never referenced
  static void vSerialTask( void *pvParameters )
..\main.c(438): warning:  #177-D: function "vTestTask" was declared but never referenced
  static void vTestTask( void *pvParameters )
..\main.c: 3 warnings, 0 errors
compiling server.c...
linking...
Program Size: Code=66030 RO-data=1346 RW-data=448 ZI-data=62664  
FromELF: creating hex file...
After Build - User command #1: fromelf --bin ".\obj\RcuNet.axf" --output ".\obj\RcuNet.bin"
After Build - User command #2: fromelf --text -c ".\obj\RcuNet.axf" --output ".\obj\RcuNet.txt"
".\obj\RcuNet.axf" - 0 Error(s), 3 Warning(s).
data=448 ZI-data=62664  
FromELF: creating hex file...
After Build - User command #1: fromelf --bin ".\obj\RcuNet.axf" --output ".\obj\RcuNet.bin"
After Build - User command #2: fromelf --text -c ".\obj\RcuNet.axf" --output ".\obj\RcuNet.txt"
".\obj\RcuNet.axf" - 0 Error(s), 5 Warning(s).
Load "C:\\Work\\Bittel\\RCU Project\\Software\\Network\\NUC400SeriesBSP_CMSIS_V3.01.000\\SampleCode\\RcuNet\\KEIL\\obj\\RcuNet.axf" 
Error: Flash Download failed  -  Target DLL has been cancelled
Load "C:\\Work\\Bittel\\RCU Project\\Software\\Network\\NUC400SeriesBSP_CMSIS_V3.01.000\\SampleCode\\RcuNet\\KEIL\\obj\\RcuNet.axf" 
truct dns_query qry;
..\..\..\ThirdParty\lwip-1.4.1\src\core\dns.c: 1 warning, 0 errors
compiling init.c...
compiling mem.c...
compiling memp.c...
..\..\..\ThirdParty\lwip-1.4.1\src\core\memp.c(144): warning:  #177-D: variable "memp_desc" was declared but never referenced
  static const char *memp_desc[MEMP_MAX] = {
..\..\..\ThirdParty\lwip-1.4.1\src\core\memp.c: 1 warning, 0 errors
compiling netif.c...
compiling pbuf.c...
compiling raw.c...
compiling stats.c...
compiling sys_lwip.c...
compiling tcp.c...
compiling tcp_in.c...
compiling tcp_out.c...
compiling timers_lwip.c...
compiling udp.c...
compiling autoip.c...
compiling icmp.c...
..\..\..\ThirdParty\lwip-1.4.1\src\core\ipv4\icmp.c(81): warning:  #550-D: variable "code" was set but never used
    u8_t code;
..\..\..\ThirdParty\lwip-1.4.1\src\core\ipv4\icmp.c: 1 warning, 0 errors
compiling igmp.c...
compiling inet.c...
compiling inet_chksum.c...
compiling ip.c...
compiling ip_addr.c...
compiling ip_frag.c...
compiling api_lib.c...
compiling api_msg.c...
compiling err.c...
compiling netbuf.c...
compiling netdb.c...
compiling netifapi.c...
compiling sockets.c...
..\..\..\ThirdParty\lwip-1.4.1\src\api\sockets.c(1659): warning:  #550-D: variable "s" was set but never used
    int s;
..\..\..\ThirdParty\lwip-1.4.1\src\api\sockets.c(2076): warning:  #550-D: variable "s" was set but never used
    int s;
..\..\..\ThirdParty\lwip-1.4.1\src\api\sockets.c: 2 warnings, 0 errors
compiling tcpip.c...
compiling etharp.c...
linking...
Program Size: Code=66022 RO-data=1342 RW-data=448 ZI-data=62664  
FromELF: creating hex file...
After Build - User command #1: fromelf --bin ".\obj\RcuNet.axf" --output ".\obj\RcuNet.bin"
After Build - User command #2: fromelf --text -c ".\obj\RcuNet.axf" --output ".\obj\RcuNet.txt"
".\obj\RcuNet.axf" - 0 Error(s), 10 Warning(s).
"
".\obj\RTOS_TCP_EchoServer.axf" - 0 Error(s), 10 Warning(s).
Load "C:\\Work\\Bittel\\RCU Project\\Software\\Network\\NUC400SeriesBSP_CMSIS_V3.01.000\\SampleCode\\RcuNet\\KEIL\\obj\\RTOS_TCP_EchoServer.axf" 
