<html>
<body>
<pre>
<h1>礦ision Build Log</h1>
<h2>Project:</h2>
D:\王均伟\比特网络模块\NUC472_NUC442_BSP_CMSIS_V3.01.000\NUC400SeriesBSP_CMSIS_V3.01.000\SampleCode\StdDriver\EMAC_TxRx\Keil\EMAC_TxRx.uvproj
Project File Date:  05/29/2014

<h2>Output:</h2>
Build target 'EMAC_TxRx'
creating preprocessor file for system_NUC472_442.c...
compiling system_NUC472_442.c...
assembling startup_NUC472_442.s...
creating preprocessor file for retarget.c...
compiling retarget.c...
creating preprocessor file for emac.c...
compiling emac.c...
creating preprocessor file for clk.c...
compiling clk.c...
creating preprocessor file for sys.c...
compiling sys.c...
creating preprocessor file for uart.c...
compiling uart.c...
creating preprocessor file for main.c...
compiling main.c...
creating preprocessor file for net.c...
compiling net.c...
linking...
Program Size: Code=5540 RO-data=736 RW-data=92 ZI-data=22316  
User command #1: fromelf --bin ".\obj\emac.axf" --output ".\obj\emac.bin"
User command #2: fromelf --text -c ".\obj\emac.axf" --output ".\obj\emac.txt"
".\obj\emac.axf" - 0 Error(s), 0 Warning(s).
Load "D:\\王均伟\\比特网络模块\\NUC472_NUC442_BSP_CMSIS_V3.01.000\\NUC400SeriesBSP_CMSIS_V3.01.000\\SampleCode\\StdDriver\\EMAC_TxRx\\Keil\\obj\\emac.AXF" 
Load "D:\\王均伟\\比特网络模块\\NUC472_NUC442_BSP_CMSIS_V3.01.000\\NUC400SeriesBSP_CMSIS_V3.01.000\\SampleCode\\StdDriver\\EMAC_TxRx\\Keil\\obj\\emac.AXF" 
Build target 'EMAC_TxRx'
linking...
Program Size: Code=5540 RO-data=736 RW-data=92 ZI-data=22316  
User command #1: fromelf --bin ".\obj\emac.axf" --output ".\obj\emac.bin"
User command #2: fromelf --text -c ".\obj\emac.axf" --output ".\obj\emac.txt"
".\obj\emac.axf" - 0 Error(s), 0 Warning(s).
Build target 'EMAC_TxRx'
creating preprocessor file for emac.c...
compiling emac.c...
linking...
Program Size: Code=5548 RO-data=736 RW-data=92 ZI-data=22316  
User command #1: fromelf --bin ".\obj\emac.axf" --output ".\obj\emac.bin"
User command #2: fromelf --text -c ".\obj\emac.axf" --output ".\obj\emac.txt"
".\obj\emac.axf" - 0 Error(s), 0 Warning(s).
Build target 'EMAC_TxRx'
creating preprocessor file for emac.c...
compiling emac.c...
linking...
Program Size: Code=5572 RO-data=736 RW-data=92 ZI-data=22316  
User command #1: fromelf --bin ".\obj\emac.axf" --output ".\obj\emac.bin"
User command #2: fromelf --text -c ".\obj\emac.axf" --output ".\obj\emac.txt"
".\obj\emac.axf" - 0 Error(s), 0 Warning(s).
Build target 'EMAC_TxRx'
creating preprocessor file for emac.c...
compiling emac.c...
linking...
Program Size: Code=5580 RO-data=736 RW-data=92 ZI-data=22316  
User command #1: fromelf --bin ".\obj\emac.axf" --output ".\obj\emac.bin"
User command #2: fromelf --text -c ".\obj\emac.axf" --output ".\obj\emac.txt"
".\obj\emac.axf" - 0 Error(s), 0 Warning(s).
Load "D:\\王均伟\\比特网络模块\\NUC472_NUC442_BSP_CMSIS_V3.01.000\\NUC400SeriesBSP_CMSIS_V3.01.000\\SampleCode\\StdDriver\\EMAC_TxRx\\Keil\\obj\\emac.AXF" 
Build target 'EMAC_TxRx'
creating preprocessor file for emac.c...
compiling emac.c...
linking...
Program Size: Code=5580 RO-data=736 RW-data=92 ZI-data=22316  
User command #1: fromelf --bin ".\obj\emac.axf" --output ".\obj\emac.bin"
User command #2: fromelf --text -c ".\obj\emac.axf" --output ".\obj\emac.txt"
".\obj\emac.axf" - 0 Error(s), 0 Warning(s).
Build target 'EMAC_TxRx'
linking...
Program Size: Code=5580 RO-data=736 RW-data=92 ZI-data=22316  
User command #1: fromelf --bin ".\obj\emac.axf" --output ".\obj\emac.bin"
User command #2: fromelf --text -c ".\obj\emac.axf" --output ".\obj\emac.txt"
".\obj\emac.axf" - 0 Error(s), 0 Warning(s).
Load "D:\\王均伟\\比特网络模块\\NUC472_NUC442_BSP_CMSIS_V3.01.000\\NUC400SeriesBSP_CMSIS_V3.01.000\\SampleCode\\StdDriver\\EMAC_TxRx\\Keil\\obj\\emac.AXF" 
Build target 'EMAC_TxRx'
creating preprocessor file for emac.c...
compiling emac.c...
..\..\..\..\Library\StdDriver\src\emac.c(195): warning:  #550-D: variable "k" was set but never used
..\..\..\..\Library\StdDriver\src\emac.c:       uint32_t reg,k;
..\..\..\..\Library\StdDriver\src\emac.c:                    ^
..\..\..\..\Library\StdDriver\src\emac.c: ..\..\..\..\Library\StdDriver\src\emac.c: 1 warning, 0 errors
linking...
Program Size: Code=5580 RO-data=736 RW-data=92 ZI-data=22316  
User command #1: fromelf --bin ".\obj\emac.axf" --output ".\obj\emac.bin"
User command #2: fromelf --text -c ".\obj\emac.axf" --output ".\obj\emac.txt"
".\obj\emac.axf" - 0 Error(s), 1 Warning(s).
Load "D:\\王均伟\\比特网络模块\\NUC472_NUC442_BSP_CMSIS_V3.01.000\\NUC400SeriesBSP_CMSIS_V3.01.000\\SampleCode\\StdDriver\\EMAC_TxRx\\Keil\\obj\\emac.AXF" 
Build target 'EMAC_TxRx'
compiling system_NUC472_442.c...
compiling retarget.c...
creating preprocessor file for emac.c...
compiling emac.c...
compiling clk.c...
compiling sys.c...
compiling uart.c...
compiling main.c...
compiling net.c...
linking...
Program Size: Code=6676 RO-data=736 RW-data=128 ZI-data=22320  
User command #1: fromelf --bin ".\obj\emac.axf" --output ".\obj\emac.bin"
User command #2: fromelf --text -c ".\obj\emac.axf" --output ".\obj\emac.txt"
".\obj\emac.axf" - 0 Error(s), 0 Warning(s).
Load "D:\\王均伟\\比特网络模块\\NUC472_NUC442_BSP_CMSIS_V3.01.000\\NUC400SeriesBSP_CMSIS_V3.01.000\\SampleCode\\StdDriver\\EMAC_TxRx\\Keil\\obj\\emac.AXF" 
Build target 'EMAC_TxRx'
creating preprocessor file for emac.c...
compiling emac.c...
linking...
Program Size: Code=6676 RO-data=736 RW-data=128 ZI-data=22320  
User command #1: fromelf --bin ".\obj\emac.axf" --output ".\obj\emac.bin"
User command #2: fromelf --text -c ".\obj\emac.axf" --output ".\obj\emac.txt"
".\obj\emac.axf" - 0 Error(s), 0 Warning(s).
Load "D:\\王均伟\\比特网络模块\\NUC472_NUC442_BSP_CMSIS_V3.01.000\\NUC400SeriesBSP_CMSIS_V3.01.000\\SampleCode\\StdDriver\\EMAC_TxRx\\Keil\\obj\\emac.AXF" 
Build target 'EMAC_TxRx'
creating preprocessor file for emac.c...
compiling emac.c...
linking...
Program Size: Code=6676 RO-data=736 RW-data=128 ZI-data=22320  
User command #1: fromelf --bin ".\obj\emac.axf" --output ".\obj\emac.bin"
User command #2: fromelf --text -c ".\obj\emac.axf" --output ".\obj\emac.txt"
".\obj\emac.axf" - 0 Error(s), 0 Warning(s).
Load "D:\\王均伟\\比特网络模块\\NUC472_NUC442_BSP_CMSIS_V3.01.000\\NUC400SeriesBSP_CMSIS_V3.01.000\\SampleCode\\StdDriver\\EMAC_TxRx\\Keil\\obj\\emac.AXF" 
Build target 'EMAC_TxRx'
creating preprocessor file for emac.c...
compiling emac.c...
linking...
Program Size: Code=6676 RO-data=736 RW-data=128 ZI-data=22320  
User command #1: fromelf --bin ".\obj\emac.axf" --output ".\obj\emac.bin"
User command #2: fromelf --text -c ".\obj\emac.axf" --output ".\obj\emac.txt"
".\obj\emac.axf" - 0 Error(s), 0 Warning(s).
Build target 'EMAC_TxRx'
linking...
Program Size: Code=6676 RO-data=736 RW-data=128 ZI-data=22320  
User command #1: fromelf --bin ".\obj\emac.axf" --output ".\obj\emac.bin"
User command #2: fromelf --text -c ".\obj\emac.axf" --output ".\obj\emac.txt"
".\obj\emac.axf" - 0 Error(s), 0 Warning(s).
Load "D:\\王均伟\\比特网络模块\\NUC472_NUC442_BSP_CMSIS_V3.01.000\\NUC400SeriesBSP_CMSIS_V3.01.000\\SampleCode\\StdDriver\\EMAC_TxRx\\Keil\\obj\\emac.AXF" 
Build target 'EMAC_TxRx'
creating preprocessor file for emac.c...
compiling emac.c...
linking...
Program Size: Code=6676 RO-data=736 RW-data=128 ZI-data=22320  
User command #1: fromelf --bin ".\obj\emac.axf" --output ".\obj\emac.bin"
User command #2: fromelf --text -c ".\obj\emac.axf" --output ".\obj\emac.txt"
".\obj\emac.axf" - 0 Error(s), 0 Warning(s).
Load "D:\\王均伟\\比特网络模块\\NUC472_NUC442_BSP_CMSIS_V3.01.000\\NUC400SeriesBSP_CMSIS_V3.01.000\\SampleCode\\StdDriver\\EMAC_TxRx\\Keil\\obj\\emac.AXF" 
