<html>
<body>
<pre>
<h1>礦ision Build Log</h1>
<h2>Project:</h2>
D:\王均伟\电能\ADE7878_NUC422_Softwave\NUC472_NUC442_BSP_CMSIS_V3.01.000\NUC400SeriesBSP_CMSIS_V3.01.000\SampleCode\StdDriver\UART_TxRx_Function\KEIL\UART_TxRx_Function.uvproj
Project File Date:  05/29/2014

<h2>Output:</h2>
Build target 'UART'
creating preprocessor file for system_NUC472_442.c...
compiling system_NUC472_442.c...
assembling startup_NUC472_442.s...
creating preprocessor file for main.c...
compiling main.c...
creating preprocessor file for sys.c...
compiling sys.c...
creating preprocessor file for clk.c...
compiling clk.c...
creating preprocessor file for retarget.c...
compiling retarget.c...
creating preprocessor file for uart.c...
compiling uart.c...
linking...
Program Size: Code=4096 RO-data=696 RW-data=60 ZI-data=3076  
User command #1: fromelf --bin ".\obj\UART.axf" --output ".\obj\UART.bin"
User command #2: fromelf --text -c ".\obj\UART.axf" --output ".\obj\UART.txt"
".\obj\UART.axf" - 0 Error(s), 0 Warning(s).
