ARM Linker, 4.1 [Build 481] [Standard]

==============================================================================

Section Cross References

    main.o(i.SYS_Init) refers to sys.o(i.SYS_UnlockReg) for SYS_UnlockReg
    main.o(i.SYS_Init) refers to clk.o(i.CLK_EnableXtalRC) for CLK_EnableXtalRC
    main.o(i.SYS_Init) refers to clk.o(i.CLK_WaitClockReady) for CLK_WaitClockReady
    main.o(i.SYS_Init) refers to clk.o(i.CLK_SetHCLK) for CLK_SetHCLK
    main.o(i.SYS_Init) refers to system_nuc472_442.o(i.SystemCoreClockUpdate) for SystemCoreClockUpdate
    main.o(i.SYS_Init) refers to main.o(i.SetSysTick) for SetSysTick
    main.o(i.SetSysTick) refers to system_nuc472_442.o(.data) for CyclesPerUs
    main.o(i.SysTem_entry) refers to ad7878_measure.o(i.ADE7878_main) for ADE7878_main
    main.o(i.SysTick_Handler) refers to mb.o(i.eMBPoll) for eMBPoll
    main.o(i.SysTick_Handler) refers to main.o(.data) for LocalTime
    main.o(i.main) refers to eepromapp.o(i.TestEEPROM_Filesystem) for TestEEPROM_Filesystem
    main.o(i.main) refers to main.o(i.SYS_Init) for SYS_Init
    main.o(i.main) refers to config.o(i.SYS_Config) for SYS_Config
    main.o(i.main) refers to ad7878_measure.o(i.ADE7878_main) for ADE7878_main
    main.o(i.main) refers to mb.o(i.eMBInit) for eMBInit
    main.o(i.main) refers to mb.o(i.eMBEnable) for eMBEnable
    main.o(i.main) refers to ad7878_measure.o(i.PowerMeasurment) for PowerMeasurment
    main.o(i.main) refers to main.o(.data) for LocalTime
    usart.o(i.Usart_Init) refers to clk.o(i.CLK_EnableModuleClock) for CLK_EnableModuleClock
    usart.o(i.Usart_Init) refers to clk.o(i.CLK_SetModuleClock) for CLK_SetModuleClock
    usart.o(i.Usart_Init) refers to gpio.o(i.GPIO_SetMode) for GPIO_SetMode
    usart.o(i.Usart_Init) refers to uart.o(i.UART_Open) for UART_Open
    usart.o(i.Usart_Init) refers to uart.o(i.UART_Write) for UART_Write
    config.o(i.ConfigHWSpiport) refers to clk.o(i.CLK_EnableModuleClock) for CLK_EnableModuleClock
    config.o(i.ConfigHWSpiport) refers to spi.o(i.SPI_Open) for SPI_Open
    config.o(i.ConfigHWSpiport) refers to spi.o(i.SPI_DisableAutoSS) for SPI_DisableAutoSS
    config.o(i.ConfigHWSpiport) refers to gpio.o(i.GPIO_SetMode) for GPIO_SetMode
    config.o(i.ConfigHWled) refers to gpio.o(i.GPIO_SetMode) for GPIO_SetMode
    config.o(i.SYS_Config) refers to ds12864.o(i.LCD_init) for LCD_init
    config.o(i.SYS_Config) refers to config.o(i.ConfigHWled) for ConfigHWled
    config.o(i.SYS_Config) refers to config.o(i.ConfigHWSpiport) for ConfigHWSpiport
    config.o(i.SYS_Config) refers to ade7878_int.o(i.Config_ADE7878_IRQ) for Config_ADE7878_IRQ
    config.o(i.SYS_Config) refers to usart.o(i.Usart_Init) for Usart_Init
    ds12864.o(i.Delay_nms) refers to main.o(.data) for LocalTime
    ds12864.o(i.Display_Task) refers to ds12864.o(i.LCD_Setaddress) for LCD_Setaddress
    ds12864.o(i.Display_Task) refers to ds12864.o(i.print) for print
    ds12864.o(i.Display_Task) refers to ds12864.o(.data) for VRMS_ds12864
    ds12864.o(i.Init12864) refers to gpio.o(i.GPIO_SetMode) for GPIO_SetMode
    ds12864.o(i.LCD_Putstring) refers to ds12864.o(i.LCD_Setaddress) for LCD_Setaddress
    ds12864.o(i.LCD_Putstring) refers to ds12864.o(i.LCD_write_dat) for LCD_write_dat
    ds12864.o(i.LCD_Setaddress) refers to ds12864.o(i.LCD_write_com) for LCD_write_com
    ds12864.o(i.LCD_draw_clr) refers to ds12864.o(i.LCD_write_com) for LCD_write_com
    ds12864.o(i.LCD_draw_clr) refers to ds12864.o(i.LCD_write_dat) for LCD_write_dat
    ds12864.o(i.LCD_draw_point) refers to ds12864.o(i.LCD_write_com) for LCD_write_com
    ds12864.o(i.LCD_draw_point) refers to ds12864.o(i.LCD_write_dat) for LCD_write_dat
    ds12864.o(i.LCD_draw_word) refers to ds12864.o(i.LCD_write_com) for LCD_write_com
    ds12864.o(i.LCD_draw_word) refers to ds12864.o(i.LCD_write_dat) for LCD_write_dat
    ds12864.o(i.LCD_init) refers to ds12864.o(i.Init12864) for Init12864
    ds12864.o(i.LCD_init) refers to ds12864.o(i.LCD_write_com) for LCD_write_com
    ds12864.o(i.LCD_init) refers to ds12864.o(i.Delay_nms) for Delay_nms
    ds12864.o(i.LCD_write_com) refers to ds12864.o(i.LCD_sendbyte) for LCD_sendbyte
    ds12864.o(i.LCD_write_com) refers to ds12864.o(i.Delay_nms) for Delay_nms
    ds12864.o(i.LCD_write_com_clr) refers to ds12864.o(i.LCD_sendbyte) for LCD_sendbyte
    ds12864.o(i.LCD_write_dat) refers to ds12864.o(i.LCD_sendbyte) for LCD_sendbyte
    ds12864.o(i.LCD_write_dat) refers to ds12864.o(i.Delay_nms) for Delay_nms
    ds12864.o(i.Set_Irms2Display) refers to printfa.o(i.__0sprintf) for __2sprintf
    ds12864.o(i.Set_Irms2Display) refers to ds12864.o(i.LCD_write_com) for LCD_write_com
    ds12864.o(i.Set_Irms2Display) refers to ds12864.o(.data) for IRMS_ds12864
    ds12864.o(i.Set_Vrms2Display) refers to printfa.o(i.__0sprintf) for __2sprintf
    ds12864.o(i.Set_Vrms2Display) refers to ds12864.o(i.LCD_write_com) for LCD_write_com
    ds12864.o(i.Set_Vrms2Display) refers to ds12864.o(.data) for VRMS_ds12864
[...]
    ..\lib\src\spi.c                         0x00000000   Number         0  spi.o ABSOLUTE
    ..\lib\src\sys.c                         0x00000000   Number         0  sys.o ABSOLUTE
    ..\lib\src\timer.c                       0x00000000   Number         0  timer.o ABSOLUTE
    ..\lib\src\uart.c                        0x00000000   Number         0  uart.o ABSOLUTE
    ..\lib\src\usbd.c                        0x00000000   Number         0  usbd.o ABSOLUTE
    ..\lib\src\wdt.c                         0x00000000   Number         0  wdt.o ABSOLUTE
    ..\lib\src\wwdt.c                        0x00000000   Number         0  wwdt.o ABSOLUTE
    cdrcmple.s                               0x00000000   Number         0  cdrcmple.o ABSOLUTE
    dc.s                                     0x00000000   Number         0  dc.o ABSOLUTE
    handlers.s                               0x00000000   Number         0  handlers.o ABSOLUTE
    init.s                                   0x00000000   Number         0  init.o ABSOLUTE
    .ARM.Collect$$$$00000000                 0x00000278   Section        0  entry.o(.ARM.Collect$$$$00000000)
    .ARM.Collect$$$$00000001                 0x00000278   Section        4  entry2.o(.ARM.Collect$$$$00000001)
    .ARM.Collect$$$$00000004                 0x0000027c   Section        4  entry5.o(.ARM.Collect$$$$00000004)
    .ARM.Collect$$$$00000007                 0x00000280   Section        8  entry7.o(.ARM.Collect$$$$00000007)
    .ARM.Collect$$$$00002712                 0x00000288   Section        4  entry2.o(.ARM.Collect$$$$00002712)
    __lit__00000000                          0x00000288   Data           4  entry2.o(.ARM.Collect$$$$00002712)
    .emb_text                                0x0000028c   Section       28  retarget.o(.emb_text)
    $v0                                      0x0000028c   Number         0  retarget.o(.emb_text)
    .text                                    0x000002a8   Section       76  startup_nuc472_442.o(.text)
    $v0                                      0x000002a8   Number         0  startup_nuc472_442.o(.text)
    Default_Handler                          0x000002e3   Thumb Code     2  startup_nuc472_442.o(.text)
    .text                                    0x000002f4   Section        0  uldiv.o(.text)
    .text                                    0x0000035a   Section        0  llushr.o(.text)
    .text                                    0x0000037a   Section        0  memcpya.o(.text)
    .text                                    0x0000039e   Section        0  memseta.o(.text)
    .text                                    0x000003c4   Section        0  strcat.o(.text)
    .text                                    0x000003e0   Section        0  strncpy.o(.text)
    .text                                    0x000003f8   Section        0  strlen.o(.text)
    .text                                    0x00000408   Section        0  strcpy.o(.text)
    .text                                    0x0000041a   Section        0  strncmp.o(.text)
    .text                                    0x00000438   Section        0  dadd.o(.text)
    .text                                    0x00000582   Section        0  dmul.o(.text)
    .text                                    0x00000664   Section        0  ddiv.o(.text)
    .text                                    0x00000742   Section        0  f2d.o(.text)
    .text                                    0x0000076e   Section        0  uidiv.o(.text)
    .text                                    0x0000079a   Section        0  llshl.o(.text)
    .text                                    0x000007b8   Section        0  llsshr.o(.text)
    .text                                    0x000007dc   Section        0  depilogue.o(.text)
    .text                                    0x000007dc   Section        0  iusefp.o(.text)
    .text                                    0x0000089e   Section        0  dfixul.o(.text)
    .text                                    0x000008d0   Section       40  cdrcmple.o(.text)
    .text                                    0x000008f8   Section       36  init.o(.text)
    .text                                    0x0000091c   Section        0  __dczerorl2.o(.text)
    i.ADE7878Cfg                             0x00000978   Section        0  ade7878.o(i.ADE7878Cfg)
    i.ADE7878PSM0                            0x00000cac   Section        0  ade7878.o(i.ADE7878PSM0)
    i.ADE7878Reset                           0x00000ce8   Section        0  ade7878.o(i.ADE7878Reset)
    i.ADE7878SPICfg                          0x00000d54   Section        0  ade7878.o(i.ADE7878SPICfg)
    i.ADE7878_main                           0x00000db4   Section        0  ad7878_measure.o(i.ADE7878_main)
    i.CLK_EnableModuleClock                  0x00000e0c   Section        0  clk.o(i.CLK_EnableModuleClock)
    i.CLK_EnableXtalRC                       0x00000e34   Section        0  clk.o(i.CLK_EnableXtalRC)
    i.CLK_GetHCLKFreq                        0x00000e4c   Section        0  clk.o(i.CLK_GetHCLKFreq)
    i.CLK_GetPLLClockFreq                    0x00000e5c   Section        0  clk.o(i.CLK_GetPLLClockFreq)
    i.CLK_SetHCLK                            0x00000ec8   Section        0  clk.o(i.CLK_SetHCLK)
    i.CLK_SetModuleClock                     0x00000f00   Section        0  clk.o(i.CLK_SetModuleClock)
    i.CLK_WaitClockReady                     0x00000f64   Section        0  clk.o(i.CLK_WaitClockReady)
    i.ConfigHWSpiport                        0x00000f8c   Section        0  config.o(i.ConfigHWSpiport)
    i.ConfigHWled                            0x00000ff8   Section        0  config.o(i.ConfigHWled)
    i.Config_ADE7878_IRQ                     0x00001014   Section        0  ade7878_int.o(i.Config_ADE7878_IRQ)
    i.Delay                                  0x00001080   Section        0  ade7878_spi.o(i.Delay)
    i.Delay_nms                              0x00001098   Section        0  ds12864.o(i.Delay_nms)
    i.Display_Task                           0x000010bc   Section        0  ds12864.o(i.Display_Task)
    i.EEFS_Close                             0x00001108   Section        0  eefs_filesys.o(i.EEFS_Close)
    i.EEFS_Creat                             0x00001120   Section        0  eefs_filesys.o(i.EEFS_Creat)
    i.EEFS_FindDevice                        0x0000117c   Section        0  eefs_filesys.o(i.EEFS_FindDevice)
    i.EEFS_FindVolume                        0x000011d0   Section        0  eefs_filesys.o(i.EEFS_FindVolume)
    i.EEFS_FreeDevice                        0x00001218   Section        0  eefs_filesys.o(i.EEFS_FreeDevice)
    i.EEFS_GetDevice                         0x00001234   Section        0  eefs_filesys.o(i.EEFS_GetDevice)
    i.EEFS_GetVolume                         0x00001278   Section        0  eefs_filesys.o(i.EEFS_GetVolume)
    i.EEFS_InitFS                            0x000012b0   Section        0  eefs_filesys.o(i.EEFS_InitFS)
    i.EEFS_LibClose                          0x0000136c   Section        0  eefs_fileapi.o(i.EEFS_LibClose)
    i.EEFS_LibCreat                          0x000014e4   Section        0  eefs_fileapi.o(i.EEFS_LibCreat)
    i.EEFS_LibCreatFile                      0x00001538   Section        0  eefs_fileapi.o(i.EEFS_LibCreatFile)
    i.EEFS_LibFindFile                       0x0000166c   Section        0  eefs_fileapi.o(i.EEFS_LibFindFile)
    i.EEFS_LibFmode                          0x000016b0   Section        0  eefs_fileapi.o(i.EEFS_LibFmode)
    i.EEFS_LibFreeFileDescriptor             0x00001700   Section        0  eefs_fileapi.o(i.EEFS_LibFreeFileDescriptor)
    i.EEFS_LibGetFileDescriptor              0x0000173c   Section        0  eefs_fileapi.o(i.EEFS_LibGetFileDescriptor)
    i.EEFS_LibHasOpenCreat                   0x00001794   Section        0  eefs_fileapi.o(i.EEFS_LibHasOpenCreat)
    i.EEFS_LibInitFS                         0x000017d8   Section        0  eefs_fileapi.o(i.EEFS_LibInitFS)
    i.EEFS_LibIsValidFileDescriptor          0x0000186c   Section        0  eefs_fileapi.o(i.EEFS_LibIsValidFileDescriptor)
    i.EEFS_LibIsValidFilename                0x00001890   Section        0  eefs_fileapi.o(i.EEFS_LibIsValidFilename)
    i.EEFS_LibOpen                           0x000018b0   Section        0  eefs_fileapi.o(i.EEFS_LibOpen)
    i.EEFS_LibOpenFile                       0x00001910   Section        0  eefs_fileapi.o(i.EEFS_LibOpenFile)
    i.EEFS_LibRead                           0x00001a5c   Section        0  eefs_fileapi.o(i.EEFS_LibRead)
    i.EEFS_LibWrite                          0x00001b28   Section        0  eefs_fileapi.o(i.EEFS_LibWrite)
    i.EEFS_Mount                             0x00001c24   Section        0  eefs_filesys.o(i.EEFS_Mount)
    i.EEFS_Open                              0x00001ca6   Section        0  eefs_filesys.o(i.EEFS_Open)
    i.EEFS_Read                              0x00001d02   Section        0  eefs_filesys.o(i.EEFS_Read)
    i.EEFS_SplitPath                         0x00001d28   Section        0  eefs_filesys.o(i.EEFS_SplitPath)
    i.EEFS_Write                             0x00001daa   Section        0  eefs_filesys.o(i.EEFS_Write)
    i.EnterCriticalSection                   0x00001dd0   Section        0  port.o(i.EnterCriticalSection)
    i.ExitCriticalSection                    0x00001dd4   Section        0  port.o(i.ExitCriticalSection)
    i.GPB_IRQHandler                         0x00001dd8   Section        0  ade7878_int.o(i.GPB_IRQHandler)
    i.GPIO_EnableInt                         0x00001e24   Section        0  gpio.o(i.GPIO_EnableInt)
    i.GPIO_SetMode                           0x00001e3e   Section        0  gpio.o(i.GPIO_SetMode)
    i.Hard_Fault_Handler                     0x00001e6c   Section        0  retarget.o(i.Hard_Fault_Handler)
    __tagsym$$used                           0x00001e6d   Number         0  retarget.o(i.Hard_Fault_Handler)
    i.Init12864                              0x00001e98   Section        0  ds12864.o(i.Init12864)
    i.LCD_Setaddress                         0x00001eb4   Section        0  ds12864.o(i.LCD_Setaddress)
    i.LCD_init                               0x00001ef8   Section        0  ds12864.o(i.LCD_init)
    i.LCD_sendbyte                           0x00001f24   Section        0  ds12864.o(i.LCD_sendbyte)
    i.LCD_write_com                          0x00001f68   Section        0  ds12864.o(i.LCD_write_com)
    i.LCD_write_dat                          0x00001f8c   Section        0  ds12864.o(i.LCD_write_dat)
    i.NVIC_EnableIRQ                         0x00001fb0   Section        0  porttimer.o(i.NVIC_EnableIRQ)
    NVIC_EnableIRQ                           0x00001fb1   Thumb Code    24  porttimer.o(i.NVIC_EnableIRQ)
    i.NVIC_SetPriority                       0x00001fc8   Section        0  porttimer.o(i.NVIC_SetPriority)
    NVIC_SetPriority                         0x00001fc9   Thumb Code    32  porttimer.o(i.NVIC_SetPriority)
    i.PowerMeasurment                        0x00001ff0   Section        0  ad7878_measure.o(i.PowerMeasurment)
    i.Read_EEPROM                            0x000021ec   Section        0  eeprom.o(i.Read_EEPROM)
    i.SPIDelay                               0x00002208   Section        0  ade7878_spi.o(i.SPIDelay)
    i.SPIRead2Bytes                          0x0000221c   Section        0  ade7878_spi.o(i.SPIRead2Bytes)
    i.SPIRead4Bytes                          0x000022a8   Section        0  ade7878_spi.o(i.SPIRead4Bytes)
    i.SPIWrite1Byte                          0x00002344   Section        0  ade7878_spi.o(i.SPIWrite1Byte)
    i.SPIWrite2Bytes                         0x00002390   Section        0  ade7878_spi.o(i.SPIWrite2Bytes)
    i.SPIWrite4Bytes                         0x000023e8   Section        0  ade7878_spi.o(i.SPIWrite4Bytes)
    i.SPI_ClearRxFIFO                        0x00002450   Section        0  spi.o(i.SPI_ClearRxFIFO)
    i.SPI_DisableAutoSS                      0x0000245a   Section        0  spi.o(i.SPI_DisableAutoSS)
    i.SPI_Open                               0x00002464   Section        0  spi.o(i.SPI_Open)
    i.SYS_Config                             0x000024bc   Section        0  config.o(i.SYS_Config)
    i.SYS_Init                               0x000024d4   Section        0  main.o(i.SYS_Init)
    i.SYS_UnlockReg                          0x00002528   Section        0  sys.o(i.SYS_UnlockReg)
    i.SendChar                               0x00002554   Section        0  retarget.o(i.SendChar)
    i.SendChar_ToUART                        0x00002560   Section        0  retarget.o(i.SendChar_ToUART)
    i.SetSysTick                             0x0000258c   Section        0  main.o(i.SetSysTick)
    i.Set_Irms2Display                       0x000025d0   Section        0  ds12864.o(i.Set_Irms2Display)
    i.Set_Vrms2Display                       0x00002610   Section        0  ds12864.o(i.Set_Vrms2Display)
    i.Set_Watt2Display                       0x00002650   Section        0  ds12864.o(i.Set_Watt2Display)
    i.Set_Watthr2Display                     0x00002690   Section        0  ds12864.o(i.Set_Watthr2Display)
    i.SysTick_Handler                        0x000026d0   Section        0  main.o(i.SysTick_Handler)
    i.SystemCoreClockUpdate                  0x000026e8   Section        0  system_nuc472_442.o(i.SystemCoreClockUpdate)
    i.SystemInit                             0x00002744   Section        0  system_nuc472_442.o(i.SystemInit)
    i.TIMER_Close                            0x0000275c   Section        0  timer.o(i.TIMER_Close)
    i.TIMER_EnableInt                        0x00002764   Section        0  porttimer.o(i.TIMER_EnableInt)
    TIMER_EnableInt                          0x00002765   Thumb Code    10  porttimer.o(i.TIMER_EnableInt)
    i.TIMER_GetModuleClock                   0x00002770   Section        0  timer.o(i.TIMER_GetModuleClock)
    i.TIMER_Open                             0x000027f8   Section        0  timer.o(i.TIMER_Open)
    i.TIMER_Stop                             0x0000285a   Section        0  porttimer.o(i.TIMER_Stop)
    TIMER_Stop                               0x0000285b   Thumb Code    10  porttimer.o(i.TIMER_Stop)
    i.TMR0_IRQHandler                        0x00002864   Section        0  porttimer.o(i.TMR0_IRQHandler)
    i.TestEEPROM_Filesystem                  0x000028b0   Section        0  eepromapp.o(i.TestEEPROM_Filesystem)
    i.UART3_IRQHandler                       0x00002a90   Section        0  portserial.o(i.UART3_IRQHandler)
    i.UART_DisableFlowCtrl                   0x00002ab4   Section        0  uart.o(i.UART_DisableFlowCtrl)
    i.UART_DisableInt                        0x00002abe   Section        0  uart.o(i.UART_DisableInt)
    i.UART_EnableInt                         0x00002ac6   Section        0  uart.o(i.UART_EnableInt)
    i.UART_Open                              0x00002ad0   Section        0  uart.o(i.UART_Open)
    i.UART_Write                             0x00002b50   Section        0  uart.o(i.UART_Write)
    i.Usart_Init                             0x00002b70   Section        0  usart.o(i.Usart_Init)
    i.Write_EEPROM                           0x00002bf8   Section        0  eeprom.o(i.Write_EEPROM)
    i.__0printf                              0x00002c14   Section        0  printfa.o(i.__0printf)
    i.__0sprintf                             0x00002c34   Section        0  printfa.o(i.__0sprintf)
    i.__scatterload_copy                     0x00002c5c   Section       14  handlers.o(i.__scatterload_copy)
    i.__scatterload_null                     0x00002c6a   Section        2  handlers.o(i.__scatterload_null)
    i.__scatterload_zeroinit                 0x00002c6c   Section       14  handlers.o(i.__scatterload_zeroinit)
    i._fp_digits                             0x00002c7c   Section        0  printfa.o(i._fp_digits)
    _fp_digits                               0x00002c7d   Thumb Code   318  printfa.o(i._fp_digits)
    i._printf_core                           0x00002dd0   Section        0  printfa.o(i._printf_core)
    _printf_core                             0x00002dd1   Thumb Code  1734  printfa.o(i._printf_core)
    i._printf_post_padding                   0x000034a4   Section        0  printfa.o(i._printf_post_padding)
    _printf_post_padding                     0x000034a5   Thumb Code    38  printfa.o(i._printf_post_padding)
    i._printf_pre_padding                    0x000034ca   Section        0  printfa.o(i._printf_pre_padding)
    _printf_pre_padding                      0x000034cb   Thumb Code    46  printfa.o(i._printf_pre_padding)
    i._sputc                                 0x000034f8   Section        0  printfa.o(i._sputc)
    _sputc                                   0x000034f9   Thumb Code    10  printfa.o(i._sputc)
    i.eBTFuncReadHoldingRegister             0x00003502   Section        0  btfunc.o(i.eBTFuncReadHoldingRegister)
    i.eMBEnable                              0x00003554   Section        0  mb.o(i.eMBEnable)
    i.eMBFuncReadHoldingRegister             0x0000357c   Section        0  mbfuncholding.o(i.eMBFuncReadHoldingRegister)
    i.eMBFuncReadWriteMultipleHoldingRegister 0x00003608   Section        0  mbfuncholding.o(i.eMBFuncReadWriteMultipleHoldingRegister)
    i.eMBFuncReportSlaveID                   0x000036dc   Section        0  mbfuncother.o(i.eMBFuncReportSlaveID)
    i.eMBFuncWriteHoldingRegister            0x00003704   Section        0  mbfuncholding.o(i.eMBFuncWriteHoldingRegister)
    i.eMBInit                                0x00003748   Section        0  mb.o(i.eMBInit)
    i.eMBPoll                                0x00003828   Section        0  mb.o(i.eMBPoll)
    i.eMBRTUInit                             0x00003a08   Section        0  mbrtu.o(i.eMBRTUInit)
    i.eMBRTUReceive                          0x00003a60   Section        0  mbrtu.o(i.eMBRTUReceive)
    i.eMBRTUSend                             0x00003acc   Section        0  mbrtu.o(i.eMBRTUSend)
    i.eMBRTUStart                            0x00003b5c   Section        0  mbrtu.o(i.eMBRTUStart)
    i.eMBRTUStop                             0x00003b80   Section        0  mbrtu.o(i.eMBRTUStop)
    i.eMBRegHoldingCB                        0x00003b98   Section        0  user_mb_app.o(i.eMBRegHoldingCB)
    i.fputc                                  0x00003c64   Section        0  retarget.o(i.fputc)
    i.main                                   0x00003c74   Section        0  main.o(i.main)
    i.peBTFrameSendCur                       0x00003cd0   Section        0  mbrtu.o(i.peBTFrameSendCur)
    i.print                                  0x00003d9c   Section        0  ds12864.o(i.print)
    i.prveMBError2Exception                  0x00003db2   Section        0  mbutils.o(i.prveMBError2Exception)
    i.prvvTIMERExpiredISR                    0x00003dd4   Section        0  porttimer.o(i.prvvTIMERExpiredISR)
    prvvTIMERExpiredISR                      0x00003dd5   Thumb Code    10  porttimer.o(i.prvvTIMERExpiredISR)
    i.prvvUARTRxISR                          0x00003de4   Section        0  portserial.o(i.prvvUARTRxISR)
    prvvUARTRxISR                            0x00003de5   Thumb Code    10  portserial.o(i.prvvUARTRxISR)
    i.prvvUARTTxReadyISR                     0x00003df4   Section        0  portserial.o(i.prvvUARTTxReadyISR)
    prvvUARTTxReadyISR                       0x00003df5   Thumb Code    10  portserial.o(i.prvvUARTTxReadyISR)
    i.stackDump                              0x00003e04   Section        0  retarget.o(i.stackDump)
    stackDump                                0x00003e05   Thumb Code    70  retarget.o(i.stackDump)
    i.ucMBMasterGetDestAddress               0x00003eac   Section        0  user_mb_app.o(i.ucMBMasterGetDestAddress)
    i.usMBCRC16                              0x00003eb0   Section        0  mbcrc.o(i.usMBCRC16)
    i.vMBPortSerialEnable                    0x00003ee8   Section        0  portserial.o(i.vMBPortSerialEnable)
    i.vMBPortTimersDisable                   0x00003f30   Section        0  porttimer.o(i.vMBPortTimersDisable)
    i.vMBPortTimersEnable                    0x00003f58   Section        0  porttimer.o(i.vMBPortTimersEnable)
    i.xMBMasterGetCBRunInMasterMode          0x00003fa8   Section        0  user_mb_app.o(i.xMBMasterGetCBRunInMasterMode)
    i.xMBPortEventGet                        0x00003fac   Section        0  portevent.o(i.xMBPortEventGet)
    i.xMBPortEventInit                       0x00003fd0   Section        0  portevent.o(i.xMBPortEventInit)
    i.xMBPortEventPost                       0x00003fe0   Section        0  portevent.o(i.xMBPortEventPost)
    i.xMBPortSerialGetByte                   0x00003ff8   Section        0  portserial.o(i.xMBPortSerialGetByte)
    i.xMBPortSerialInit                      0x00004008   Section        0  portserial.o(i.xMBPortSerialInit)
    i.xMBPortSerialPutByte                   0x000040bc   Section        0  portserial.o(i.xMBPortSerialPutByte)
    i.xMBPortTimersInit                      0x000040cc   Section        0  porttimer.o(i.xMBPortTimersInit)
    i.xMBRTUReceiveFSM                       0x0000412c   Section        0  mbrtu.o(i.xMBRTUReceiveFSM)
    i.xMBRTUTimerT35Expired                  0x000041b4   Section        0  mbrtu.o(i.xMBRTUTimerT35Expired)
    i.xMBRTUTransmitFSM                      0x000041f4   Section        0  mbrtu.o(i.xMBRTUTransmitFSM)
    .constdata                               0x00004260   Section       32  timer.o(.constdata)
    .constdata                               0x00004280   Section       32  uart.o(.constdata)
    .constdata                               0x000042a0   Section      512  mbcrc.o(.constdata)
    aucCRCHi                                 0x000042a0   Data         256  mbcrc.o(.constdata)
    aucCRCLo                                 0x000043a0   Data         256  mbcrc.o(.constdata)
    .data                                    0x20000000   Section       12  main.o(.data)
    u32EscapeFrame                           0x20000000   Data           4  main.o(.data)
    .data                                    0x2000000c   Section      108  ds12864.o(.data)
    u32EscapeFrame                           0x2000000c   Data           4  ds12864.o(.data)
    VRMS_ds12864                             0x20000018   Data          22  ds12864.o(.data)
    IRMS_ds12864                             0x2000002e   Data          22  ds12864.o(.data)
    WATT_ds12864                             0x20000044   Data          22  ds12864.o(.data)
    WATTHR_ds12864                           0x2000005a   Data          22  ds12864.o(.data)
    d                                        0x20000070   Data           1  ds12864.o(.data)
    b                                        0x20000071   Data           1  ds12864.o(.data)
    d                                        0x20000072   Data           1  ds12864.o(.data)
    b                                        0x20000073   Data           1  ds12864.o(.data)
    d                                        0x20000074   Data           1  ds12864.o(.data)
    b                                        0x20000075   Data           1  ds12864.o(.data)
    d                                        0x20000076   Data           1  ds12864.o(.data)
    b                                        0x20000077   Data           1  ds12864.o(.data)
    .data                                    0x20000078   Section       12  retarget.o(.data)
    u32EscapeFrame                           0x20000078   Data           4  retarget.o(.data)
    .data                                    0x20000084   Section       44  system_nuc472_442.o(.data)
    u32EscapeFrame                           0x20000084   Data           4  system_nuc472_442.o(.data)
    .data                                    0x200000b0   Section        5  ade7878_spi.o(.data)
    u32EscapeFrame                           0x200000b0   Data           4  ade7878_spi.o(.data)
    .data                                    0x200000b8   Section       44  ad7878_measure.o(.data)
    u32EscapeFrame                           0x200000b8   Data           4  ad7878_measure.o(.data)
    f                                        0x200000dc   Data           1  ad7878_measure.o(.data)
    i                                        0x200000dd   Data           1  ad7878_measure.o(.data)
    .data                                    0x200000e4   Section        2  portevent.o(.data)
    eQueuedEvent                             0x200000e4   Data           1  portevent.o(.data)
    xEventInQueue                            0x200000e5   Data           1  portevent.o(.data)
    .data                                    0x200000e8   Section       14  porttimer.o(.data)
    u32EscapeFrame                           0x200000e8   Data           4  porttimer.o(.data)
    MBTimerout50us                           0x200000f4   Data           2  porttimer.o(.data)
    .data                                    0x200000f6   Section       26  user_mb_app.o(.data)
    .data                                    0x20000110   Section       16  mbrtu.o(.data)
    u32EscapeFrame                           0x20000110   Data           4  mbrtu.o(.data)
    eSndState                                0x20000114   Data           1  mbrtu.o(.data)
    eRcvState                                0x20000115   Data           1  mbrtu.o(.data)
    pucSndBufferCur                          0x20000118   Data           4  mbrtu.o(.data)
    usSndBufferCount                         0x2000011c   Data           2  mbrtu.o(.data)
    usRcvBufferPos                           0x2000011e   Data           2  mbrtu.o(.data)
    .data                                    0x20000120   Section        6  mbfuncother.o(.data)
    u32EscapeFrame                           0x20000120   Data           4  mbfuncother.o(.data)
    usMBSlaveIDLen                           0x20000124   Data           2  mbfuncother.o(.data)
    .data                                    0x20000128   Section      184  mb.o(.data)
    eMBState                                 0x20000128   Data           1  mb.o(.data)
    xFuncHandlers                            0x2000012c   Data         128  mb.o(.data)
    ucMBFrame                                0x200001ac   Data           4  mb.o(.data)
    ucRcvAddress                             0x200001b0   Data           1  mb.o(.data)
    ucFunctionCode                           0x200001b1   Data           1  mb.o(.data)
    usLength                                 0x200001b2   Data           2  mb.o(.data)
    eException                               0x200001b4   Data           1  mb.o(.data)
    ucMBAddress                              0x200001b5   Data           1  mb.o(.data)
    eMBCurrentMode                           0x200001b6   Data           1  mb.o(.data)
    peMBFrameSendCur                         0x200001b8   Data           4  mb.o(.data)
    pvMBFrameStartCur                        0x200001bc   Data           4  mb.o(.data)
    pvMBFrameStopCur                         0x200001c0   Data           4  mb.o(.data)
    peMBFrameReceiveCur                      0x200001c4   Data           4  mb.o(.data)
    pvMBFrameCloseCur                        0x200001c8   Data           4  mb.o(.data)
    .data                                    0x200001e0   Section        8  eefs_fileapi.o(.data)
    .data                                    0x200001e8   Section       64  eepromapp.o(.data)
    .bss                                     0x20000228   Section     6960  user_mb_app.o(.bss)
    .bss                                     0x20001d58   Section      256  mbrtu.o(.bss)
    .bss                                     0x20001e58   Section       32  mbfuncother.o(.bss)
    ucMBSlaveID                              0x20001e58   Data          32  mbfuncother.o(.bss)
    .bss                                     0x20001e78   Section      788  eefs_fileapi.o(.bss)
    .bss                                     0x2000218c   Section     1176  eefs_filesys.o(.bss)
    .bss                                     0x20002624   Section     1432  eepromapp.o(.bss)
    STACK                                    0x20002bc0   Section     2048  startup_nuc472_442.o(STACK)

    Global Symbols

    Symbol Name                              Value     Ov Type        Size  Object(Section)

    BuildAttributes$$THM_ISAv4$E$P$D$K$B$S$7EM$VFPi3$EXTD16$VFPS$VFMA$PE$A:L22UL41UL21$X:L11$S22US41US21$IEEE1$IW$USESV6$~STKCKD$USESV7$~SHL$OTIME$ROPI$IEEEX$EBA8$MICROLIB$REQ8$PRES8$EABIv2 0x00000000   Number         0  anon$$obj.o ABSOLUTE
    __ARM_use_no_argv                        0x00000000   Number         0  main.o ABSOLUTE
    __Vectors                                0x00000000   Data           4  startup_nuc472_442.o(RESET)
    _printf_a                                0x00000000   Number         0  stubs.o ABSOLUTE
    _printf_c                                0x00000000   Number         0  stubs.o ABSOLUTE
    _printf_charcount                        0x00000000   Number         0  stubs.o ABSOLUTE
    _printf_d                                0x00000000   Number         0  stubs.o ABSOLUTE
    _printf_e                                0x00000000   Number         0  stubs.o ABSOLUTE
    _printf_f                                0x00000000   Number         0  stubs.o ABSOLUTE
    _printf_flags                            0x00000000   Number         0  stubs.o ABSOLUTE
    _printf_fp_dec                           0x00000000   Number         0  stubs.o ABSOLUTE
    _printf_fp_hex                           0x00000000   Number         0  stubs.o ABSOLUTE
    _printf_g                                0x00000000   Number         0  stubs.o ABSOLUTE
    _printf_i                                0x00000000   Number         0  stubs.o ABSOLUTE
    _printf_int_dec                          0x00000000   Number         0  stubs.o ABSOLUTE
    _printf_l                                0x00000000   Number         0  stubs.o ABSOLUTE
    _printf_lc                               0x00000000   Number         0  stubs.o ABSOLUTE
    _printf_ll                               0x00000000   Number         0  stubs.o ABSOLUTE
    _printf_lld                              0x00000000   Number         0  stubs.o ABSOLUTE
    _printf_lli                              0x00000000   Number         0  stubs.o ABSOLUTE
    _printf_llo                              0x00000000   Number         0  stubs.o ABSOLUTE
    _printf_llu                              0x00000000   Number         0  stubs.o ABSOLUTE
    _printf_llx                              0x00000000   Number         0  stubs.o ABSOLUTE
    _printf_longlong_dec                     0x00000000   Number         0  stubs.o ABSOLUTE
    _printf_longlong_hex                     0x00000000   Number         0  stubs.o ABSOLUTE
    _printf_longlong_oct                     0x00000000   Number         0  stubs.o ABSOLUTE
    _printf_ls                               0x00000000   Number         0  stubs.o ABSOLUTE
    _printf_mbtowc                           0x00000000   Number         0  stubs.o ABSOLUTE
    _printf_n                                0x00000000   Number         0  stubs.o ABSOLUTE
    _printf_o                                0x00000000   Number         0  stubs.o ABSOLUTE
    _printf_p                                0x00000000   Number         0  stubs.o ABSOLUTE
    _printf_percent                          0x00000000   Number         0  stubs.o ABSOLUTE
    _printf_pre_padding                      0x00000000   Number         0  stubs.o ABSOLUTE
    _printf_return_value                     0x00000000   Number         0  stubs.o ABSOLUTE
    _printf_s                                0x00000000   Number         0  stubs.o ABSOLUTE
    _printf_sizespec                         0x00000000   Number         0  stubs.o ABSOLUTE
    _printf_str                              0x00000000   Number         0  stubs.o ABSOLUTE
    _printf_truncate_signed                  0x00000000   Number         0  stubs.o ABSOLUTE
    _printf_truncate_unsigned                0x00000000   Number         0  stubs.o ABSOLUTE
    _printf_u                                0x00000000   Number         0  stubs.o ABSOLUTE
    _printf_wc                               0x00000000   Number         0  stubs.o ABSOLUTE
    _printf_wctomb                           0x00000000   Number         0  stubs.o ABSOLUTE
    _printf_widthprec                        0x00000000   Number         0  stubs.o ABSOLUTE
    _printf_x                                0x00000000   Number         0  stubs.o ABSOLUTE
    __Vectors_End                            0x00000278   Data           0  startup_nuc472_442.o(RESET)
    __Vectors_Size                           0x00000278   Number         0  startup_nuc472_442.o ABSOLUTE
    __main                                   0x00000279   Thumb Code     0  entry.o(.ARM.Collect$$$$00000000)
    _main_stk                                0x00000279   Thumb Code     0  entry2.o(.ARM.Collect$$$$00000001)
    _main_scatterload                        0x0000027d   Thumb Code     0  entry5.o(.ARM.Collect$$$$00000004)
    __main_after_scatterload                 0x00000281   Thumb Code     0  entry5.o(.ARM.Collect$$$$00000004)
    _main_init                               0x00000281   Thumb Code     0  entry7.o(.ARM.Collect$$$$00000007)
    HardFault_Handler                        0x0000028d   Thumb Code    24  retarget.o(.emb_text)
    Reset_Handler                            0x000002a9   Thumb Code    40  startup_nuc472_442.o(.text)
    NMI_Handler                              0x000002d1   Thumb Code     2  startup_nuc472_442.o(.text)
    MemManage_Handler                        0x000002d5   Thumb Code     2  startup_nuc472_442.o(.text)
    BusFault_Handler                         0x000002d7   Thumb Code     2  startup_nuc472_442.o(.text)
    UsageFault_Handler                       0x000002d9   Thumb Code     2  startup_nuc472_442.o(.text)
    SVC_Handler                              0x000002db   Thumb Code     2  startup_nuc472_442.o(.text)
    DebugMon_Handler                         0x000002dd   Thumb Code     2  startup_nuc472_442.o(.text)
    PendSV_Handler                           0x000002df   Thumb Code     2  startup_nuc472_442.o(.text)
    ACMP_IRQHandler                          0x000002e3   Thumb Code     0  startup_nuc472_442.o(.text)
    ADC_IRQHandler                           0x000002e3   Thumb Code     0  startup_nuc472_442.o(.text)
    BOD_IRQHandler                           0x000002e3   Thumb Code     0  startup_nuc472_442.o(.text)
    CAN0_IRQHandler                          0x000002e3   Thumb Code     0  startup_nuc472_442.o(.text)
    CAN1_IRQHandler                          0x000002e3   Thumb Code     0  startup_nuc472_442.o(.text)
    CAP_IRQHandler                           0x000002e3   Thumb Code     0  startup_nuc472_442.o(.text)
    CLKF_IRQHandler                          0x000002e3   Thumb Code     0  startup_nuc472_442.o(.text)
    CRC_IRQHandler                           0x000002e3   Thumb Code     0  startup_nuc472_442.o(.text)
    CRYPTO_IRQHandler                        0x000002e3   Thumb Code     0  startup_nuc472_442.o(.text)
    EADC0_IRQHandler                         0x000002e3   Thumb Code     0  startup_nuc472_442.o(.text)
    EADC1_IRQHandler                         0x000002e3   Thumb Code     0  startup_nuc472_442.o(.text)
    EADC2_IRQHandler                         0x000002e3   Thumb Code     0  startup_nuc472_442.o(.text)
    EADC3_IRQHandler                         0x000002e3   Thumb Code     0  startup_nuc472_442.o(.text)
    EINT0_IRQHandler                         0x000002e3   Thumb Code     0  startup_nuc472_442.o(.text)
    EINT1_IRQHandler                         0x000002e3   Thumb Code     0  startup_nuc472_442.o(.text)
    EINT2_IRQHandler                         0x000002e3   Thumb Code     0  startup_nuc472_442.o(.text)
    EINT3_IRQHandler                         0x000002e3   Thumb Code     0  startup_nuc472_442.o(.text)
    EINT4_IRQHandler                         0x000002e3   Thumb Code     0  startup_nuc472_442.o(.text)
    EINT5_IRQHandler                         0x000002e3   Thumb Code     0  startup_nuc472_442.o(.text)
    EINT6_IRQHandler                         0x000002e3   Thumb Code     0  startup_nuc472_442.o(.text)
    EINT7_IRQHandler                         0x000002e3   Thumb Code     0  startup_nuc472_442.o(.text)
    EMAC_RX_IRQHandler                       0x000002e3   Thumb Code     0  startup_nuc472_442.o(.text)
    EMAC_TX_IRQHandler                       0x000002e3   Thumb Code     0  startup_nuc472_442.o(.text)
    EPWM0BRK_IRQHandler                      0x000002e3   Thumb Code     0  startup_nuc472_442.o(.text)
    EPWM0_IRQHandler                         0x000002e3   Thumb Code     0  startup_nuc472_442.o(.text)
    EPWM1BRK_IRQHandler                      0x000002e3   Thumb Code     0  startup_nuc472_442.o(.text)
    EPWM1_IRQHandler                         0x000002e3   Thumb Code     0  startup_nuc472_442.o(.text)
    GPA_IRQHandler                           0x000002e3   Thumb Code     0  startup_nuc472_442.o(.text)
    GPC_IRQHandler                           0x000002e3   Thumb Code     0  startup_nuc472_442.o(.text)
    GPD_IRQHandler                           0x000002e3   Thumb Code     0  startup_nuc472_442.o(.text)
    GPE_IRQHandler                           0x000002e3   Thumb Code     0  startup_nuc472_442.o(.text)
    GPF_IRQHandler                           0x000002e3   Thumb Code     0  startup_nuc472_442.o(.text)
    GPG_IRQHandler                           0x000002e3   Thumb Code     0  startup_nuc472_442.o(.text)
    GPH_IRQHandler                           0x000002e3   Thumb Code     0  startup_nuc472_442.o(.text)
    GPI_IRQHandler                           0x000002e3   Thumb Code     0  startup_nuc472_442.o(.text)
    I2C0_IRQHandler                          0x000002e3   Thumb Code     0  startup_nuc472_442.o(.text)
    I2C1_IRQHandler                          0x000002e3   Thumb Code     0  startup_nuc472_442.o(.text)
    I2C2_IRQHandler                          0x000002e3   Thumb Code     0  startup_nuc472_442.o(.text)
    I2C3_IRQHandler                          0x000002e3   Thumb Code     0  startup_nuc472_442.o(.text)
    I2C4_IRQHandler                          0x000002e3   Thumb Code     0  startup_nuc472_442.o(.text)
    I2S0_IRQHandler                          0x000002e3   Thumb Code     0  startup_nuc472_442.o(.text)
    I2S1_IRQHandler                          0x000002e3   Thumb Code     0  startup_nuc472_442.o(.text)
    ICAP0_IRQHandler                         0x000002e3   Thumb Code     0  startup_nuc472_442.o(.text)
    ICAP1_IRQHandler                         0x000002e3   Thumb Code     0  startup_nuc472_442.o(.text)
    IRC_IRQHandler                           0x000002e3   Thumb Code     0  startup_nuc472_442.o(.text)
    OPA0_IRQHandler                          0x000002e3   Thumb Code     0  startup_nuc472_442.o(.text)
    OPA1_IRQHandler                          0x000002e3   Thumb Code     0  startup_nuc472_442.o(.text)
    PDMA_IRQHandler                          0x000002e3   Thumb Code     0  startup_nuc472_442.o(.text)
    PS2D_IRQHandler                          0x000002e3   Thumb Code     0  startup_nuc472_442.o(.text)
    PWM0CH0_IRQHandler                       0x000002e3   Thumb Code     0  startup_nuc472_442.o(.text)
    PWM0CH1_IRQHandler                       0x000002e3   Thumb Code     0  startup_nuc472_442.o(.text)
    PWM0CH2_IRQHandler                       0x000002e3   Thumb Code     0  startup_nuc472_442.o(.text)
    PWM0CH3_IRQHandler                       0x000002e3   Thumb Code     0  startup_nuc472_442.o(.text)
    PWM0CH4_IRQHandler                       0x000002e3   Thumb Code     0  startup_nuc472_442.o(.text)
    PWM0CH5_IRQHandler                       0x000002e3   Thumb Code     0  startup_nuc472_442.o(.text)
    PWM0_BRK_IRQHandler                      0x000002e3   Thumb Code     0  startup_nuc472_442.o(.text)
    PWM1CH0_IRQHandler                       0x000002e3   Thumb Code     0  startup_nuc472_442.o(.text)
    PWM1CH1_IRQHandler                       0x000002e3   Thumb Code     0  startup_nuc472_442.o(.text)
    PWM1CH2_IRQHandler                       0x000002e3   Thumb Code     0  startup_nuc472_442.o(.text)
    PWM1CH3_IRQHandler                       0x000002e3   Thumb Code     0  startup_nuc472_442.o(.text)
    PWM1CH4_IRQHandler                       0x000002e3   Thumb Code     0  startup_nuc472_442.o(.text)
    PWM1CH5_IRQHandler                       0x000002e3   Thumb Code     0  startup_nuc472_442.o(.text)
    PWM1_BRK_IRQHandler                      0x000002e3   Thumb Code     0  startup_nuc472_442.o(.text)
    PWRWU_IRQHandler                         0x000002e3   Thumb Code     0  startup_nuc472_442.o(.text)
    QEI0_IRQHandler                          0x000002e3   Thumb Code     0  startup_nuc472_442.o(.text)
    QEI1_IRQHandler                          0x000002e3   Thumb Code     0  startup_nuc472_442.o(.text)
    RTC_IRQHandler                           0x000002e3   Thumb Code     0  startup_nuc472_442.o(.text)
    SC0_IRQHandler                           0x000002e3   Thumb Code     0  startup_nuc472_442.o(.text)
    SC1_IRQHandler                           0x000002e3   Thumb Code     0  startup_nuc472_442.o(.text)
    SC2_IRQHandler                           0x000002e3   Thumb Code     0  startup_nuc472_442.o(.text)
    SC3_IRQHandler                           0x000002e3   Thumb Code     0  startup_nuc472_442.o(.text)
    SC4_IRQHandler                           0x000002e3   Thumb Code     0  startup_nuc472_442.o(.text)
    SC5_IRQHandler                           0x000002e3   Thumb Code     0  startup_nuc472_442.o(.text)
    SD_IRQHandler                            0x000002e3   Thumb Code     0  startup_nuc472_442.o(.text)
    SPI0_IRQHandler                          0x000002e3   Thumb Code     0  startup_nuc472_442.o(.text)
    SPI1_IRQHandler                          0x000002e3   Thumb Code     0  startup_nuc472_442.o(.text)
    SPI2_IRQHandler                          0x000002e3   Thumb Code     0  startup_nuc472_442.o(.text)
    SPI3_IRQHandler                          0x000002e3   Thumb Code     0  startup_nuc472_442.o(.text)
    SRAMF_IRQHandler                         0x000002e3   Thumb Code     0  startup_nuc472_442.o(.text)
    TAMPER_IRQHandler                        0x000002e3   Thumb Code     0  startup_nuc472_442.o(.text)
    TMR1_IRQHandler                          0x000002e3   Thumb Code     0  startup_nuc472_442.o(.text)
    TMR2_IRQHandler                          0x000002e3   Thumb Code     0  startup_nuc472_442.o(.text)
    TMR3_IRQHandler                          0x000002e3   Thumb Code     0  startup_nuc472_442.o(.text)
    UART0_IRQHandler                         0x000002e3   Thumb Code     0  startup_nuc472_442.o(.text)
    UART1_IRQHandler                         0x000002e3   Thumb Code     0  startup_nuc472_442.o(.text)
    UART2_IRQHandler                         0x000002e3   Thumb Code     0  startup_nuc472_442.o(.text)
    UART4_IRQHandler                         0x000002e3   Thumb Code     0  startup_nuc472_442.o(.text)
    UART5_IRQHandler                         0x000002e3   Thumb Code     0  startup_nuc472_442.o(.text)
    USBD_IRQHandler                          0x000002e3   Thumb Code     0  startup_nuc472_442.o(.text)
    USBH_IRQHandler                          0x000002e3   Thumb Code     0  startup_nuc472_442.o(.text)
    USB_OTG_IRQHandler                       0x000002e3   Thumb Code     0  startup_nuc472_442.o(.text)
    WDT_IRQHandler                           0x000002e3   Thumb Code     0  startup_nuc472_442.o(.text)
    WWDT_IRQHandler                          0x000002e3   Thumb Code     0  startup_nuc472_442.o(.text)
    __aeabi_uldivmod                         0x000002f5   Thumb Code   102  uldiv.o(.text)
    __aeabi_llsr                             0x0000035b   Thumb Code    32  llushr.o(.text)
    _ll_ushift_r                             0x0000035b   Thumb Code     0  llushr.o(.text)
    __aeabi_memcpy                           0x0000037b   Thumb Code    36  memcpya.o(.text)
    __aeabi_memcpy4                          0x0000037b   Thumb Code     0  memcpya.o(.text)
    __aeabi_memcpy8                          0x0000037b   Thumb Code     0  memcpya.o(.text)
    __aeabi_memset                           0x0000039f   Thumb Code    14  memseta.o(.text)
    __aeabi_memset4                          0x0000039f   Thumb Code     0  memseta.o(.text)
    __aeabi_memset8                          0x0000039f   Thumb Code     0  memseta.o(.text)
    __aeabi_memclr                           0x000003ad   Thumb Code     4  memseta.o(.text)
    __aeabi_memclr4                          0x000003ad   Thumb Code     0  memseta.o(.text)
    __aeabi_memclr8                          0x000003ad   Thumb Code     0  memseta.o(.text)
    _memset$wrapper                          0x000003b1   Thumb Code    20  memseta.o(.text)
    strcat                                   0x000003c5   Thumb Code    28  strcat.o(.text)
    strncpy                                  0x000003e1   Thumb Code    24  strncpy.o(.text)
    strlen                                   0x000003f9   Thumb Code    16  strlen.o(.text)
    strcpy                                   0x00000409   Thumb Code    18  strcpy.o(.text)
    strncmp                                  0x0000041b   Thumb Code    30  strncmp.o(.text)
    __aeabi_dadd                             0x00000439   Thumb Code   318  dadd.o(.text)
    __aeabi_dsub                             0x00000577   Thumb Code     6  dadd.o(.text)
    __aeabi_drsub                            0x0000057d   Thumb Code     6  dadd.o(.text)
    __aeabi_dmul                             0x00000583   Thumb Code   226  dmul.o(.text)
    __aeabi_ddiv                             0x00000665   Thumb Code   222  ddiv.o(.text)
    __aeabi_f2d                              0x00000743   Thumb Code    44  f2d.o(.text)
    __aeabi_uidiv                            0x0000076f   Thumb Code     0  uidiv.o(.text)
    __aeabi_uidivmod                         0x0000076f   Thumb Code    44  uidiv.o(.text)
    __aeabi_llsl                             0x0000079b   Thumb Code    30  llshl.o(.text)
    _ll_shift_l                              0x0000079b   Thumb Code     0  llshl.o(.text)
    __aeabi_lasr                             0x000007b9   Thumb Code    36  llsshr.o(.text)
    _ll_sshift_r                             0x000007b9   Thumb Code     0  llsshr.o(.text)
    __I$use$fp                               0x000007dd   Thumb Code     0  iusefp.o(.text)
    _double_round                            0x000007dd   Thumb Code    26  depilogue.o(.text)
    _double_epilogue                         0x000007f7   Thumb Code   168  depilogue.o(.text)
    __aeabi_d2ulz                            0x0000089f   Thumb Code    48  dfixul.o(.text)
    __aeabi_cdrcmple                         0x000008d1   Thumb Code    38  cdrcmple.o(.text)
    __scatterload                            0x000008f9   Thumb Code    28  init.o(.text)
    __scatterload_rt2                        0x000008f9   Thumb Code     0  init.o(.text)
    __decompress                             0x0000091d   Thumb Code     0  __dczerorl2.o(.text)
    __decompress1                            0x0000091d   Thumb Code    92  __dczerorl2.o(.text)
    ADE7878Cfg                               0x00000979   Thumb Code   790  ade7878.o(i.ADE7878Cfg)
    ADE7878PSM0                              0x00000cad   Thumb Code    50  ade7878.o(i.ADE7878PSM0)
    ADE7878Reset                             0x00000ce9   Thumb Code    90  ade7878.o(i.ADE7878Reset)
    ADE7878SPICfg                            0x00000d55   Thumb Code    92  ade7878.o(i.ADE7878SPICfg)
    ADE7878_main                             0x00000db5   Thumb Code    82  ad7878_measure.o(i.ADE7878_main)
    CLK_EnableModuleClock                    0x00000e0d   Thumb Code    36  clk.o(i.CLK_EnableModuleClock)
    CLK_EnableXtalRC                         0x00000e35   Thumb Code    18  clk.o(i.CLK_EnableXtalRC)
    CLK_GetHCLKFreq                          0x00000e4d   Thumb Code    12  clk.o(i.CLK_GetHCLKFreq)
    CLK_GetPLLClockFreq                      0x00000e5d   Thumb Code    96  clk.o(i.CLK_GetPLLClockFreq)
    CLK_SetHCLK                              0x00000ec9   Thumb Code    48  clk.o(i.CLK_SetHCLK)
    CLK_SetModuleClock                       0x00000f01   Thumb Code    94  clk.o(i.CLK_SetModuleClock)
    CLK_WaitClockReady                       0x00000f65   Thumb Code    36  clk.o(i.CLK_WaitClockReady)
    ConfigHWSpiport                          0x00000f8d   Thumb Code    86  config.o(i.ConfigHWSpiport)
    ConfigHWled                              0x00000ff9   Thumb Code    24  config.o(i.ConfigHWled)
    Config_ADE7878_IRQ                       0x00001015   Thumb Code    96  ade7878_int.o(i.Config_ADE7878_IRQ)
    Delay                                    0x00001081   Thumb Code    18  ade7878_spi.o(i.Delay)
    Delay_nms                                0x00001099   Thumb Code    30  ds12864.o(i.Delay_nms)
    Display_Task                             0x000010bd   Thumb Code    60  ds12864.o(i.Display_Task)
    EEFS_Close                               0x00001109   Thumb Code    24  eefs_filesys.o(i.EEFS_Close)
    EEFS_Creat                               0x00001121   Thumb Code    90  eefs_filesys.o(i.EEFS_Creat)
    EEFS_FindDevice                          0x0000117d   Thumb Code    80  eefs_filesys.o(i.EEFS_FindDevice)
    EEFS_FindVolume                          0x000011d1   Thumb Code    68  eefs_filesys.o(i.EEFS_FindVolume)
    EEFS_FreeDevice                          0x00001219   Thumb Code    26  eefs_filesys.o(i.EEFS_FreeDevice)
    EEFS_GetDevice                           0x00001235   Thumb Code    62  eefs_filesys.o(i.EEFS_GetDevice)
    EEFS_GetVolume                           0x00001279   Thumb Code    50  eefs_filesys.o(i.EEFS_GetVolume)
    EEFS_InitFS                              0x000012b1   Thumb Code   184  eefs_filesys.o(i.EEFS_InitFS)
    EEFS_LibClose                            0x0000136d   Thumb Code   372  eefs_fileapi.o(i.EEFS_LibClose)
    EEFS_LibCreat                            0x000014e5   Thumb Code    82  eefs_fileapi.o(i.EEFS_LibCreat)
    EEFS_LibCreatFile                        0x00001539   Thumb Code   304  eefs_fileapi.o(i.EEFS_LibCreatFile)
    EEFS_LibFindFile                         0x0000166d   Thumb Code    66  eefs_fileapi.o(i.EEFS_LibFindFile)
    EEFS_LibFmode                            0x000016b1   Thumb Code    74  eefs_fileapi.o(i.EEFS_LibFmode)
    EEFS_LibFreeFileDescriptor               0x00001701   Thumb Code    50  eefs_fileapi.o(i.EEFS_LibFreeFileDescriptor)
    EEFS_LibGetFileDescriptor                0x0000173d   Thumb Code    74  eefs_fileapi.o(i.EEFS_LibGetFileDescriptor)
    EEFS_LibHasOpenCreat                     0x00001795   Thumb Code    64  eefs_fileapi.o(i.EEFS_LibHasOpenCreat)
    EEFS_LibInitFS                           0x000017d9   Thumb Code   144  eefs_fileapi.o(i.EEFS_LibInitFS)
    EEFS_LibIsValidFileDescriptor            0x0000186d   Thumb Code    30  eefs_fileapi.o(i.EEFS_LibIsValidFileDescriptor)
    EEFS_LibIsValidFilename                  0x00001891   Thumb Code    32  eefs_fileapi.o(i.EEFS_LibIsValidFilename)
    EEFS_LibOpen                             0x000018b1   Thumb Code    94  eefs_fileapi.o(i.EEFS_LibOpen)
    EEFS_LibOpenFile                         0x00001911   Thumb Code   326  eefs_fileapi.o(i.EEFS_LibOpenFile)
    EEFS_LibRead                             0x00001a5d   Thumb Code   198  eefs_fileapi.o(i.EEFS_LibRead)
    EEFS_LibWrite                            0x00001b29   Thumb Code   246  eefs_fileapi.o(i.EEFS_LibWrite)
    EEFS_Mount                               0x00001c25   Thumb Code   130  eefs_filesys.o(i.EEFS_Mount)
    EEFS_Open                                0x00001ca7   Thumb Code    92  eefs_filesys.o(i.EEFS_Open)
    EEFS_Read                                0x00001d03   Thumb Code    38  eefs_filesys.o(i.EEFS_Read)
    EEFS_SplitPath                           0x00001d29   Thumb Code   130  eefs_filesys.o(i.EEFS_SplitPath)
    EEFS_Write                               0x00001dab   Thumb Code    38  eefs_filesys.o(i.EEFS_Write)
    EnterCriticalSection                     0x00001dd1   Thumb Code     4  port.o(i.EnterCriticalSection)
    ExitCriticalSection                      0x00001dd5   Thumb Code     4  port.o(i.ExitCriticalSection)
    GPB_IRQHandler                           0x00001dd9   Thumb Code    70  ade7878_int.o(i.GPB_IRQHandler)
    GPIO_EnableInt                           0x00001e25   Thumb Code    26  gpio.o(i.GPIO_EnableInt)
    GPIO_SetMode                             0x00001e3f   Thumb Code    44  gpio.o(i.GPIO_SetMode)
    Hard_Fault_Handler                       0x00001e6d   Thumb Code    18  retarget.o(i.Hard_Fault_Handler)
    Init12864                                0x00001e99   Thumb Code    24  ds12864.o(i.Init12864)
    LCD_Setaddress                           0x00001eb5   Thumb Code    68  ds12864.o(i.LCD_Setaddress)
    LCD_init                                 0x00001ef9   Thumb Code    44  ds12864.o(i.LCD_init)
    LCD_sendbyte                             0x00001f25   Thumb Code    58  ds12864.o(i.LCD_sendbyte)
    LCD_write_com                            0x00001f69   Thumb Code    36  ds12864.o(i.LCD_write_com)
    LCD_write_dat                            0x00001f8d   Thumb Code    36  ds12864.o(i.LCD_write_dat)
    PowerMeasurment                          0x00001ff1   Thumb Code   476  ad7878_measure.o(i.PowerMeasurment)
    Read_EEPROM                              0x000021ed   Thumb Code    22  eeprom.o(i.Read_EEPROM)
    SPIDelay                                 0x00002209   Thumb Code    16  ade7878_spi.o(i.SPIDelay)
    SPIRead2Bytes                            0x0000221d   Thumb Code   126  ade7878_spi.o(i.SPIRead2Bytes)
    SPIRead4Bytes                            0x000022a9   Thumb Code   142  ade7878_spi.o(i.SPIRead4Bytes)
    SPIWrite1Byte                            0x00002345   Thumb Code    68  ade7878_spi.o(i.SPIWrite1Byte)
    SPIWrite2Bytes                           0x00002391   Thumb Code    78  ade7878_spi.o(i.SPIWrite2Bytes)
    SPIWrite4Bytes                           0x000023e9   Thumb Code    94  ade7878_spi.o(i.SPIWrite4Bytes)
    SPI_ClearRxFIFO                          0x00002451   Thumb Code    10  spi.o(i.SPI_ClearRxFIFO)
    SPI_DisableAutoSS                        0x0000245b   Thumb Code    10  spi.o(i.SPI_DisableAutoSS)
    SPI_Open                                 0x00002465   Thumb Code    88  spi.o(i.SPI_Open)
    SYS_Config                               0x000024bd   Thumb Code    24  config.o(i.SYS_Config)
    SYS_Init                                 0x000024d5   Thumb Code    80  main.o(i.SYS_Init)
    SYS_UnlockReg                            0x00002529   Thumb Code    38  sys.o(i.SYS_UnlockReg)
    SendChar                                 0x00002555   Thumb Code    12  retarget.o(i.SendChar)
    SendChar_ToUART                          0x00002561   Thumb Code    40  retarget.o(i.SendChar_ToUART)
    SetSysTick                               0x0000258d   Thumb Code    54  main.o(i.SetSysTick)
    Set_Irms2Display                         0x000025d1   Thumb Code    46  ds12864.o(i.Set_Irms2Display)
    Set_Vrms2Display                         0x00002611   Thumb Code    46  ds12864.o(i.Set_Vrms2Display)
    Set_Watt2Display                         0x00002651   Thumb Code    46  ds12864.o(i.Set_Watt2Display)
    Set_Watthr2Display                       0x00002691   Thumb Code    46  ds12864.o(i.Set_Watthr2Display)
    SysTick_Handler                          0x000026d1   Thumb Code    18  main.o(i.SysTick_Handler)
    SystemCoreClockUpdate                    0x000026e9   Thumb Code    68  system_nuc472_442.o(i.SystemCoreClockUpdate)
    SystemInit                               0x00002745   Thumb Code    20  system_nuc472_442.o(i.SystemInit)
    TIMER_Close                              0x0000275d   Thumb Code     8  timer.o(i.TIMER_Close)
    TIMER_GetModuleClock                     0x00002771   Thumb Code   112  timer.o(i.TIMER_GetModuleClock)
    TIMER_Open                               0x000027f9   Thumb Code    98  timer.o(i.TIMER_Open)
    TMR0_IRQHandler                          0x00002865   Thumb Code    60  porttimer.o(i.TMR0_IRQHandler)
    TestEEPROM_Filesystem                    0x000028b1   Thumb Code   240  eepromapp.o(i.TestEEPROM_Filesystem)
    UART3_IRQHandler                         0x00002a91   Thumb Code    30  portserial.o(i.UART3_IRQHandler)
    UART_DisableFlowCtrl                     0x00002ab5   Thumb Code    10  uart.o(i.UART_DisableFlowCtrl)
    UART_DisableInt                          0x00002abf   Thumb Code     8  uart.o(i.UART_DisableInt)
    UART_EnableInt                           0x00002ac7   Thumb Code     8  uart.o(i.UART_EnableInt)
    UART_Open                                0x00002ad1   Thumb Code   118  uart.o(i.UART_Open)
    UART_Write                               0x00002b51   Thumb Code    32  uart.o(i.UART_Write)
    Usart_Init                               0x00002b71   Thumb Code    98  usart.o(i.Usart_Init)
    Write_EEPROM                             0x00002bf9   Thumb Code    22  eeprom.o(i.Write_EEPROM)
    __0printf                                0x00002c15   Thumb Code    22  printfa.o(i.__0printf)
    __1printf                                0x00002c15   Thumb Code     0  printfa.o(i.__0printf)
    __2printf                                0x00002c15   Thumb Code     0  printfa.o(i.__0printf)
    __c89printf                              0x00002c15   Thumb Code     0  printfa.o(i.__0printf)
    printf                                   0x00002c15   Thumb Code     0  printfa.o(i.__0printf)
    __0sprintf                               0x00002c35   Thumb Code    34  printfa.o(i.__0sprintf)
    __1sprintf                               0x00002c35   Thumb Code     0  printfa.o(i.__0sprintf)
    __2sprintf                               0x00002c35   Thumb Code     0  printfa.o(i.__0sprintf)
    __c89sprintf                             0x00002c35   Thumb Code     0  printfa.o(i.__0sprintf)
    sprintf                                  0x00002c35   Thumb Code     0  printfa.o(i.__0sprintf)
    __scatterload_copy                       0x00002c5d   Thumb Code    14  handlers.o(i.__scatterload_copy)
    __scatterload_null                       0x00002c6b   Thumb Code     2  handlers.o(i.__scatterload_null)
    __scatterload_zeroinit                   0x00002c6d   Thumb Code    14  handlers.o(i.__scatterload_zeroinit)
    eBTFuncReadHoldingRegister               0x00003503   Thumb Code    80  btfunc.o(i.eBTFuncReadHoldingRegister)
    eMBEnable                                0x00003555   Thumb Code    32  mb.o(i.eMBEnable)
    eMBFuncReadHoldingRegister               0x0000357d   Thumb Code   140  mbfuncholding.o(i.eMBFuncReadHoldingRegister)
    eMBFuncReadWriteMultipleHoldingRegister  0x00003609   Thumb Code   212  mbfuncholding.o(i.eMBFuncReadWriteMultipleHoldingRegister)
    eMBFuncReportSlaveID                     0x000036dd   Thumb Code    30  mbfuncother.o(i.eMBFuncReportSlaveID)
    eMBFuncWriteHoldingRegister              0x00003705   Thumb Code    66  mbfuncholding.o(i.eMBFuncWriteHoldingRegister)
    eMBInit                                  0x00003749   Thumb Code   150  mb.o(i.eMBInit)
    eMBPoll                                  0x00003829   Thumb Code   438  mb.o(i.eMBPoll)
    eMBRTUInit                               0x00003a09   Thumb Code    84  mbrtu.o(i.eMBRTUInit)
    eMBRTUReceive                            0x00003a61   Thumb Code   100  mbrtu.o(i.eMBRTUReceive)
    eMBRTUSend                               0x00003acd   Thumb Code   124  mbrtu.o(i.eMBRTUSend)
    eMBRTUStart                              0x00003b5d   Thumb Code    30  mbrtu.o(i.eMBRTUStart)
    eMBRTUStop                               0x00003b81   Thumb Code    24  mbrtu.o(i.eMBRTUStop)
    eMBRegHoldingCB                          0x00003b99   Thumb Code   188  user_mb_app.o(i.eMBRegHoldingCB)
    fputc                                    0x00003c65   Thumb Code    16  retarget.o(i.fputc)
    main                                     0x00003c75   Thumb Code    78  main.o(i.main)
    peBTFrameSendCur                         0x00003cd1   Thumb Code   182  mbrtu.o(i.peBTFrameSendCur)
    print                                    0x00003d9d   Thumb Code    22  ds12864.o(i.print)
    prveMBError2Exception                    0x00003db3   Thumb Code    34  mbutils.o(i.prveMBError2Exception)
    ucMBMasterGetDestAddress                 0x00003ead   Thumb Code     4  user_mb_app.o(i.ucMBMasterGetDestAddress)
    usMBCRC16                                0x00003eb1   Thumb Code    48  mbcrc.o(i.usMBCRC16)
    vMBPortSerialEnable                      0x00003ee9   Thumb Code    62  portserial.o(i.vMBPortSerialEnable)
    vMBPortTimersDisable                     0x00003f31   Thumb Code    26  porttimer.o(i.vMBPortTimersDisable)
    vMBPortTimersEnable                      0x00003f59   Thumb Code    66  porttimer.o(i.vMBPortTimersEnable)
    xMBMasterGetCBRunInMasterMode            0x00003fa9   Thumb Code     4  user_mb_app.o(i.xMBMasterGetCBRunInMasterMode)
    xMBPortEventGet                          0x00003fad   Thumb Code    26  portevent.o(i.xMBPortEventGet)
    xMBPortEventInit                         0x00003fd1   Thumb Code    10  portevent.o(i.xMBPortEventInit)
    xMBPortEventPost                         0x00003fe1   Thumb Code    16  portevent.o(i.xMBPortEventPost)
    xMBPortSerialGetByte                     0x00003ff9   Thumb Code    12  portserial.o(i.xMBPortSerialGetByte)
    xMBPortSerialInit                        0x00004009   Thumb Code   160  portserial.o(i.xMBPortSerialInit)
    xMBPortSerialPutByte                     0x000040bd   Thumb Code    10  portserial.o(i.xMBPortSerialPutByte)
    xMBPortTimersInit                        0x000040cd   Thumb Code    84  porttimer.o(i.xMBPortTimersInit)
    xMBRTUReceiveFSM                         0x0000412d   Thumb Code   122  mbrtu.o(i.xMBRTUReceiveFSM)
    xMBRTUTimerT35Expired                    0x000041b5   Thumb Code    60  mbrtu.o(i.xMBRTUTimerT35Expired)
    xMBRTUTransmitFSM                        0x000041f5   Thumb Code    94  mbrtu.o(i.xMBRTUTransmitFSM)
    Region$$Table$$Base                      0x000044a0   Number         0  anon$$obj.o(Region$$Table)
    Region$$Table$$Limit                     0x000044c0   Number         0  anon$$obj.o(Region$$Table)
    LocalTime                                0x20000004   Data           4  main.o(.data)
    Mbtick                                   0x20000008   Data           4  main.o(.data)
    a                                        0x20000010   Data           8  ds12864.o(.data)
    __stdout                                 0x2000007c   Data           4  retarget.o(.data)
    __stdin                                  0x20000080   Data           4  retarget.o(.data)
    SystemCoreClock                          0x20000088   Data           4  system_nuc472_442.o(.data)
    CyclesPerUs                              0x2000008c   Data           4  system_nuc472_442.o(.data)
    gau32ClkSrcTbl                           0x20000090   Data          32  system_nuc472_442.o(.data)
    DummyRd                                  0x200000b4   Data           1  ade7878_spi.o(.data)
    IRQStautsRead0                           0x200000bc   Data           4  ad7878_measure.o(.data)
    IRQStautsRead1                           0x200000c0   Data           4  ad7878_measure.o(.data)
    IRQFlag                                  0x200000c4   Data           1  ad7878_measure.o(.data)
    IRMSIndex                                0x200000c5   Data           1  ad7878_measure.o(.data)
    VRMSIndex                                0x200000c6   Data           1  ad7878_measure.o(.data)
    PhaseAEnergy                             0x200000c8   Data           4  ad7878_measure.o(.data)
    PhaseAIRMS                               0x200000cc   Data           4  ad7878_measure.o(.data)
    PhaseAVRMS                               0x200000d0   Data           4  ad7878_measure.o(.data)
    PhaseAPeroid                             0x200000d4   Data           4  ad7878_measure.o(.data)
    PhaseAAngle                              0x200000d8   Data           4  ad7878_measure.o(.data)
    DisplayTrm                               0x200000e0   Data           4  ad7878_measure.o(.data)
    Timehandel                               0x200000ec   Data           1  porttimer.o(.data)
    timecut                                  0x200000f0   Data           4  porttimer.o(.data)
    usSDiscInStart                           0x200000f6   Data           2  user_mb_app.o(.data)
    usSCoilStart                             0x200000f8   Data           2  user_mb_app.o(.data)
    usSRegInStart                            0x200000fa   Data           2  user_mb_app.o(.data)
    usSRegHoldStart                          0x200000fc   Data           2  user_mb_app.o(.data)
    usMDiscInStart                           0x200000fe   Data           2  user_mb_app.o(.data)
    usMCoilStart                             0x20000100   Data           2  user_mb_app.o(.data)
    usMRegInStart                            0x20000102   Data           2  user_mb_app.o(.data)
    usMRegHoldStart                          0x20000104   Data           2  user_mb_app.o(.data)
    ucSDiscInBuf                             0x20000106   Data           2  user_mb_app.o(.data)
    ucSCoilBuf                               0x20000108   Data           8  user_mb_app.o(.data)
    pxMBFrameCBByteReceived                  0x200001cc   Data           4  mb.o(.data)
    pxMBFrameCBTransmitterEmpty              0x200001d0   Data           4  mb.o(.data)
    pxMBPortCBTimerExpired                   0x200001d4   Data           4  mb.o(.data)
    pxMBFrameCBReceiveFSMCur                 0x200001d8   Data           4  mb.o(.data)
    pxMBFrameCBTransmitFSMCur                0x200001dc   Data           4  mb.o(.data)
    EEFS_FileDescriptorsInUse                0x200001e0   Data           4  eefs_fileapi.o(.data)
    EEFS_FileDescriptorsHighWaterMark        0x200001e4   Data           4  eefs_fileapi.o(.data)
    eefs_mountpoint                          0x200001e8   Data          64  eepromapp.o(.data)
    usSRegInBuf                              0x20000228   Data         200  user_mb_app.o(.bss)
    usSRegHoldBuf                            0x200002f0   Data         200  user_mb_app.o(.bss)
    ucMDiscInBuf                             0x200003b8   Data          32  user_mb_app.o(.bss)
    ucMCoilBuf                               0x200003d8   Data         128  user_mb_app.o(.bss)
    usMRegInBuf                              0x20000458   Data        3200  user_mb_app.o(.bss)
    usMRegHoldBuf                            0x200010d8   Data        3200  user_mb_app.o(.bss)
    ucRTUBuf                                 0x20001d58   Data         256  mbrtu.o(.bss)
    EEFS_FileDescriptorTable                 0x20001e78   Data         720  eefs_fileapi.o(.bss)
    EEFS_DirectoryDescriptor                 0x20002148   Data          12  eefs_fileapi.o(.bss)
    EEFS_DirectoryEntry                      0x20002154   Data          56  eefs_fileapi.o(.bss)
    EEFS_DeviceTable                         0x2000218c   Data        1104  eefs_filesys.o(.bss)
    EEFS_VolumeTable                         0x200025dc   Data          72  eefs_filesys.o(.bss)
    EepromOptions                            0x20002624   Data         280  eepromapp.o(.bss)
    eefs_filename                            0x2000273c   Data         128  eepromapp.o(.bss)
    Dataimage                                0x200027bc   Data        1024  eepromapp.o(.bss)
    __initial_sp                             0x200033c0   Data           0  startup_nuc472_442.o(STACK)



==============================================================================

Memory Map of the image

  Image Entry point : 0x00000279

  Load Region LR_IROM1 (Base: 0x00000000, Size: 0x000046e8, Max: 0x00080000, ABSOLUTE, COMPRESSED[0x0000453c])

    Execution Region ER_IROM1 (Base: 0x00000000, Size: 0x000044c0, Max: 0x00080000, ABSOLUTE)

    Base Addr    Size         Type   Attr      Idx    E Section Name        Object

    0x00000000   0x00000278   Data   RO         3000    RESET               startup_nuc472_442.o
    0x00000278   0x00000000   Code   RO         4205  * .ARM.Collect$$$$00000000  mc_w.l(entry.o)(mc_w.l)
    0x00000278   0x00000004   Code   RO         4519    .ARM.Collect$$$$00000001  mc_w.l(entry2.o)(mc_w.l)
    0x0000027c   0x00000004   Code   RO         4522    .ARM.Collect$$$$00000004  mc_w.l(entry5.o)(mc_w.l)
    0x00000280   0x00000008   Code   RO         4523    .ARM.Collect$$$$00000007  mc_w.l(entry7.o)(mc_w.l)
    0x00000288   0x00000004   Code   RO         4520    .ARM.Collect$$$$00002712  mc_w.l(entry2.o)(mc_w.l)
    0x0000028c   0x0000001c   Code   RO         2032    .emb_text           retarget.o
    0x000002a8   0x0000004c   Code   RO         3001    .text               startup_nuc472_442.o
    0x000002f4   0x00000066   Code   RO         4208    .text               mc_w.l(uldiv.o)(mc_w.l)
    0x0000035a   0x00000020   Code   RO         4210    .text               mc_w.l(llushr.o)(mc_w.l)
    0x0000037a   0x00000024   Code   RO         4212    .text               mc_w.l(memcpya.o)(mc_w.l)
    0x0000039e   0x00000026   Code   RO         4214    .text               mc_w.l(memseta.o)(mc_w.l)
    0x000003c4   0x0000001c   Code   RO         4216    .text               mc_w.l(strcat.o)(mc_w.l)
    0x000003e0   0x00000018   Code   RO         4218    .text               mc_w.l(strncpy.o)(mc_w.l)
    0x000003f8   0x00000010   Code   RO         4220    .text               mc_w.l(strlen.o)(mc_w.l)
    0x00000408   0x00000012   Code   RO         4224    .text               mc_w.l(strcpy.o)(mc_w.l)
    0x0000041a   0x0000001e   Code   RO         4226    .text               mc_w.l(strncmp.o)(mc_w.l)
    0x00000438   0x0000014a   Code   RO         4491    .text               mf_w.l(dadd.o)(mf_w.l)
    0x00000582   0x000000e2   Code   RO         4493    .text               mf_w.l(dmul.o)(mf_w.l)
    0x00000664   0x000000de   Code   RO         4495    .text               mf_w.l(ddiv.o)(mf_w.l)
    0x00000742   0x0000002c   Code   RO         4501    .text               mf_w.l(f2d.o)(mf_w.l)
    0x0000076e   0x0000002c   Code   RO         4524    .text               mc_w.l(uidiv.o)(mc_w.l)
    0x0000079a   0x0000001e   Code   RO         4526    .text               mc_w.l(llshl.o)(mc_w.l)
    0x000007b8   0x00000024   Code   RO         4528    .text               mc_w.l(llsshr.o)(mc_w.l)
    0x000007dc   0x00000000   Code   RO         4537    .text               mc_w.l(iusefp.o)(mc_w.l)
    0x000007dc   0x000000c2   Code   RO         4540    .text               mf_w.l(depilogue.o)(mf_w.l)
    0x0000089e   0x00000030   Code   RO         4544    .text               mf_w.l(dfixul.o)(mf_w.l)
    0x000008ce   0x00000002   PAD
    0x000008d0   0x00000028   Code   RO         4546    .text               mf_w.l(cdrcmple.o)(mf_w.l)
    0x000008f8   0x00000024   Code   RO         4560    .text               mc_w.l(init.o)(mc_w.l)
    0x0000091c   0x0000005c   Code   RO         4574    .text               mc_w.l(__dczerorl2.o)(mc_w.l)
    0x00000978   0x00000334   Code   RO         3076    i.ADE7878Cfg        ade7878.o
    0x00000cac   0x0000003c   Code   RO         3077    i.ADE7878PSM0       ade7878.o
    0x00000ce8   0x0000006c   Code   RO         3078    i.ADE7878Reset      ade7878.o
    0x00000d54   0x00000060   Code   RO         3079    i.ADE7878SPICfg     ade7878.o
    0x00000db4   0x00000058   Code   RO         3152    i.ADE7878_main      ad7878_measure.o
    0x00000e0c   0x00000028   Code   RO          815    i.CLK_EnableModuleClock  clk.o
    0x00000e34   0x00000018   Code   RO          817    i.CLK_EnableXtalRC  clk.o
    0x00000e4c   0x00000010   Code   RO          819    i.CLK_GetHCLKFreq   clk.o
    0x00000e5c   0x0000006c   Code   RO          823    i.CLK_GetPLLClockFreq  clk.o
    0x00000ec8   0x00000038   Code   RO          827    i.CLK_SetHCLK       clk.o
    0x00000f00   0x00000064   Code   RO          828    i.CLK_SetModuleClock  clk.o
    0x00000f64   0x00000028   Code   RO          831    i.CLK_WaitClockReady  clk.o
    0x00000f8c   0x0000006c   Code   RO          227    i.ConfigHWSpiport   config.o
    0x00000ff8   0x0000001c   Code   RO          228    i.ConfigHWled       config.o
    0x00001014   0x0000006c   Code   RO         3119    i.Config_ADE7878_IRQ  ade7878_int.o
    0x00001080   0x00000018   Code   RO         3007    i.Delay             ade7878_spi.o
    0x00001098   0x00000024   Code   RO          271    i.Delay_nms         ds12864.o
    0x000010bc   0x0000004c   Code   RO          272    i.Display_Task      ds12864.o
    0x00001108   0x00000018   Code   RO         3994    i.EEFS_Close        eefs_filesys.o
    0x00001120   0x0000005a   Code   RO         3996    i.EEFS_Creat        eefs_filesys.o
    0x0000117a   0x00000002   PAD
    0x0000117c   0x00000054   Code   RO         3997    i.EEFS_FindDevice   eefs_filesys.o
    0x000011d0   0x00000048   Code   RO         3998    i.EEFS_FindVolume   eefs_filesys.o
    0x00001218   0x0000001a   Code   RO         3999    i.EEFS_FreeDevice   eefs_filesys.o
    0x00001232   0x00000002   PAD
    0x00001234   0x00000044   Code   RO         4001    i.EEFS_GetDevice    eefs_filesys.o
    0x00001278   0x00000038   Code   RO         4002    i.EEFS_GetVolume    eefs_filesys.o
    0x000012b0   0x000000bc   Code   RO         4003    i.EEFS_InitFS       eefs_filesys.o
    0x0000136c   0x00000178   Code   RO         3741    i.EEFS_LibClose     eefs_fileapi.o
    0x000014e4   0x00000052   Code   RO         3743    i.EEFS_LibCreat     eefs_fileapi.o
    0x00001536   0x00000002   PAD
    0x00001538   0x00000134   Code   RO         3744    i.EEFS_LibCreatFile  eefs_fileapi.o
    0x0000166c   0x00000042   Code   RO         3746    i.EEFS_LibFindFile  eefs_fileapi.o
    0x000016ae   0x00000002   PAD
    0x000016b0   0x00000050   Code   RO         3747    i.EEFS_LibFmode     eefs_fileapi.o
    0x00001700   0x0000003c   Code   RO         3749    i.EEFS_LibFreeFileDescriptor  eefs_fileapi.o
    0x0000173c   0x00000058   Code   RO         3751    i.EEFS_LibGetFileDescriptor  eefs_fileapi.o
    0x00001794   0x00000044   Code   RO         3756    i.EEFS_LibHasOpenCreat  eefs_fileapi.o
    0x000017d8   0x00000094   Code   RO         3760    i.EEFS_LibInitFS    eefs_fileapi.o
    0x0000186c   0x00000024   Code   RO         3761    i.EEFS_LibIsValidFileDescriptor  eefs_fileapi.o
    0x00001890   0x00000020   Code   RO         3762    i.EEFS_LibIsValidFilename  eefs_fileapi.o
    0x000018b0   0x0000005e   Code   RO         3764    i.EEFS_LibOpen      eefs_fileapi.o
    0x0000190e   0x00000002   PAD
    0x00001910   0x0000014c   Code   RO         3766    i.EEFS_LibOpenFile  eefs_fileapi.o
    0x00001a5c   0x000000cc   Code   RO         3768    i.EEFS_LibRead      eefs_fileapi.o
    0x00001b28   0x000000fc   Code   RO         3774    i.EEFS_LibWrite     eefs_fileapi.o
    0x00001c24   0x00000082   Code   RO         4005    i.EEFS_Mount        eefs_filesys.o
    0x00001ca6   0x0000005c   Code   RO         4006    i.EEFS_Open         eefs_filesys.o
    0x00001d02   0x00000026   Code   RO         4008    i.EEFS_Read         eefs_filesys.o
    0x00001d28   0x00000082   Code   RO         4013    i.EEFS_SplitPath    eefs_filesys.o
    0x00001daa   0x00000026   Code   RO         4016    i.EEFS_Write        eefs_filesys.o
    0x00001dd0   0x00000004   Code   RO         3181    i.EnterCriticalSection  port.o
    0x00001dd4   0x00000004   Code   RO         3182    i.ExitCriticalSection  port.o
    0x00001dd8   0x0000004c   Code   RO         3120    i.GPB_IRQHandler    ade7878_int.o
    0x00001e24   0x0000001a   Code   RO         1461    i.GPIO_EnableInt    gpio.o
    0x00001e3e   0x0000002c   Code   RO         1462    i.GPIO_SetMode      gpio.o
    0x00001e6a   0x00000002   PAD
    0x00001e6c   0x0000002c   Code   RO         2034    i.Hard_Fault_Handler  retarget.o
    0x00001e98   0x0000001c   Code   RO          273    i.Init12864         ds12864.o
    0x00001eb4   0x00000044   Code   RO          275    i.LCD_Setaddress    ds12864.o
    0x00001ef8   0x0000002c   Code   RO          279    i.LCD_init          ds12864.o
    0x00001f24   0x00000044   Code   RO          280    i.LCD_sendbyte      ds12864.o
    0x00001f68   0x00000024   Code   RO          281    i.LCD_write_com     ds12864.o
    0x00001f8c   0x00000024   Code   RO          283    i.LCD_write_dat     ds12864.o
    0x00001fb0   0x00000018   Code   RO         3303    i.NVIC_EnableIRQ    porttimer.o
    0x00001fc8   0x00000028   Code   RO         3304    i.NVIC_SetPriority  porttimer.o
    0x00001ff0   0x000001fc   Code   RO         3153    i.PowerMeasurment   ad7878_measure.o
    0x000021ec   0x0000001c   Code   RO         4175    i.Read_EEPROM       eeprom.o
    0x00002208   0x00000014   Code   RO         3008    i.SPIDelay          ade7878_spi.o
    0x0000221c   0x0000008c   Code   RO         3010    i.SPIRead2Bytes     ade7878_spi.o
    0x000022a8   0x0000009c   Code   RO         3011    i.SPIRead4Bytes     ade7878_spi.o
    0x00002344   0x0000004c   Code   RO         3012    i.SPIWrite1Byte     ade7878_spi.o
    0x00002390   0x00000058   Code   RO         3013    i.SPIWrite2Bytes    ade7878_spi.o
    0x000023e8   0x00000068   Code   RO         3014    i.SPIWrite4Bytes    ade7878_spi.o
    0x00002450   0x0000000a   Code   RO         2512    i.SPI_ClearRxFIFO   spi.o
    0x0000245a   0x0000000a   Code   RO         2515    i.SPI_DisableAutoSS  spi.o
    0x00002464   0x00000058   Code   RO         2520    i.SPI_Open          spi.o
    0x000024bc   0x00000018   Code   RO          229    i.SYS_Config        config.o
    0x000024d4   0x00000054   Code   RO            3    i.SYS_Init          main.o
    0x00002528   0x0000002c   Code   RO         2605    i.SYS_UnlockReg     sys.o
    0x00002554   0x0000000c   Code   RO         2036    i.SendChar          retarget.o
    0x00002560   0x0000002c   Code   RO         2037    i.SendChar_ToUART   retarget.o
    0x0000258c   0x00000044   Code   RO            4    i.SetSysTick        main.o
    0x000025d0   0x00000040   Code   RO          284    i.Set_Irms2Display  ds12864.o
    0x00002610   0x00000040   Code   RO          285    i.Set_Vrms2Display  ds12864.o
    0x00002650   0x00000040   Code   RO          286    i.Set_Watt2Display  ds12864.o
    0x00002690   0x00000040   Code   RO          287    i.Set_Watthr2Display  ds12864.o
    0x000026d0   0x00000018   Code   RO            6    i.SysTick_Handler   main.o
    0x000026e8   0x0000005c   Code   RO         2967    i.SystemCoreClockUpdate  system_nuc472_442.o
    0x00002744   0x00000018   Code   RO         2968    i.SystemInit        system_nuc472_442.o
    0x0000275c   0x00000008   Code   RO         2682    i.TIMER_Close       timer.o
    0x00002764   0x0000000a   Code   RO         3305    i.TIMER_EnableInt   porttimer.o
    0x0000276e   0x00000002   PAD
    0x00002770   0x00000088   Code   RO         2688    i.TIMER_GetModuleClock  timer.o
    0x000027f8   0x00000062   Code   RO         2689    i.TIMER_Open        timer.o
    0x0000285a   0x0000000a   Code   RO         3306    i.TIMER_Stop        porttimer.o
    0x00002864   0x0000004c   Code   RO         3307    i.TMR0_IRQHandler   porttimer.o
    0x000028b0   0x000001e0   Code   RO         4144    i.TestEEPROM_Filesystem  eepromapp.o
    0x00002a90   0x00000024   Code   RO         3237    i.UART3_IRQHandler  portserial.o
    0x00002ab4   0x0000000a   Code   RO         2749    i.UART_DisableFlowCtrl  uart.o
    0x00002abe   0x00000008   Code   RO         2750    i.UART_DisableInt   uart.o
    0x00002ac6   0x00000008   Code   RO         2752    i.UART_EnableInt    uart.o
    0x00002ace   0x00000002   PAD
    0x00002ad0   0x00000080   Code   RO         2753    i.UART_Open         uart.o
    0x00002b50   0x00000020   Code   RO         2759    i.UART_Write        uart.o
    0x00002b70   0x00000088   Code   RO          201    i.Usart_Init        usart.o
    0x00002bf8   0x0000001c   Code   RO         4176    i.Write_EEPROM      eeprom.o
    0x00002c14   0x00000020   Code   RO         4463    i.__0printf         mc_w.l(printfa.o)(mc_w.l)
    0x00002c34   0x00000028   Code   RO         4465    i.__0sprintf        mc_w.l(printfa.o)(mc_w.l)
    0x00002c5c   0x0000000e   Code   RO         4568    i.__scatterload_copy  mc_w.l(handlers.o)(mc_w.l)
    0x00002c6a   0x00000002   Code   RO         4569    i.__scatterload_null  mc_w.l(handlers.o)(mc_w.l)
    0x00002c6c   0x0000000e   Code   RO         4570    i.__scatterload_zeroinit  mc_w.l(handlers.o)(mc_w.l)
    0x00002c7a   0x00000002   PAD
    0x00002c7c   0x00000154   Code   RO         4470    i._fp_digits        mc_w.l(printfa.o)(mc_w.l)
    0x00002dd0   0x000006d4   Code   RO         4471    i._printf_core      mc_w.l(printfa.o)(mc_w.l)
    0x000034a4   0x00000026   Code   RO         4472    i._printf_post_padding  mc_w.l(printfa.o)(mc_w.l)
    0x000034ca   0x0000002e   Code   RO         4473    i._printf_pre_padding  mc_w.l(printfa.o)(mc_w.l)
    0x000034f8   0x0000000a   Code   RO         4475    i._sputc            mc_w.l(printfa.o)(mc_w.l)
    0x00003502   0x00000050   Code   RO         3659    i.eBTFuncReadHoldingRegister  btfunc.o
    0x00003552   0x00000002   PAD
    0x00003554   0x00000028   Code   RO         3690    i.eMBEnable         mb.o
    0x0000357c   0x0000008c   Code   RO         3560    i.eMBFuncReadHoldingRegister  mbfuncholding.o
    0x00003608   0x000000d4   Code   RO         3561    i.eMBFuncReadWriteMultipleHoldingRegister  mbfuncholding.o
    0x000036dc   0x00000028   Code   RO         3592    i.eMBFuncReportSlaveID  mbfuncother.o
    0x00003704   0x00000042   Code   RO         3562    i.eMBFuncWriteHoldingRegister  mbfuncholding.o
    0x00003746   0x00000002   PAD
    0x00003748   0x000000e0   Code   RO         3691    i.eMBInit           mb.o
    0x00003828   0x000001e0   Code   RO         3692    i.eMBPoll           mb.o
    0x00003a08   0x00000058   Code   RO         3434    i.eMBRTUInit        mbrtu.o
    0x00003a60   0x0000006c   Code   RO         3435    i.eMBRTUReceive     mbrtu.o
    0x00003acc   0x00000090   Code   RO         3436    i.eMBRTUSend        mbrtu.o
    0x00003b5c   0x00000024   Code   RO         3437    i.eMBRTUStart       mbrtu.o
    0x00003b80   0x00000018   Code   RO         3438    i.eMBRTUStop        mbrtu.o
    0x00003b98   0x000000cc   Code   RO         3376    i.eMBRegHoldingCB   user_mb_app.o
    0x00003c64   0x00000010   Code   RO         2041    i.fputc             retarget.o
    0x00003c74   0x0000005c   Code   RO            8    i.main              main.o
    0x00003cd0   0x000000cc   Code   RO         3439    i.peBTFrameSendCur  mbrtu.o
    0x00003d9c   0x00000016   Code   RO          289    i.print             ds12864.o
    0x00003db2   0x00000022   Code   RO         3625    i.prveMBError2Exception  mbutils.o
    0x00003dd4   0x00000010   Code   RO         3308    i.prvvTIMERExpiredISR  porttimer.o
    0x00003de4   0x00000010   Code   RO         3238    i.prvvUARTRxISR     portserial.o
    0x00003df4   0x00000010   Code   RO         3239    i.prvvUARTTxReadyISR  portserial.o
    0x00003e04   0x000000a8   Code   RO         2043    i.stackDump         retarget.o
    0x00003eac   0x00000004   Code   RO         3378    i.ucMBMasterGetDestAddress  user_mb_app.o
    0x00003eb0   0x00000038   Code   RO         3516    i.usMBCRC16         mbcrc.o
    0x00003ee8   0x00000048   Code   RO         3241    i.vMBPortSerialEnable  portserial.o
    0x00003f30   0x00000028   Code   RO         3309    i.vMBPortTimersDisable  porttimer.o
    0x00003f58   0x00000050   Code   RO         3310    i.vMBPortTimersEnable  porttimer.o
    0x00003fa8   0x00000004   Code   RO         3379    i.xMBMasterGetCBRunInMasterMode  user_mb_app.o
    0x00003fac   0x00000024   Code   RO         3202    i.xMBPortEventGet   portevent.o
    0x00003fd0   0x00000010   Code   RO         3203    i.xMBPortEventInit  portevent.o
    0x00003fe0   0x00000018   Code   RO         3204    i.xMBPortEventPost  portevent.o
    0x00003ff8   0x00000010   Code   RO         3242    i.xMBPortSerialGetByte  portserial.o
    0x00004008   0x000000b4   Code   RO         3243    i.xMBPortSerialInit  portserial.o
    0x000040bc   0x00000010   Code   RO         3244    i.xMBPortSerialPutByte  portserial.o
    0x000040cc   0x00000060   Code   RO         3311    i.xMBPortTimersInit  porttimer.o
    0x0000412c   0x00000088   Code   RO         3440    i.xMBRTUReceiveFSM  mbrtu.o
    0x000041b4   0x00000040   Code   RO         3441    i.xMBRTUTimerT35Expired  mbrtu.o
    0x000041f4   0x0000006c   Code   RO         3442    i.xMBRTUTransmitFSM  mbrtu.o
    0x00004260   0x00000020   Data   RO         2690    .constdata          timer.o
    0x00004280   0x00000020   Data   RO         2760    .constdata          uart.o
    0x000042a0   0x00000200   Data   RO         3517    .constdata          mbcrc.o
    0x000044a0   0x00000020   Data   RO         4566    Region$$Table       anon$$obj.o


    Execution Region RW_IRAM1 (Base: 0x20000000, Size: 0x000033c0, Max: 0x00010000, ABSOLUTE, COMPRESSED[0x0000007c])

    Base Addr    Size         Type   Attr      Idx    E Section Name        Object

    0x20000000   0x0000000c   Data   RW            9    .data               main.o
    0x2000000c   0x0000006c   Data   RW          292    .data               ds12864.o
    0x20000078   0x0000000c   Data   RW         2044    .data               retarget.o
    0x20000084   0x0000002c   Data   RW         2969    .data               system_nuc472_442.o
    0x200000b0   0x00000005   Data   RW         3015    .data               ade7878_spi.o
    0x200000b5   0x00000003   PAD
    0x200000b8   0x0000002c   Data   RW         3155    .data               ad7878_measure.o
    0x200000e4   0x00000002   Data   RW         3205    .data               portevent.o
    0x200000e6   0x00000002   PAD
    0x200000e8   0x0000000e   Data   RW         3312    .data               porttimer.o
    0x200000f6   0x0000001a   Data   RW         3381    .data               user_mb_app.o
    0x20000110   0x00000010   Data   RW         3444    .data               mbrtu.o
    0x20000120   0x00000006   Data   RW         3595    .data               mbfuncother.o
    0x20000126   0x00000002   PAD
    0x20000128   0x000000b8   Data   RW         3694    .data               mb.o
    0x200001e0   0x00000008   Data   RW         3776    .data               eefs_fileapi.o
    0x200001e8   0x00000040   Data   RW         4146    .data               eepromapp.o
    0x20000228   0x00001b30   Zero   RW         3380    .bss                user_mb_app.o
    0x20001d58   0x00000100   Zero   RW         3443    .bss                mbrtu.o
    0x20001e58   0x00000020   Zero   RW         3594    .bss                mbfuncother.o
    0x20001e78   0x00000314   Zero   RW         3775    .bss                eefs_fileapi.o
    0x2000218c   0x00000498   Zero   RW         4017    .bss                eefs_filesys.o
    0x20002624   0x00000598   Zero   RW         4145    .bss                eepromapp.o
    0x20002bbc   0x00000004   PAD
    0x20002bc0   0x00000800   Zero   RW         2998    STACK               startup_nuc472_442.o


==============================================================================

Image component sizes


      Code (inc. data)   RO Data    RW Data    ZI Data      Debug   Object Name

         0          0          0          0          0          0   acmp.o
       596         38          0         44          0          0   ad7878_measure.o
      1084         62          0          0          0          0   ade7878.o
       184         18          0          0          0          0   ade7878_int.o
       608         66          0          5          0          0   ade7878_spi.o
        80          0          0          0          0          0   btfunc.o
       384         44          0          0          0          0   clk.o
       160         26          0          0          0          0   config.o
       670        108          0        108          0          0   ds12864.o
      2226         70          0          8        788          0   eefs_fileapi.o
      1036         24          0          0       1176          0   eefs_filesys.o
        56         12          0          0          0          0   eeprom.o
       480        240          0         64       1432          0   eepromapp.o
        70          0          0          0          0          0   gpio.o
       268         38          0         12          0          0   main.o
       744        130          0        184          0          0   mb.o
        56          8        512          0          0          0   mbcrc.o
       418          0          0          0          0          0   mbfuncholding.o
        40         10          0          6         32          0   mbfuncother.o
       912         92          0         16        256          0   mbrtu.o
        34          0          0          0          0          0   mbutils.o
         8          0          0          0          0          0   port.o
        76         24          0          2          0          0   portevent.o
       352         58          0          0          0          0   portserial.o
       392         70          0         14          0          0   porttimer.o
       312        132          0         12          0          0   retarget.o
       108          0          0          0          0          0   spi.o
        76         16        632          0       2048          0   startup_nuc472_442.o
        44          6          0          0          0          0   sys.o
       116         28          0         44          0          0   system_nuc472_442.o
       242         24         32          0          0          0   timer.o
       186         10         32          0          0          0   uart.o
       136         38          0          0          0          0   usart.o
       212         16          0         26       6960          0   user_mb_app.o

    ----------------------------------------------------------------------
     12386       1408       1240        552      12696          0   Object Totals
         0          0         32          0          0          0   (incl. Generated)
        20          0          0          7          4          1   (incl. Padding)

    ----------------------------------------------------------------------

      Code (inc. data)   RO Data    RW Data    ZI Data      Debug   Library Member Name

        92          0          0          0          0          0   __dczerorl2.o
         0          0          0          0          0          0   entry.o
         8          4          0          0          0          0   entry2.o
         4          0          0          0          0          0   entry5.o
         8          4          0          0          0          0   entry7.o
        30          0          0          0          0          0   handlers.o
        36          8          0          0          0          0   init.o
         0          0          0          0          0          0   iusefp.o
        30          0          0          0          0          0   llshl.o
        36          0          0          0          0          0   llsshr.o
        32          0          0          0          0          0   llushr.o
        36          0          0          0          0          0   memcpya.o
        38          0          0          0          0          0   memseta.o
      2254         98          0          0          0          0   printfa.o
        28          0          0          0          0          0   strcat.o
        18          0          0          0          0          0   strcpy.o
        16          0          0          0          0          0   strlen.o
        30          0          0          0          0          0   strncmp.o
        24          0          0          0          0          0   strncpy.o
        44          0          0          0          0          0   uidiv.o
       102          0          0          0          0          0   uldiv.o
        40          2          0          0          0          0   cdrcmple.o
       330          0          0          0          0          0   dadd.o
       222          0          0          0          0          0   ddiv.o
       194          0          0          0          0          0   depilogue.o
        48          0          0          0          0          0   dfixul.o
       226          0          0          0          0          0   dmul.o
        44          0          0          0          0          0   f2d.o

    ----------------------------------------------------------------------
      3974        116          0          0          0          0   Library Totals
         4          0          0          0          0          0   (incl. Padding)

    ----------------------------------------------------------------------

      Code (inc. data)   RO Data    RW Data    ZI Data      Debug   Library Name

      2866        114          0          0          0       1592   mc_w.l
      1104          2          0          0          0        732   mf_w.l

    ----------------------------------------------------------------------
      3974        116          0          0          0          0   Library Totals

    ----------------------------------------------------------------------

==============================================================================


      Code (inc. data)   RO Data    RW Data    ZI Data      Debug   

     16360       1524       1240        552      12696     846780   Grand Totals
     16360       1524       1240        124      12696     846780   ELF Image Totals (compressed)
     16360       1524       1240        124          0          0   ROM Totals

==============================================================================

    Total RO  Size (Code + RO Data)                17600 (  17.19kB)
    Total RW  Size (RW Data + ZI Data)             13248 (  12.94kB)
    Total ROM Size (Code + RO Data + RW Data)      17724 (  17.31kB)

==============================================================================

