ARM Linker, 4.1 [Build 481] [Standard]

==============================================================================

Small function inlining results

Inlined total of 0 calls.

==============================================================================

Section Cross References

    system_nuc472_442.o(.text) refers to clk.o(.text) for CLK_GetPLLClockFreq
    system_nuc472_442.o(.text) refers to system_nuc472_442.o(.data) for .data
    startup_nuc472_442.o(RESET) refers to startup_nuc472_442.o(STACK) for __initial_sp
    startup_nuc472_442.o(RESET) refers to startup_nuc472_442.o(.text) for Reset_Handler
    startup_nuc472_442.o(RESET) refers to retarget.o(.emb_text) for HardFault_Handler
    startup_nuc472_442.o(RESET) refers to main.o(.text) for UART1_IRQHandler
    startup_nuc472_442.o(.text) refers to system_nuc472_442.o(.text) for SystemInit
    startup_nuc472_442.o(.text) refers to entry.o(.ARM.Collect$$$$00000000) for __main
    main.o(.text) refers to sys.o(.text) for SYS_UnlockReg
    main.o(.text) refers to clk.o(.text) for CLK_WaitClockReady
    main.o(.text) refers to system_nuc472_442.o(.text) for SystemCoreClockUpdate
    main.o(.text) refers to uart.o(.text) for UART_Open
    main.o(.text) refers to printf5.o(i.__0printf$5) for __2printf
    main.o(.text) refers to main.o(.data) for .data
    main.o(.text) refers to system_nuc472_442.o(.data) for SystemCoreClock
    main.o(.text) refers to main.o(.bss) for .bss
    clk.o(.text) refers to system_nuc472_442.o(.text) for SystemCoreClockUpdate
    clk.o(.text) refers to system_nuc472_442.o(.data) for SystemCoreClock
    retarget.o(.emb_text) refers to retarget.o(.text) for Hard_Fault_Handler
    retarget.o(.text) refers to printf5.o(i.__0printf$5) for __2printf
    uart.o(.text) refers to clk.o(.text) for CLK_GetPLLClockFreq
    uart.o(.text) refers to uart.o(.constdata) for .constdata
    entry.o(.ARM.Collect$$$$00000000) refers (Special) to entry7.o(.ARM.Collect$$$$00000007) for _main_init
    entry.o(.ARM.Collect$$$$00000000) refers (Special) to entry5.o(.ARM.Collect$$$$00000004) for _main_scatterload
    entry.o(.ARM.Collect$$$$00000000) refers (Special) to entry2.o(.ARM.Collect$$$$00000001) for _main_stk
    printfb.o(i.__0fprintf$bare) refers to printfb.o(i._printf_core) for _printf_core
    printfb.o(i.__0fprintf$bare) refers to retarget.o(.text) for fputc
    printfb.o(i.__0printf$bare) refers to printfb.o(i._printf_core) for _printf_core
    printfb.o(i.__0printf$bare) refers to retarget.o(.text) for fputc
    printfb.o(i.__0printf$bare) refers to retarget.o(.data) for __stdout
    printfb.o(i.__0snprintf$bare) refers to printfb.o(i._printf_core) for _printf_core
    printfb.o(i.__0snprintf$bare) refers to printfb.o(i._snputc) for _snputc
    printfb.o(i.__0sprintf$bare) refers to printfb.o(i._printf_core) for _printf_core
    printfb.o(i.__0sprintf$bare) refers to printfb.o(i._sputc) for _sputc
    printfb.o(i.__0vfprintf$bare) refers to printfb.o(i._printf_core) for _printf_core
    printfb.o(i.__0vfprintf$bare) refers to retarget.o(.text) for fputc
    printfb.o(i.__0vprintf$bare) refers to printfb.o(i._printf_core) for _printf_core
    printfb.o(i.__0vprintf$bare) refers to retarget.o(.text) for fputc
    printfb.o(i.__0vprintf$bare) refers to retarget.o(.data) for __stdout
    printfb.o(i.__0vsnprintf$bare) refers to printfb.o(i._printf_core) for _printf_core
    printfb.o(i.__0vsnprintf$bare) refers to printfb.o(i._snputc) for _snputc
    printfb.o(i.__0vsprintf$bare) refers to printfb.o(i._printf_core) for _printf_core
    printfb.o(i.__0vsprintf$bare) refers to printfb.o(i._sputc) for _sputc
    printf0.o(i.__0fprintf$0) refers to printf0.o(i._printf_core) for _printf_core
    printf0.o(i.__0fprintf$0) refers to retarget.o(.text) for fputc
    printf0.o(i.__0printf$0) refers to printf0.o(i._printf_core) for _printf_core
    printf0.o(i.__0printf$0) refers to retarget.o(.text) for fputc
    printf0.o(i.__0printf$0) refers to retarget.o(.data) for __stdout
    printf0.o(i.__0snprintf$0) refers to printf0.o(i._printf_core) for _printf_core
    printf0.o(i.__0snprintf$0) refers to printf0.o(i._snputc) for _snputc
    printf0.o(i.__0sprintf$0) refers to printf0.o(i._printf_core) for _printf_core
    printf0.o(i.__0sprintf$0) refers to printf0.o(i._sputc) for _sputc
    printf0.o(i.__0vfprintf$0) refers to printf0.o(i._printf_core) for _printf_core
    printf0.o(i.__0vfprintf$0) refers to retarget.o(.text) for fputc
    printf0.o(i.__0vprintf$0) refers to printf0.o(i._printf_core) for _printf_core
    printf0.o(i.__0vprintf$0) refers to retarget.o(.text) for fputc
    printf0.o(i.__0vprintf$0) refers to retarget.o(.data) for __stdout
    printf0.o(i.__0vsnprintf$0) refers to printf0.o(i._printf_core) for _printf_core
    printf0.o(i.__0vsnprintf$0) refers to printf0.o(i._snputc) for _snputc
    printf0.o(i.__0vsprintf$0) refers to printf0.o(i._printf_core) for _printf_core
    printf0.o(i.__0vsprintf$0) refers to printf0.o(i._sputc) for _sputc
    printf1.o(i.__0fprintf$1) refers to printf1.o(i._printf_core) for _printf_core
    printf1.o(i.__0fprintf$1) refers to retarget.o(.text) for fputc
    printf1.o(i.__0printf$1) refers to printf1.o(i._printf_core) for _printf_core
    printf1.o(i.__0printf$1) refers to retarget.o(.text) for fputc
    printf1.o(i.__0printf$1) refers to retarget.o(.data) for __stdout
    printf1.o(i.__0snprintf$1) refers to printf1.o(i._printf_core) for _printf_core
    printf1.o(i.__0snprintf$1) refers to printf1.o(i._snputc) for _snputc
    printf1.o(i.__0sprintf$1) refers to printf1.o(i._printf_core) for _printf_core
    printf1.o(i.__0sprintf$1) refers to printf1.o(i._sputc) for _sputc
    printf1.o(i.__0vfprintf$1) refers to printf1.o(i._printf_core) for _printf_core
    printf1.o(i.__0vfprintf$1) refers to retarget.o(.text) for fputc
    printf1.o(i.__0vprintf$1) refers to printf1.o(i._printf_core) for _printf_core
    printf1.o(i.__0vprintf$1) refers to retarget.o(.text) for fputc
    printf1.o(i.__0vprintf$1) refers to retarget.o(.data) for __stdout
    printf1.o(i.__0vsnprintf$1) refers to printf1.o(i._printf_core) for _printf_core
    printf1.o(i.__0vsnprintf$1) refers to printf1.o(i._snputc) for _snputc
    printf1.o(i.__0vsprintf$1) refers to printf1.o(i._printf_core) for _printf_core
    printf1.o(i.__0vsprintf$1) refers to printf1.o(i._sputc) for _sputc
    printf1.o(i._printf_core) refers to uidiv.o(.text) for __aeabi_uidivmod
    printf2.o(i.__0fprintf$2) refers to printf2.o(i._printf_core) for _printf_core
    printf2.o(i.__0fprintf$2) refers to retarget.o(.text) for fputc
    printf2.o(i.__0printf$2) refers to printf2.o(i._printf_core) for _printf_core
    printf2.o(i.__0printf$2) refers to retarget.o(.text) for fputc
    printf2.o(i.__0printf$2) refers to retarget.o(.data) for __stdout
    printf2.o(i.__0snprintf$2) refers to printf2.o(i._printf_core) for _printf_core
    printf2.o(i.__0snprintf$2) refers to printf2.o(i._snputc) for _snputc
    printf2.o(i.__0sprintf$2) refers to printf2.o(i._printf_core) for _printf_core
    printf2.o(i.__0sprintf$2) refers to printf2.o(i._sputc) for _sputc
    printf2.o(i.__0vfprintf$2) refers to printf2.o(i._printf_core) for _printf_core
    printf2.o(i.__0vfprintf$2) refers to retarget.o(.text) for fputc
    printf2.o(i.__0vprintf$2) refers to printf2.o(i._printf_core) for _printf_core
    printf2.o(i.__0vprintf$2) refers to retarget.o(.text) for fputc
    printf2.o(i.__0vprintf$2) refers to retarget.o(.data) for __stdout
    printf2.o(i.__0vsnprintf$2) refers to printf2.o(i._printf_core) for _printf_core
    printf2.o(i.__0vsnprintf$2) refers to printf2.o(i._snputc) for _snputc
    printf2.o(i.__0vsprintf$2) refers to printf2.o(i._printf_core) for _printf_core
    printf2.o(i.__0vsprintf$2) refers to printf2.o(i._sputc) for _sputc
    printf3.o(i.__0fprintf$3) refers to printf3.o(i._printf_core) for _printf_core
    printf3.o(i.__0fprintf$3) refers to retarget.o(.text) for fputc
    printf3.o(i.__0printf$3) refers to printf3.o(i._printf_core) for _printf_core
    printf3.o(i.__0printf$3) refers to retarget.o(.text) for fputc
    printf3.o(i.__0printf$3) refers to retarget.o(.data) for __stdout
    printf3.o(i.__0snprintf$3) refers to printf3.o(i._printf_core) for _printf_core
    printf3.o(i.__0snprintf$3) refers to printf3.o(i._snputc) for _snputc
    printf3.o(i.__0sprintf$3) refers to printf3.o(i._printf_core) for _printf_core
    printf3.o(i.__0sprintf$3) refers to printf3.o(i._sputc) for _sputc
    printf3.o(i.__0vfprintf$3) refers to printf3.o(i._printf_core) for _printf_core
    printf3.o(i.__0vfprintf$3) refers to retarget.o(.text) for fputc
    printf3.o(i.__0vprintf$3) refers to printf3.o(i._printf_core) for _printf_core
    printf3.o(i.__0vprintf$3) refers to retarget.o(.text) for fputc
    printf3.o(i.__0vprintf$3) refers to retarget.o(.data) for __stdout
    printf3.o(i.__0vsnprintf$3) refers to printf3.o(i._printf_core) for _printf_core
    printf3.o(i.__0vsnprintf$3) refers to printf3.o(i._snputc) for _snputc
    printf3.o(i.__0vsprintf$3) refers to printf3.o(i._printf_core) for _printf_core
    printf3.o(i.__0vsprintf$3) refers to printf3.o(i._sputc) for _sputc
    printf3.o(i._printf_core) refers to uidiv.o(.text) for __aeabi_uidivmod
    printf4.o(i.__0fprintf$4) refers to printf4.o(i._printf_core) for _printf_core
    printf4.o(i.__0fprintf$4) refers to retarget.o(.text) for fputc
    printf4.o(i.__0printf$4) refers to printf4.o(i._printf_core) for _printf_core
    printf4.o(i.__0printf$4) refers to retarget.o(.text) for fputc
    printf4.o(i.__0printf$4) refers to retarget.o(.data) for __stdout
    printf4.o(i.__0snprintf$4) refers to printf4.o(i._printf_core) for _printf_core
    printf4.o(i.__0snprintf$4) refers to printf4.o(i._snputc) for _snputc
    printf4.o(i.__0sprintf$4) refers to printf4.o(i._printf_core) for _printf_core
    printf4.o(i.__0sprintf$4) refers to printf4.o(i._sputc) for _sputc
    printf4.o(i.__0vfprintf$4) refers to printf4.o(i._printf_core) for _printf_core
    printf4.o(i.__0vfprintf$4) refers to retarget.o(.text) for fputc
    printf4.o(i.__0vprintf$4) refers to printf4.o(i._printf_core) for _printf_core
    printf4.o(i.__0vprintf$4) refers to retarget.o(.text) for fputc
    printf4.o(i.__0vprintf$4) refers to retarget.o(.data) for __stdout
    printf4.o(i.__0vsnprintf$4) refers to printf4.o(i._printf_core) for _printf_core
    printf4.o(i.__0vsnprintf$4) refers to printf4.o(i._snputc) for _snputc
    printf4.o(i.__0vsprintf$4) refers to printf4.o(i._printf_core) for _printf_core
    printf4.o(i.__0vsprintf$4) refers to printf4.o(i._sputc) for _sputc
    printf4.o(i._printf_core) refers to uldiv.o(.text) for __aeabi_uldivmod
    printf5.o(i.__0fprintf$5) refers to printf5.o(i._printf_core) for _printf_core
    printf5.o(i.__0fprintf$5) refers to retarget.o(.text) for fputc
    printf5.o(i.__0printf$5) refers to printf5.o(i._printf_core) for _printf_core
    printf5.o(i.__0printf$5) refers to retarget.o(.text) for fputc
    printf5.o(i.__0printf$5) refers to retarget.o(.data) for __stdout
    printf5.o(i.__0snprintf$5) refers to printf5.o(i._printf_core) for _printf_core
    printf5.o(i.__0snprintf$5) refers to printf5.o(i._snputc) for _snputc
    printf5.o(i.__0sprintf$5) refers to printf5.o(i._printf_core) for _printf_core
    printf5.o(i.__0sprintf$5) refers to printf5.o(i._sputc) for _sputc
    printf5.o(i.__0vfprintf$5) refers to printf5.o(i._printf_core) for _printf_core
    printf5.o(i.__0vfprintf$5) refers to retarget.o(.text) for fputc
    printf5.o(i.__0vprintf$5) refers to printf5.o(i._printf_core) for _printf_core
    printf5.o(i.__0vprintf$5) refers to retarget.o(.text) for fputc
    printf5.o(i.__0vprintf$5) refers to retarget.o(.data) for __stdout
    printf5.o(i.__0vsnprintf$5) refers to printf5.o(i._printf_core) for _printf_core
    printf5.o(i.__0vsnprintf$5) refers to printf5.o(i._snputc) for _snputc
    printf5.o(i.__0vsprintf$5) refers to printf5.o(i._printf_core) for _printf_core
    printf5.o(i.__0vsprintf$5) refers to printf5.o(i._sputc) for _sputc
    printf5.o(i._printf_core) refers to uldiv.o(.text) for __aeabi_uldivmod
    printf6.o(i.__0fprintf$6) refers to printf6.o(i._printf_core) for _printf_core
    printf6.o(i.__0fprintf$6) refers to retarget.o(.text) for fputc
    printf6.o(i.__0printf$6) refers to printf6.o(i._printf_core) for _printf_core
    printf6.o(i.__0printf$6) refers to retarget.o(.text) for fputc
    printf6.o(i.__0printf$6) refers to retarget.o(.data) for __stdout
    printf6.o(i.__0snprintf$6) refers to printf6.o(i._printf_core) for _printf_core
    printf6.o(i.__0snprintf$6) refers to printf6.o(i._snputc) for _snputc
    printf6.o(i.__0sprintf$6) refers to printf6.o(i._printf_core) for _printf_core
    printf6.o(i.__0sprintf$6) refers to printf6.o(i._sputc) for _sputc
    printf6.o(i.__0vfprintf$6) refers to printf6.o(i._printf_core) for _printf_core
    printf6.o(i.__0vfprintf$6) refers to retarget.o(.text) for fputc
    printf6.o(i.__0vprintf$6) refers to printf6.o(i._printf_core) for _printf_core
    printf6.o(i.__0vprintf$6) refers to retarget.o(.text) for fputc
    printf6.o(i.__0vprintf$6) refers to retarget.o(.data) for __stdout
    printf6.o(i.__0vsnprintf$6) refers to printf6.o(i._printf_core) for _printf_core
    printf6.o(i.__0vsnprintf$6) refers to printf6.o(i._snputc) for _snputc
    printf6.o(i.__0vsprintf$6) refers to printf6.o(i._printf_core) for _printf_core
    printf6.o(i.__0vsprintf$6) refers to printf6.o(i._sputc) for _sputc
    printf6.o(i._printf_core) refers to printf6.o(i._printf_pre_padding) for _printf_pre_padding
    printf6.o(i._printf_core) refers to uidiv.o(.text) for __aeabi_uidivmod
    printf6.o(i._printf_core) refers to printf6.o(i._printf_post_padding) for _printf_post_padding
    printf7.o(i.__0fprintf$7) refers to printf7.o(i._printf_core) for _printf_core
    printf7.o(i.__0fprintf$7) refers to retarget.o(.text) for fputc
    printf7.o(i.__0printf$7) refers to printf7.o(i._printf_core) for _printf_core
    printf7.o(i.__0printf$7) refers to retarget.o(.text) for fputc
    printf7.o(i.__0printf$7) refers to retarget.o(.data) for __stdout
    printf7.o(i.__0snprintf$7) refers to printf7.o(i._printf_core) for _printf_core
    printf7.o(i.__0snprintf$7) refers to printf7.o(i._snputc) for _snputc
    printf7.o(i.__0sprintf$7) refers to printf7.o(i._printf_core) for _printf_core
    printf7.o(i.__0sprintf$7) refers to printf7.o(i._sputc) for _sputc
    printf7.o(i.__0vfprintf$7) refers to printf7.o(i._printf_core) for _printf_core
    printf7.o(i.__0vfprintf$7) refers to retarget.o(.text) for fputc
    printf7.o(i.__0vprintf$7) refers to printf7.o(i._printf_core) for _printf_core
    printf7.o(i.__0vprintf$7) refers to retarget.o(.text) for fputc
    printf7.o(i.__0vprintf$7) refers to retarget.o(.data) for __stdout
    printf7.o(i.__0vsnprintf$7) refers to printf7.o(i._printf_core) for _printf_core
    printf7.o(i.__0vsnprintf$7) refers to printf7.o(i._snputc) for _snputc
    printf7.o(i.__0vsprintf$7) refers to printf7.o(i._printf_core) for _printf_core
    printf7.o(i.__0vsprintf$7) refers to printf7.o(i._sputc) for _sputc
    printf7.o(i._printf_core) refers to printf7.o(i._printf_pre_padding) for _printf_pre_padding
    printf7.o(i._printf_core) refers to uldiv.o(.text) for __aeabi_uldivmod
    printf7.o(i._printf_core) refers to printf7.o(i._printf_post_padding) for _printf_post_padding
    printf8.o(i.__0fprintf$8) refers to printf8.o(i._printf_core) for _printf_core
    printf8.o(i.__0fprintf$8) refers to retarget.o(.text) for fputc
    printf8.o(i.__0printf$8) refers to printf8.o(i._printf_core) for _printf_core
    printf8.o(i.__0printf$8) refers to retarget.o(.text) for fputc
    printf8.o(i.__0printf$8) refers to retarget.o(.data) for __stdout
    printf8.o(i.__0snprintf$8) refers to printf8.o(i._printf_core) for _printf_core
    printf8.o(i.__0snprintf$8) refers to printf8.o(i._snputc) for _snputc
    printf8.o(i.__0sprintf$8) refers to printf8.o(i._printf_core) for _printf_core
    printf8.o(i.__0sprintf$8) refers to printf8.o(i._sputc) for _sputc
    printf8.o(i.__0vfprintf$8) refers to printf8.o(i._printf_core) for _printf_core
    printf8.o(i.__0vfprintf$8) refers to retarget.o(.text) for fputc
    printf8.o(i.__0vprintf$8) refers to printf8.o(i._printf_core) for _printf_core
    printf8.o(i.__0vprintf$8) refers to retarget.o(.text) for fputc
    printf8.o(i.__0vprintf$8) refers to retarget.o(.data) for __stdout
    printf8.o(i.__0vsnprintf$8) refers to printf8.o(i._printf_core) for _printf_core
    printf8.o(i.__0vsnprintf$8) refers to printf8.o(i._snputc) for _snputc
    printf8.o(i.__0vsprintf$8) refers to printf8.o(i._printf_core) for _printf_core
    printf8.o(i.__0vsprintf$8) refers to printf8.o(i._sputc) for _sputc
    printf8.o(i._printf_core) refers to printf8.o(i._printf_pre_padding) for _printf_pre_padding
    printf8.o(i._printf_core) refers to uldiv.o(.text) for __aeabi_uldivmod
    printf8.o(i._printf_core) refers to printf8.o(i._printf_post_padding) for _printf_post_padding
    printfa.o(i.__0fprintf) refers (Special) to iusefp.o(.text) for __I$use$fp
    printfa.o(i.__0fprintf) refers to printfa.o(i._printf_core) for _printf_core
    printfa.o(i.__0fprintf) refers to retarget.o(.text) for fputc
    printfa.o(i.__0printf) refers (Special) to iusefp.o(.text) for __I$use$fp
    printfa.o(i.__0printf) refers to printfa.o(i._printf_core) for _printf_core
    printfa.o(i.__0printf) refers to retarget.o(.text) for fputc
    printfa.o(i.__0printf) refers to retarget.o(.data) for __stdout
    printfa.o(i.__0snprintf) refers (Special) to iusefp.o(.text) for __I$use$fp
    printfa.o(i.__0snprintf) refers to printfa.o(i._printf_core) for _printf_core
    printfa.o(i.__0snprintf) refers to printfa.o(i._snputc) for _snputc
    printfa.o(i.__0sprintf) refers (Special) to iusefp.o(.text) for __I$use$fp
    printfa.o(i.__0sprintf) refers to printfa.o(i._printf_core) for _printf_core
    printfa.o(i.__0sprintf) refers to printfa.o(i._sputc) for _sputc
    printfa.o(i.__0vfprintf) refers (Special) to iusefp.o(.text) for __I$use$fp
    printfa.o(i.__0vfprintf) refers to printfa.o(i._printf_core) for _printf_core
    printfa.o(i.__0vfprintf) refers to retarget.o(.text) for fputc
    printfa.o(i.__0vprintf) refers (Special) to iusefp.o(.text) for __I$use$fp
    printfa.o(i.__0vprintf) refers to printfa.o(i._printf_core) for _printf_core
    printfa.o(i.__0vprintf) refers to retarget.o(.text) for fputc
    printfa.o(i.__0vprintf) refers to retarget.o(.data) for __stdout
    printfa.o(i.__0vsnprintf) refers (Special) to iusefp.o(.text) for __I$use$fp
    printfa.o(i.__0vsnprintf) refers to printfa.o(i._printf_core) for _printf_core
    printfa.o(i.__0vsnprintf) refers to printfa.o(i._snputc) for _snputc
    printfa.o(i.__0vsprintf) refers (Special) to iusefp.o(.text) for __I$use$fp
    printfa.o(i.__0vsprintf) refers to printfa.o(i._printf_core) for _printf_core
    printfa.o(i.__0vsprintf) refers to printfa.o(i._sputc) for _sputc
    printfa.o(i._fp_digits) refers (Special) to iusefp.o(.text) for __I$use$fp
    printfa.o(i._fp_digits) refers to dmul.o(.text) for __aeabi_dmul
    printfa.o(i._fp_digits) refers to ddiv.o(.text) for __aeabi_ddiv
    printfa.o(i._fp_digits) refers to cdrcmple.o(.text) for __aeabi_cdrcmple
    printfa.o(i._fp_digits) refers to dadd.o(.text) for __aeabi_dadd
    printfa.o(i._fp_digits) refers to dfixul.o(.text) for __aeabi_d2ulz
    printfa.o(i._fp_digits) refers to uldiv.o(.text) for __aeabi_uldivmod
    printfa.o(i._printf_core) refers (Special) to iusefp.o(.text) for __I$use$fp
    printfa.o(i._printf_core) refers to printfa.o(i._printf_pre_padding) for _printf_pre_padding
    printfa.o(i._printf_core) refers to uldiv.o(.text) for __aeabi_uldivmod
    printfa.o(i._printf_core) refers to printfa.o(i._printf_post_padding) for _printf_post_padding
    printfa.o(i._printf_core) refers to printfa.o(i._fp_digits) for _fp_digits
    printfa.o(i._printf_core) refers to uidiv.o(.text) for __aeabi_uidivmod
    printfa.o(i._printf_post_padding) refers (Special) to iusefp.o(.text) for __I$use$fp
    printfa.o(i._printf_pre_padding) refers (Special) to iusefp.o(.text) for __I$use$fp
    printfa.o(i._snputc) refers (Special) to iusefp.o(.text) for __I$use$fp
    printfa.o(i._sputc) refers (Special) to iusefp.o(.text) for __I$use$fp
    entry2.o(.ARM.Collect$$$$00000001) refers to entry2.o(.ARM.Collect$$$$00002712) for __lit__00000000
    entry2.o(.ARM.Collect$$$$00002712) refers to startup_nuc472_442.o(STACK) for __initial_sp
    entry2.o(__vectab_stack_and_reset_area) refers to startup_nuc472_442.o(STACK) for __initial_sp
    entry2.o(__vectab_stack_and_reset_area) refers to entry.o(.ARM.Collect$$$$00000000) for __main
    entry5.o(.ARM.Collect$$$$00000004) refers to init.o(.text) for __scatterload
    entry7.o(.ARM.Collect$$$$00000007) refers to main.o(.text) for main
    uldiv.o(.text) refers to llushr.o(.text) for __aeabi_llsr
    uldiv.o(.text) refers to llshl.o(.text) for __aeabi_llsl
    dadd.o(.text) refers to llshl.o(.text) for __aeabi_llsl
    dadd.o(.text) refers to llsshr.o(.text) for __aeabi_lasr
    dadd.o(.text) refers to depilogue.o(.text) for _double_epilogue
    dmul.o(.text) refers to depilogue.o(.text) for _double_epilogue
    ddiv.o(.text) refers to depilogue.o(.text) for _double_round
    dfixul.o(.text) refers to llushr.o(.text) for __aeabi_llsr
    dfixul.o(.text) refers to llshl.o(.text) for __aeabi_llsl
    init.o(.text) refers to entry5.o(.ARM.Collect$$$$00000004) for __main_after_scatterload
    depilogue.o(.text) refers to llshl.o(.text) for __aeabi_llsl
    depilogue.o(.text) refers to llushr.o(.text) for __aeabi_llsr


==============================================================================

Removing Unused input sections from the image.

    Removing system_nuc472_442.o(.rev16_text), (4 bytes).
    Removing system_nuc472_442.o(.revsh_text), (4 bytes).
    Removing startup_nuc472_442.o(HEAP), (256 bytes).
    Removing main.o(.rev16_text), (4 bytes).
    Removing main.o(.revsh_text), (4 bytes).
    Removing main.o(.bss), (12 bytes).
    Removing main.o(.data), (4 bytes).
    Removing sys.o(.rev16_text), (4 bytes).
    Removing sys.o(.revsh_text), (4 bytes).
    Removing clk.o(.rev16_text), (4 bytes).
    Removing clk.o(.revsh_text), (4 bytes).
    Removing retarget.o(.rev16_text), (4 bytes).
    Removing retarget.o(.revsh_text), (4 bytes).
    Removing retarget.o(.data), (4 bytes).
    Removing uart.o(.rev16_text), (4 bytes).
    Removing uart.o(.revsh_text), (4 bytes).
    Removing dadd.o(.text), (330 bytes).
    Removing dmul.o(.text), (226 bytes).
    Removing ddiv.o(.text), (222 bytes).
    Removing dfixul.o(.text), (48 bytes).
    Removing cdrcmple.o(.text), (40 bytes).
    Removing depilogue.o(.text), (194 bytes).

22 unused section(s) (total 1384 bytes) removed from the image.

==============================================================================

Image Symbol Table

    Local Symbols

    Symbol Name                              Value     Ov Type        Size  Object(Section)

    RESET                                    0x00000000   Section      632  startup_nuc472_442.o(RESET)
    ../../microlib/division.c                0x00000000   Number         0  uidiv.o ABSOLUTE
    ../../microlib/division.c                0x00000000   Number         0  uldiv.o ABSOLUTE
    ../../microlib/fpadd.c                   0x00000000   Number         0  dadd.o ABSOLUTE
    ../../microlib/fpdiv.c                   0x00000000   Number         0  ddiv.o ABSOLUTE
    ../../microlib/fpepilogue.c              0x00000000   Number         0  depilogue.o ABSOLUTE
    ../../microlib/fpfix.c                   0x00000000   Number         0  dfixul.o ABSOLUTE
    ../../microlib/fpmul.c                   0x00000000   Number         0  dmul.o ABSOLUTE
    ../../microlib/init/entry.s              0x00000000   Number         0  entry7.o ABSOLUTE
    ../../microlib/init/entry.s              0x00000000   Number         0  entry5.o ABSOLUTE
    ../../microlib/init/entry.s              0x00000000   Number         0  entry2.o ABSOLUTE
    ../../microlib/init/entry.s              0x00000000   Number         0  entry.o ABSOLUTE
    ../../microlib/longlong.c                0x00000000   Number         0  llsshr.o ABSOLUTE
    ../../microlib/longlong.c                0x00000000   Number         0  llushr.o ABSOLUTE
    ../../microlib/longlong.c                0x00000000   Number         0  llshl.o ABSOLUTE
    ../../microlib/printf/printf.c           0x00000000   Number         0  printf4.o ABSOLUTE
    ../../microlib/printf/printf.c           0x00000000   Number         0  printfb.o ABSOLUTE
    ../../microlib/printf/printf.c           0x00000000   Number         0  printf0.o ABSOLUTE
    ../../microlib/printf/printf.c           0x00000000   Number         0  printf1.o ABSOLUTE
    ../../microlib/printf/printf.c           0x00000000   Number         0  printf2.o ABSOLUTE
    ../../microlib/printf/printf.c           0x00000000   Number         0  printfa.o ABSOLUTE
    ../../microlib/printf/printf.c           0x00000000   Number         0  printf8.o ABSOLUTE
    ../../microlib/printf/printf.c           0x00000000   Number         0  printf7.o ABSOLUTE
    ../../microlib/printf/printf.c           0x00000000   Number         0  printf3.o ABSOLUTE
    ../../microlib/printf/printf.c           0x00000000   Number         0  printf6.o ABSOLUTE
    ../../microlib/printf/printf.c           0x00000000   Number         0  printf5.o ABSOLUTE
    ../../microlib/printf/stubs.s            0x00000000   Number         0  stubs.o ABSOLUTE
    ../../microlib/stubs.s                   0x00000000   Number         0  iusefp.o ABSOLUTE
    ..\..\..\..\Library\Device\Nuvoton\NUC472_442\Source\ARM\startup_NUC472_442.s 0x00000000   Number         0  startup_nuc472_442.o ABSOLUTE
    ..\..\..\..\Library\Device\Nuvoton\NUC472_442\Source\system_NUC472_442.c 0x00000000   Number         0  system_nuc472_442.o ABSOLUTE
    ..\..\..\..\Library\StdDriver\src\clk.c  0x00000000   Number         0  clk.o ABSOLUTE
    ..\..\..\..\Library\StdDriver\src\retarget.c 0x00000000   Number         0  retarget.o ABSOLUTE
    ..\..\..\..\Library\StdDriver\src\sys.c  0x00000000   Number         0  sys.o ABSOLUTE
    ..\..\..\..\Library\StdDriver\src\uart.c 0x00000000   Number         0  uart.o ABSOLUTE
    ..\\..\\..\\..\\Library\\Device\\Nuvoton\\NUC472_442\\Source\\system_NUC472_442.c 0x00000000   Number         0  system_nuc472_442.o ABSOLUTE
    ..\\..\\..\\..\\Library\\StdDriver\\src\\clk.c 0x00000000   Number         0  clk.o ABSOLUTE
    ..\\..\\..\\..\\Library\\StdDriver\\src\\retarget.c 0x00000000   Number         0  retarget.o ABSOLUTE
    ..\\..\\..\\..\\Library\\StdDriver\\src\\sys.c 0x00000000   Number         0  sys.o ABSOLUTE
    ..\\..\\..\\..\\Library\\StdDriver\\src\\uart.c 0x00000000   Number         0  uart.o ABSOLUTE
    ..\\main.c                               0x00000000   Number         0  main.o ABSOLUTE
    ..\main.c                                0x00000000   Number         0  main.o ABSOLUTE
    cdrcmple.s                               0x00000000   Number         0  cdrcmple.o ABSOLUTE
    handlers.s                               0x00000000   Number         0  handlers.o ABSOLUTE
    init.s                                   0x00000000   Number         0  init.o ABSOLUTE
    .ARM.Collect$$$$00000000                 0x00000278   Section        0  entry.o(.ARM.Collect$$$$00000000)
    .ARM.Collect$$$$00000001                 0x00000278   Section        4  entry2.o(.ARM.Collect$$$$00000001)
    .ARM.Collect$$$$00000004                 0x0000027c   Section        4  entry5.o(.ARM.Collect$$$$00000004)
    .ARM.Collect$$$$00000007                 0x00000280   Section        8  entry7.o(.ARM.Collect$$$$00000007)
    .ARM.Collect$$$$00002712                 0x00000288   Section        4  entry2.o(.ARM.Collect$$$$00002712)
    __lit__00000000                          0x00000288   Data           4  entry2.o(.ARM.Collect$$$$00002712)
    .emb_text                                0x0000028c   Section       28  retarget.o(.emb_text)
    $v0                                      0x0000028c   Number         0  retarget.o(.emb_text)
    .text                                    0x000002a8   Section        0  system_nuc472_442.o(.text)
    .text                                    0x000003a4   Section       76  startup_nuc472_442.o(.text)
    $v0                                      0x000003a4   Number         0  startup_nuc472_442.o(.text)
    Default_Handler                          0x000003df   Thumb Code     2  startup_nuc472_442.o(.text)
    .text                                    0x000003f0   Section        0  main.o(.text)
    .text                                    0x00000794   Section        0  sys.o(.text)
    .text                                    0x00000854   Section        0  clk.o(.text)
    .text                                    0x00000b88   Section        0  retarget.o(.text)
    __tagsym$$used                           0x00000b89   Number         0  retarget.o(.text)
    stackDump                                0x00000bef   Thumb Code    72  retarget.o(.text)
    .text                                    0x00000cb4   Section        0  uart.o(.text)
    .text                                    0x00000ea8   Section        0  uldiv.o(.text)
    .text                                    0x00000f10   Section       36  init.o(.text)
    .text                                    0x00000f34   Section        0  llshl.o(.text)
    .text                                    0x00000f52   Section        0  llushr.o(.text)
    i.__0printf$5                            0x00000f74   Section        0  printf5.o(i.__0printf$5)
    i.__scatterload_copy                     0x00000f94   Section       14  handlers.o(i.__scatterload_copy)
    i.__scatterload_null                     0x00000fa2   Section        2  handlers.o(i.__scatterload_null)
    i.__scatterload_zeroinit                 0x00000fa4   Section       14  handlers.o(i.__scatterload_zeroinit)
    i._printf_core                           0x00000fb4   Section        0  printf5.o(i._printf_core)
    _printf_core                             0x00000fb5   Thumb Code   664  printf5.o(i._printf_core)
    .constdata                               0x00001278   Section       32  uart.o(.constdata)
    .data                                    0x20000000   Section       40  system_nuc472_442.o(.data)
    .data                                    0x20000028   Section       16  main.o(.data)
    .data                                    0x20000038   Section        4  retarget.o(.data)
    .bss                                     0x2000003c   Section     1024  main.o(.bss)
    STACK                                    0x20000440   Section     2048  startup_nuc472_442.o(STACK)

    Global Symbols

    Symbol Name                              Value     Ov Type        Size  Object(Section)

    BuildAttributes$$THM_ISAv4$E$P$D$K$B$S$7EM$VFPi3$EXTD16$VFPS$VFMA$PE$A:L22UL41UL21$X:L11$S22US41US21$IEEE1$IW$USESV6$~STKCKD$USESV7$~SHL$OSPACE$ROPI$EBA8$MICROLIB$REQ8$PRES8$EABIv2 0x00000000   Number         0  anon$$obj.o ABSOLUTE
    __ARM_use_no_argv                        0x00000000   Number         0  main.o ABSOLUTE
    __Vectors                                0x00000000   Data           4  startup_nuc472_442.o(RESET)
    _printf_a                                0x00000000   Number         0  stubs.o ABSOLUTE
    _printf_c                                0x00000000   Number         0  stubs.o ABSOLUTE
    _printf_charcount                        0x00000000   Number         0  stubs.o ABSOLUTE
    _printf_d                                0x00000000   Number         0  stubs.o ABSOLUTE
    _printf_e                                0x00000000   Number         0  stubs.o ABSOLUTE
    _printf_f                                0x00000000   Number         0  stubs.o ABSOLUTE
    _printf_flags                            0x00000000   Number         0  stubs.o ABSOLUTE
    _printf_fp_dec                           0x00000000   Number         0  stubs.o ABSOLUTE
    _printf_fp_hex                           0x00000000   Number         0  stubs.o ABSOLUTE
    _printf_g                                0x00000000   Number         0  stubs.o ABSOLUTE
    _printf_i                                0x00000000   Number         0  stubs.o ABSOLUTE
    _printf_int_dec                          0x00000000   Number         0  stubs.o ABSOLUTE
    _printf_l                                0x00000000   Number         0  stubs.o ABSOLUTE
    _printf_lc                               0x00000000   Number         0  stubs.o ABSOLUTE
    _printf_ll                               0x00000000   Number         0  stubs.o ABSOLUTE
    _printf_lld                              0x00000000   Number         0  stubs.o ABSOLUTE
    _printf_lli                              0x00000000   Number         0  stubs.o ABSOLUTE
    _printf_llo                              0x00000000   Number         0  stubs.o ABSOLUTE
    _printf_llu                              0x00000000   Number         0  stubs.o ABSOLUTE
    _printf_llx                              0x00000000   Number         0  stubs.o ABSOLUTE
    _printf_longlong_dec                     0x00000000   Number         0  stubs.o ABSOLUTE
    _printf_longlong_hex                     0x00000000   Number         0  stubs.o ABSOLUTE
    _printf_longlong_oct                     0x00000000   Number         0  stubs.o ABSOLUTE
    _printf_ls                               0x00000000   Number         0  stubs.o ABSOLUTE
    _printf_mbtowc                           0x00000000   Number         0  stubs.o ABSOLUTE
    _printf_n                                0x00000000   Number         0  stubs.o ABSOLUTE
    _printf_o                                0x00000000   Number         0  stubs.o ABSOLUTE
    _printf_p                                0x00000000   Number         0  stubs.o ABSOLUTE
    _printf_percent                          0x00000000   Number         0  stubs.o ABSOLUTE
    _printf_pre_padding                      0x00000000   Number         0  stubs.o ABSOLUTE
    _printf_return_value                     0x00000000   Number         0  stubs.o ABSOLUTE
    _printf_s                                0x00000000   Number         0  stubs.o ABSOLUTE
    _printf_sizespec                         0x00000000   Number         0  stubs.o ABSOLUTE
    _printf_str                              0x00000000   Number         0  stubs.o ABSOLUTE
    _printf_truncate_signed                  0x00000000   Number         0  stubs.o ABSOLUTE
    _printf_truncate_unsigned                0x00000000   Number         0  stubs.o ABSOLUTE
    _printf_u                                0x00000000   Number         0  stubs.o ABSOLUTE
    _printf_wc                               0x00000000   Number         0  stubs.o ABSOLUTE
    _printf_wctomb                           0x00000000   Number         0  stubs.o ABSOLUTE
    _printf_widthprec                        0x00000000   Number         0  stubs.o ABSOLUTE
    _printf_x                                0x00000000   Number         0  stubs.o ABSOLUTE
    __decompress                              - Undefined Weak Reference
    __Vectors_End                            0x00000278   Data           0  startup_nuc472_442.o(RESET)
    __Vectors_Size                           0x00000278   Number         0  startup_nuc472_442.o ABSOLUTE
    __main                                   0x00000279   Thumb Code     0  entry.o(.ARM.Collect$$$$00000000)
    _main_stk                                0x00000279   Thumb Code     0  entry2.o(.ARM.Collect$$$$00000001)
    _main_scatterload                        0x0000027d   Thumb Code     0  entry5.o(.ARM.Collect$$$$00000004)
    __main_after_scatterload                 0x00000281   Thumb Code     0  entry5.o(.ARM.Collect$$$$00000004)
    _main_init                               0x00000281   Thumb Code     0  entry7.o(.ARM.Collect$$$$00000007)
    HardFault_Handler                        0x0000028d   Thumb Code    24  retarget.o(.emb_text)
    SystemCoreClockUpdate                    0x000002a9   Thumb Code    64  system_nuc472_442.o(.text)
    SystemInit                               0x000002e9   Thumb Code   166  system_nuc472_442.o(.text)
    Reset_Handler                            0x000003a5   Thumb Code    40  startup_nuc472_442.o(.text)
    NMI_Handler                              0x000003cd   Thumb Code     2  startup_nuc472_442.o(.text)
    MemManage_Handler                        0x000003d1   Thumb Code     2  startup_nuc472_442.o(.text)
    BusFault_Handler                         0x000003d3   Thumb Code     2  startup_nuc472_442.o(.text)
    UsageFault_Handler                       0x000003d5   Thumb Code     2  startup_nuc472_442.o(.text)
    SVC_Handler                              0x000003d7   Thumb Code     2  startup_nuc472_442.o(.text)
    DebugMon_Handler                         0x000003d9   Thumb Code     2  startup_nuc472_442.o(.text)
    PendSV_Handler                           0x000003db   Thumb Code     2  startup_nuc472_442.o(.text)
    SysTick_Handler                          0x000003dd   Thumb Code     2  startup_nuc472_442.o(.text)
    ACMP_IRQHandler                          0x000003df   Thumb Code     0  startup_nuc472_442.o(.text)
    ADC_IRQHandler                           0x000003df   Thumb Code     0  startup_nuc472_442.o(.text)
    BOD_IRQHandler                           0x000003df   Thumb Code     0  startup_nuc472_442.o(.text)
    CAN0_IRQHandler                          0x000003df   Thumb Code     0  startup_nuc472_442.o(.text)
    CAN1_IRQHandler                          0x000003df   Thumb Code     0  startup_nuc472_442.o(.text)
    CAP_IRQHandler                           0x000003df   Thumb Code     0  startup_nuc472_442.o(.text)
    CLKF_IRQHandler                          0x000003df   Thumb Code     0  startup_nuc472_442.o(.text)
    CRC_IRQHandler                           0x000003df   Thumb Code     0  startup_nuc472_442.o(.text)
    CRYPTO_IRQHandler                        0x000003df   Thumb Code     0  startup_nuc472_442.o(.text)
    EADC0_IRQHandler                         0x000003df   Thumb Code     0  startup_nuc472_442.o(.text)
    EADC1_IRQHandler                         0x000003df   Thumb Code     0  startup_nuc472_442.o(.text)
    EADC2_IRQHandler                         0x000003df   Thumb Code     0  startup_nuc472_442.o(.text)
    EADC3_IRQHandler                         0x000003df   Thumb Code     0  startup_nuc472_442.o(.text)
    EINT0_IRQHandler                         0x000003df   Thumb Code     0  startup_nuc472_442.o(.text)
    EINT1_IRQHandler                         0x000003df   Thumb Code     0  startup_nuc472_442.o(.text)
    EINT2_IRQHandler                         0x000003df   Thumb Code     0  startup_nuc472_442.o(.text)
    EINT3_IRQHandler                         0x000003df   Thumb Code     0  startup_nuc472_442.o(.text)
    EINT4_IRQHandler                         0x000003df   Thumb Code     0  startup_nuc472_442.o(.text)
    EINT5_IRQHandler                         0x000003df   Thumb Code     0  startup_nuc472_442.o(.text)
    EINT6_IRQHandler                         0x000003df   Thumb Code     0  startup_nuc472_442.o(.text)
    EINT7_IRQHandler                         0x000003df   Thumb Code     0  startup_nuc472_442.o(.text)
    EMAC_RX_IRQHandler                       0x000003df   Thumb Code     0  startup_nuc472_442.o(.text)
    EMAC_TX_IRQHandler                       0x000003df   Thumb Code     0  startup_nuc472_442.o(.text)
    EPWM0BRK_IRQHandler                      0x000003df   Thumb Code     0  startup_nuc472_442.o(.text)
    EPWM0_IRQHandler                         0x000003df   Thumb Code     0  startup_nuc472_442.o(.text)
    EPWM1BRK_IRQHandler                      0x000003df   Thumb Code     0  startup_nuc472_442.o(.text)
    EPWM1_IRQHandler                         0x000003df   Thumb Code     0  startup_nuc472_442.o(.text)
    GPA_IRQHandler                           0x000003df   Thumb Code     0  startup_nuc472_442.o(.text)
    GPB_IRQHandler                           0x000003df   Thumb Code     0  startup_nuc472_442.o(.text)
    GPC_IRQHandler                           0x000003df   Thumb Code     0  startup_nuc472_442.o(.text)
    GPD_IRQHandler                           0x000003df   Thumb Code     0  startup_nuc472_442.o(.text)
    GPE_IRQHandler                           0x000003df   Thumb Code     0  startup_nuc472_442.o(.text)
    GPF_IRQHandler                           0x000003df   Thumb Code     0  startup_nuc472_442.o(.text)
    GPG_IRQHandler                           0x000003df   Thumb Code     0  startup_nuc472_442.o(.text)
    GPH_IRQHandler                           0x000003df   Thumb Code     0  startup_nuc472_442.o(.text)
    GPI_IRQHandler                           0x000003df   Thumb Code     0  startup_nuc472_442.o(.text)
    I2C0_IRQHandler                          0x000003df   Thumb Code     0  startup_nuc472_442.o(.text)
    I2C1_IRQHandler                          0x000003df   Thumb Code     0  startup_nuc472_442.o(.text)
    I2C2_IRQHandler                          0x000003df   Thumb Code     0  startup_nuc472_442.o(.text)
    I2C3_IRQHandler                          0x000003df   Thumb Code     0  startup_nuc472_442.o(.text)
    I2C4_IRQHandler                          0x000003df   Thumb Code     0  startup_nuc472_442.o(.text)
    I2S0_IRQHandler                          0x000003df   Thumb Code     0  startup_nuc472_442.o(.text)
    I2S1_IRQHandler                          0x000003df   Thumb Code     0  startup_nuc472_442.o(.text)
    ICAP0_IRQHandler                         0x000003df   Thumb Code     0  startup_nuc472_442.o(.text)
    ICAP1_IRQHandler                         0x000003df   Thumb Code     0  startup_nuc472_442.o(.text)
    IRC_IRQHandler                           0x000003df   Thumb Code     0  startup_nuc472_442.o(.text)
    OPA0_IRQHandler                          0x000003df   Thumb Code     0  startup_nuc472_442.o(.text)
    OPA1_IRQHandler                          0x000003df   Thumb Code     0  startup_nuc472_442.o(.text)
    PDMA_IRQHandler                          0x000003df   Thumb Code     0  startup_nuc472_442.o(.text)
    PS2D_IRQHandler                          0x000003df   Thumb Code     0  startup_nuc472_442.o(.text)
    PWM0CH0_IRQHandler                       0x000003df   Thumb Code     0  startup_nuc472_442.o(.text)
    PWM0CH1_IRQHandler                       0x000003df   Thumb Code     0  startup_nuc472_442.o(.text)
    PWM0CH2_IRQHandler                       0x000003df   Thumb Code     0  startup_nuc472_442.o(.text)
    PWM0CH3_IRQHandler                       0x000003df   Thumb Code     0  startup_nuc472_442.o(.text)
    PWM0CH4_IRQHandler                       0x000003df   Thumb Code     0  startup_nuc472_442.o(.text)
    PWM0CH5_IRQHandler                       0x000003df   Thumb Code     0  startup_nuc472_442.o(.text)
    PWM0_BRK_IRQHandler                      0x000003df   Thumb Code     0  startup_nuc472_442.o(.text)
    PWM1CH0_IRQHandler                       0x000003df   Thumb Code     0  startup_nuc472_442.o(.text)
    PWM1CH1_IRQHandler                       0x000003df   Thumb Code     0  startup_nuc472_442.o(.text)
    PWM1CH2_IRQHandler                       0x000003df   Thumb Code     0  startup_nuc472_442.o(.text)
    PWM1CH3_IRQHandler                       0x000003df   Thumb Code     0  startup_nuc472_442.o(.text)
    PWM1CH4_IRQHandler                       0x000003df   Thumb Code     0  startup_nuc472_442.o(.text)
    PWM1CH5_IRQHandler                       0x000003df   Thumb Code     0  startup_nuc472_442.o(.text)
    PWM1_BRK_IRQHandler                      0x000003df   Thumb Code     0  startup_nuc472_442.o(.text)
    PWRWU_IRQHandler                         0x000003df   Thumb Code     0  startup_nuc472_442.o(.text)
    QEI0_IRQHandler                          0x000003df   Thumb Code     0  startup_nuc472_442.o(.text)
    QEI1_IRQHandler                          0x000003df   Thumb Code     0  startup_nuc472_442.o(.text)
    RTC_IRQHandler                           0x000003df   Thumb Code     0  startup_nuc472_442.o(.text)
    SC0_IRQHandler                           0x000003df   Thumb Code     0  startup_nuc472_442.o(.text)
    SC1_IRQHandler                           0x000003df   Thumb Code     0  startup_nuc472_442.o(.text)
    SC2_IRQHandler                           0x000003df   Thumb Code     0  startup_nuc472_442.o(.text)
    SC3_IRQHandler                           0x000003df   Thumb Code     0  startup_nuc472_442.o(.text)
    SC4_IRQHandler                           0x000003df   Thumb Code     0  startup_nuc472_442.o(.text)
    SC5_IRQHandler                           0x000003df   Thumb Code     0  startup_nuc472_442.o(.text)
    SD_IRQHandler                            0x000003df   Thumb Code     0  startup_nuc472_442.o(.text)
    SPI0_IRQHandler                          0x000003df   Thumb Code     0  startup_nuc472_442.o(.text)
    SPI1_IRQHandler                          0x000003df   Thumb Code     0  startup_nuc472_442.o(.text)
    SPI2_IRQHandler                          0x000003df   Thumb Code     0  startup_nuc472_442.o(.text)
    SPI3_IRQHandler                          0x000003df   Thumb Code     0  startup_nuc472_442.o(.text)
    SRAMF_IRQHandler                         0x000003df   Thumb Code     0  startup_nuc472_442.o(.text)
    TAMPER_IRQHandler                        0x000003df   Thumb Code     0  startup_nuc472_442.o(.text)
    TMR0_IRQHandler                          0x000003df   Thumb Code     0  startup_nuc472_442.o(.text)
    TMR1_IRQHandler                          0x000003df   Thumb Code     0  startup_nuc472_442.o(.text)
    TMR2_IRQHandler                          0x000003df   Thumb Code     0  startup_nuc472_442.o(.text)
    TMR3_IRQHandler                          0x000003df   Thumb Code     0  startup_nuc472_442.o(.text)
    UART0_IRQHandler                         0x000003df   Thumb Code     0  startup_nuc472_442.o(.text)
    UART2_IRQHandler                         0x000003df   Thumb Code     0  startup_nuc472_442.o(.text)
    UART3_IRQHandler                         0x000003df   Thumb Code     0  startup_nuc472_442.o(.text)
    UART4_IRQHandler                         0x000003df   Thumb Code     0  startup_nuc472_442.o(.text)
    UART5_IRQHandler                         0x000003df   Thumb Code     0  startup_nuc472_442.o(.text)
    USBD_IRQHandler                          0x000003df   Thumb Code     0  startup_nuc472_442.o(.text)
    USBH_IRQHandler                          0x000003df   Thumb Code     0  startup_nuc472_442.o(.text)
    USB_OTG_IRQHandler                       0x000003df   Thumb Code     0  startup_nuc472_442.o(.text)
    WDT_IRQHandler                           0x000003df   Thumb Code     0  startup_nuc472_442.o(.text)
    WWDT_IRQHandler                          0x000003df   Thumb Code     0  startup_nuc472_442.o(.text)
    SYS_Init                                 0x000003f1   Thumb Code   136  main.o(.text)
    UART0_Init                               0x00000479   Thumb Code    10  main.o(.text)
    UART1_Init                               0x00000483   Thumb Code    10  main.o(.text)
    UART_FunctionTest                        0x0000048d   Thumb Code    96  main.o(.text)
    main                                     0x000004ed   Thumb Code    46  main.o(.text)
    UART_TEST_HANDLE                         0x0000051b   Thumb Code   152  main.o(.text)
    UART1_IRQHandler                         0x000005b3   Thumb Code     2  main.o(.text)
    SYS_ClearResetSrc                        0x00000795   Thumb Code    12  sys.o(.text)
    SYS_GetBODStatus                         0x000007a1   Thumb Code    12  sys.o(.text)
    SYS_GetResetSrc                          0x000007ad   Thumb Code     8  sys.o(.text)
    SYS_IsRegLocked                          0x000007b5   Thumb Code    10  sys.o(.text)
    SYS_LockReg                              0x000007bf   Thumb Code     8  sys.o(.text)
    SYS_UnlockReg                            0x000007c7   Thumb Code    36  sys.o(.text)
    SYS_ReadPDID                             0x000007eb   Thumb Code     8  sys.o(.text)
    SYS_ResetChip                            0x000007f3   Thumb Code    14  sys.o(.text)
    SYS_ResetCPU                             0x00000801   Thumb Code    14  sys.o(.text)
    SYS_ResetModule                          0x0000080f   Thumb Code    26  sys.o(.text)
    SYS_EnableBOD                            0x00000829   Thumb Code    26  sys.o(.text)
    SYS_DisableBOD                           0x00000843   Thumb Code    14  sys.o(.text)
    CLK_DisableCKO                           0x00000855   Thumb Code    12  clk.o(.text)
    CLK_EnableCKO                            0x00000861   Thumb Code    34  clk.o(.text)
    CLK_PowerDown                            0x00000883   Thumb Code    20  clk.o(.text)
    CLK_Idle                                 0x00000897   Thumb Code    14  clk.o(.text)
    CLK_GetPCLKFreq                          0x000008a5   Thumb Code    24  clk.o(.text)
    CLK_GetHXTFreq                           0x000008bd   Thumb Code    12  clk.o(.text)
    CLK_GetLXTFreq                           0x000008c9   Thumb Code    18  clk.o(.text)
    CLK_GetHCLKFreq                          0x000008db   Thumb Code    12  clk.o(.text)
    CLK_GetCPUFreq                           0x000008e7   Thumb Code    12  clk.o(.text)
    CLK_GetPLLClockFreq                      0x000008f3   Thumb Code    78  clk.o(.text)
    CLK_SetHCLK                              0x00000941   Thumb Code    30  clk.o(.text)
    CLK_WaitClockReady                       0x0000095f   Thumb Code    38  clk.o(.text)
    CLK_SetCoreClock                         0x00000985   Thumb Code   126  clk.o(.text)
    CLK_SetModuleClock                       0x00000a03   Thumb Code    82  clk.o(.text)
    CLK_EnableXtalRC                         0x00000a55   Thumb Code    12  clk.o(.text)
    CLK_DisableXtalRC                        0x00000a61   Thumb Code    12  clk.o(.text)
    CLK_EnableModuleClock                    0x00000a6d   Thumb Code    30  clk.o(.text)
    CLK_DisableModuleClock                   0x00000a8b   Thumb Code    30  clk.o(.text)
    CLK_EnablePLL                            0x00000aa9   Thumb Code   116  clk.o(.text)
    CLK_DisablePLL                           0x00000b1d   Thumb Code    12  clk.o(.text)
    CLK_SetSysTickClockSrc                   0x00000b29   Thumb Code    16  clk.o(.text)
    CLK_SysTickDelay                         0x00000b39   Thumb Code    28  clk.o(.text)
    Hard_Fault_Handler                       0x00000b89   Thumb Code    16  retarget.o(.text)
    SendChar_ToUART                          0x00000b99   Thumb Code    26  retarget.o(.text)
    SendChar                                 0x00000bb3   Thumb Code     2  retarget.o(.text)
    GetChar                                  0x00000bb5   Thumb Code    14  retarget.o(.text)
    kbhit                                    0x00000bc3   Thumb Code    12  retarget.o(.text)
    IsDebugFifoEmpty                         0x00000bcf   Thumb Code    10  retarget.o(.text)
    _ttywrch                                 0x00000bd9   Thumb Code     2  retarget.o(.text)
    fputc                                    0x00000bdb   Thumb Code    12  retarget.o(.text)
    fgetc                                    0x00000be7   Thumb Code     2  retarget.o(.text)
    ferror                                   0x00000be9   Thumb Code     6  retarget.o(.text)
    UART_ClearIntFlag                        0x00000cb5   Thumb Code    58  uart.o(.text)
    UART_Close                               0x00000cef   Thumb Code     6  uart.o(.text)
    UART_DisableFlowCtrl                     0x00000cf5   Thumb Code    10  uart.o(.text)
    UART_DisableInt                          0x00000cff   Thumb Code     8  uart.o(.text)
    UART_EnableFlowCtrl                      0x00000d07   Thumb Code    34  uart.o(.text)
    UART_EnableInt                           0x00000d29   Thumb Code     8  uart.o(.text)
    UART_Open                                0x00000d31   Thumb Code   112  uart.o(.text)
    UART_Read                                0x00000da1   Thumb Code    26  uart.o(.text)
    UART_SetLine_Config                      0x00000dbb   Thumb Code   116  uart.o(.text)
    UART_SetTimeoutCnt                       0x00000e2f   Thumb Code    20  uart.o(.text)
    UART_SelectIrDAMode                      0x00000e43   Thumb Code    42  uart.o(.text)
    UART_SelectRS485Mode                     0x00000e6d   Thumb Code    20  uart.o(.text)
    UART_Write                               0x00000e81   Thumb Code    26  uart.o(.text)
    __aeabi_uldivmod                         0x00000ea9   Thumb Code   102  uldiv.o(.text)
    __scatterload                            0x00000f11   Thumb Code    28  init.o(.text)
    __scatterload_rt2                        0x00000f11   Thumb Code     0  init.o(.text)
    __aeabi_llsl                             0x00000f35   Thumb Code    30  llshl.o(.text)
    _ll_shift_l                              0x00000f35   Thumb Code     0  llshl.o(.text)
    __aeabi_llsr                             0x00000f53   Thumb Code    32  llushr.o(.text)
    _ll_ushift_r                             0x00000f53   Thumb Code     0  llushr.o(.text)
    __0printf$5                              0x00000f75   Thumb Code    22  printf5.o(i.__0printf$5)
    __1printf$5                              0x00000f75   Thumb Code     0  printf5.o(i.__0printf$5)
    __2printf                                0x00000f75   Thumb Code     0  printf5.o(i.__0printf$5)
    __scatterload_copy                       0x00000f95   Thumb Code    14  handlers.o(i.__scatterload_copy)
    __scatterload_null                       0x00000fa3   Thumb Code     2  handlers.o(i.__scatterload_null)
    __scatterload_zeroinit                   0x00000fa5   Thumb Code    14  handlers.o(i.__scatterload_zeroinit)
    Region$$Table$$Base                      0x00001298   Number         0  anon$$obj.o(Region$$Table)
    Region$$Table$$Limit                     0x000012b8   Number         0  anon$$obj.o(Region$$Table)
    SystemCoreClock                          0x20000000   Data           4  system_nuc472_442.o(.data)
    CyclesPerUs                              0x20000004   Data           4  system_nuc472_442.o(.data)
    gau32ClkSrcTbl                           0x20000008   Data          32  system_nuc472_442.o(.data)
    g_u32comRbytes                           0x20000028   Data           4  main.o(.data)
    g_u32comRhead                            0x2000002c   Data           4  main.o(.data)
    g_u32comRtail                            0x20000030   Data           4  main.o(.data)
    g_bWait                                  0x20000034   Data           4  main.o(.data)
    __stdout                                 0x20000038   Data           4  retarget.o(.data)
    g_u8RecData                              0x2000003c   Data        1024  main.o(.bss)
    __initial_sp                             0x20000c40   Data           0  startup_nuc472_442.o(STACK)



==============================================================================

Memory Map of the image

  Image Entry point : 0x000003a5

  Load Region LR_1 (Base: 0x00000000, Size: 0x000012f4, Max: 0xffffffff, ABSOLUTE)

    Execution Region ER_RO (Base: 0x00000000, Size: 0x000012b8, Max: 0xffffffff, ABSOLUTE)

    Base Addr    Size         Type   Attr      Idx    E Section Name        Object

    0x00000000   0x00000278   Data   RO          136    RESET               startup_nuc472_442.o
    0x00000278   0x00000000   Code   RO          293  * .ARM.Collect$$$$00000000  mc_w.l(entry.o)(mc_w.l)
    0x00000278   0x00000004   Code   RO          555    .ARM.Collect$$$$00000001  mc_w.l(entry2.o)(mc_w.l)
    0x0000027c   0x00000004   Code   RO          558    .ARM.Collect$$$$00000004  mc_w.l(entry5.o)(mc_w.l)
    0x00000280   0x00000008   Code   RO          559    .ARM.Collect$$$$00000007  mc_w.l(entry7.o)(mc_w.l)
    0x00000288   0x00000004   Code   RO          556    .ARM.Collect$$$$00002712  mc_w.l(entry2.o)(mc_w.l)
    0x0000028c   0x0000001c   Code   RO          237    .emb_text           retarget.o
    0x000002a8   0x000000fc   Code   RO            3    .text               system_nuc472_442.o
    0x000003a4   0x0000004c   Code   RO          137  * .text               startup_nuc472_442.o
    0x000003f0   0x000003a4   Code   RO          143    .text               main.o
    0x00000794   0x000000c0   Code   RO          196    .text               sys.o
    0x00000854   0x00000334   Code   RO          216    .text               clk.o
    0x00000b88   0x0000012c   Code   RO          238    .text               retarget.o
    0x00000cb4   0x000001f4   Code   RO          274    .text               uart.o
    0x00000ea8   0x00000066   Code   RO          562    .text               mc_w.l(uldiv.o)(mc_w.l)
    0x00000f0e   0x00000002   PAD
    0x00000f10   0x00000024   Code   RO          575    .text               mc_w.l(init.o)(mc_w.l)
    0x00000f34   0x0000001e   Code   RO          577    .text               mc_w.l(llshl.o)(mc_w.l)
    0x00000f52   0x00000020   Code   RO          579    .text               mc_w.l(llushr.o)(mc_w.l)
    0x00000f72   0x00000002   PAD
    0x00000f74   0x00000020   Code   RO          427    i.__0printf$5       mc_w.l(printf5.o)(mc_w.l)
    0x00000f94   0x0000000e   Code   RO          587    i.__scatterload_copy  mc_w.l(handlers.o)(mc_w.l)
    0x00000fa2   0x00000002   Code   RO          588    i.__scatterload_null  mc_w.l(handlers.o)(mc_w.l)
    0x00000fa4   0x0000000e   Code   RO          589    i.__scatterload_zeroinit  mc_w.l(handlers.o)(mc_w.l)
    0x00000fb2   0x00000002   PAD
    0x00000fb4   0x000002c4   Code   RO          434    i._printf_core      mc_w.l(printf5.o)(mc_w.l)
    0x00001278   0x00000020   Data   RO          275    .constdata          uart.o
    0x00001298   0x00000020   Data   RO          585    Region$$Table       anon$$obj.o


    Execution Region ER_RW (Base: 0x20000000, Size: 0x0000003c, Max: 0xffffffff, ABSOLUTE)

    Base Addr    Size         Type   Attr      Idx    E Section Name        Object

    0x20000000   0x00000028   Data   RW            4    .data               system_nuc472_442.o
    0x20000028   0x00000010   Data   RW          146    .data               main.o
    0x20000038   0x00000004   Data   RW          239    .data               retarget.o


    Execution Region ER_ZI (Base: 0x2000003c, Size: 0x00000c04, Max: 0xffffffff, ABSOLUTE)

    Base Addr    Size         Type   Attr      Idx    E Section Name        Object

    0x2000003c   0x00000400   Zero   RW          145    .bss                main.o
    0x2000043c   0x00000004   PAD
    0x20000440   0x00000800   Zero   RW          134    STACK               startup_nuc472_442.o


==============================================================================

Image component sizes


      Code (inc. data)   RO Data    RW Data    ZI Data      Debug   Object Name

       820         52          0          0          0          0   clk.o
       932        480          0         16       1024          0   main.o
       328        130          0          4          0          0   retarget.o
        76         16        632          0       2048          0   startup_nuc472_442.o
       192          4          0          0          0          0   sys.o
       252         22          0         40          0          0   system_nuc472_442.o
       500         14         32          0          0          0   uart.o

    ----------------------------------------------------------------------
      3100        718        696         60       3076          0   Object Totals
         0          0         32          0          0          0   (incl. Generated)
         0          0          0          0          4          2   (incl. Padding)

    ----------------------------------------------------------------------

      Code (inc. data)   RO Data    RW Data    ZI Data      Debug   Library Member Name

         0          0          0          0          0          0   entry.o
         8          4          0          0          0          0   entry2.o
         4          0          0          0          0          0   entry5.o
         8          4          0          0          0          0   entry7.o
        30          0          0          0          0          0   handlers.o
        36          8          0          0          0          0   init.o
        30          0          0          0          0          0   llshl.o
        32          0          0          0          0          0   llushr.o
       740         54          0          0          0          0   printf5.o
       102          0          0          0          0          0   uldiv.o

    ----------------------------------------------------------------------
       996         70          0          0          0          0   Library Totals
         6          0          0          0          0          0   (incl. Padding)

    ----------------------------------------------------------------------

      Code (inc. data)   RO Data    RW Data    ZI Data      Debug   Library Name

       990         70          0          0          0        480   mc_w.l

    ----------------------------------------------------------------------
       996         70          0          0          0          0   Library Totals

    ----------------------------------------------------------------------

==============================================================================


      Code (inc. data)   RO Data    RW Data    ZI Data      Debug   

      4096        788        696         60       3076     353688   Grand Totals
      4096        788        696         60       3076     353688   ELF Image Totals
      4096        788        696         60          0          0   ROM Totals

==============================================================================

    Total RO  Size (Code + RO Data)                 4792 (   4.68kB)
    Total RW  Size (RW Data + ZI Data)              3136 (   3.06kB)
    Total ROM Size (Code + RO Data + RW Data)       4852 (   4.74kB)

==============================================================================

